Component: ARM Compiler 5.06 update 6 (build 750) Tool: armlink [4d35ed]

==============================================================================

Section Cross References

    startup_stm32f429_439xx.o(RESET) refers to startup_stm32f429_439xx.o(STACK) for __initial_sp
    startup_stm32f429_439xx.o(RESET) refers to startup_stm32f429_439xx.o(.text) for Reset_Handler
    startup_stm32f429_439xx.o(RESET) refers to stm32f4xx_it.o(i.NMI_Handler) for NMI_Handler
    startup_stm32f429_439xx.o(RESET) refers to context_rvds.o(.text) for HardFault_Handler
    startup_stm32f429_439xx.o(RESET) refers to stm32f4xx_it.o(i.MemManage_Handler) for MemManage_Handler
    startup_stm32f429_439xx.o(RESET) refers to stm32f4xx_it.o(i.BusFault_Handler) for BusFault_Handler
    startup_stm32f429_439xx.o(RESET) refers to stm32f4xx_it.o(i.UsageFault_Handler) for UsageFault_Handler
    startup_stm32f429_439xx.o(RESET) refers to stm32f4xx_it.o(i.SVC_Handler) for SVC_Handler
    startup_stm32f429_439xx.o(RESET) refers to stm32f4xx_it.o(i.DebugMon_Handler) for DebugMon_Handler
    startup_stm32f429_439xx.o(RESET) refers to board.o(i.SysTick_Handler) for SysTick_Handler
    startup_stm32f429_439xx.o(RESET) refers to stm32f429i_discovery_i2c_ee.o(i.DMA1_Stream2_IRQHandler) for DMA1_Stream2_IRQHandler
    startup_stm32f429_439xx.o(RESET) refers to stm32f429i_discovery_i2c_ee.o(i.DMA1_Stream4_IRQHandler) for DMA1_Stream4_IRQHandler
    startup_stm32f429_439xx.o(RESET) refers to stm32f4xx_it.o(i.DMA2_Stream1_IRQHandler) for DMA2_Stream1_IRQHandler
    startup_stm32f429_439xx.o(RESET) refers to stm32f4xx_it.o(i.LTDC_IRQHandler) for LTDC_IRQHandler
    startup_stm32f429_439xx.o(RESET) refers to stm32f4xx_it.o(i.DMA2D_IRQHandler) for DMA2D_IRQHandler
    startup_stm32f429_439xx.o(.text) refers to system_stm32f4xx.o(i.SystemInit) for SystemInit
    startup_stm32f429_439xx.o(.text) refers to sdram.o(i.SDRAM_Init) for SDRAM_Init
    startup_stm32f429_439xx.o(.text) refers to entry.o(.ARM.Collect$$$$00000000) for __main
    system_stm32f4xx.o(i.SystemCoreClockUpdate) refers to system_stm32f4xx.o(.data) for SystemCoreClock
    system_stm32f4xx.o(i.SystemInit) refers to system_stm32f4xx.o(i.SetSysClock) for SetSysClock
    stm32f4xx_gpio.o(i.GPIO_DeInit) refers to stm32f4xx_rcc.o(i.RCC_AHB1PeriphResetCmd) for RCC_AHB1PeriphResetCmd
    stm32f4xx_dma2d.o(i.DMA2D_DeInit) refers to stm32f4xx_rcc.o(i.RCC_AHB1PeriphResetCmd) for RCC_AHB1PeriphResetCmd
    stm32f4xx_syscfg.o(i.SYSCFG_DeInit) refers to stm32f4xx_rcc.o(i.RCC_APB2PeriphResetCmd) for RCC_APB2PeriphResetCmd
    stm32f4xx_rcc.o(i.RCC_GetClocksFreq) refers to stm32f4xx_rcc.o(.data) for APBAHBPrescTable
    stm32f4xx_rcc.o(i.RCC_WaitForHSEStartUp) refers to stm32f4xx_rcc.o(i.RCC_GetFlagStatus) for RCC_GetFlagStatus
    stm32f4xx_i2c.o(i.I2C_DeInit) refers to stm32f4xx_rcc.o(i.RCC_APB1PeriphResetCmd) for RCC_APB1PeriphResetCmd
    stm32f4xx_i2c.o(i.I2C_Init) refers to stm32f4xx_rcc.o(i.RCC_GetClocksFreq) for RCC_GetClocksFreq
    stm32f4xx_fmc.o(i.FMC_NORSRAMStructInit) refers to stm32f4xx_fmc.o(.constdata) for FMC_DefaultTimingStruct
    stm32f4xx_usart.o(i.USART_DeInit) refers to stm32f4xx_rcc.o(i.RCC_APB2PeriphResetCmd) for RCC_APB2PeriphResetCmd
    stm32f4xx_usart.o(i.USART_DeInit) refers to stm32f4xx_rcc.o(i.RCC_APB1PeriphResetCmd) for RCC_APB1PeriphResetCmd
    stm32f4xx_usart.o(i.USART_Init) refers to stm32f4xx_rcc.o(i.RCC_GetClocksFreq) for RCC_GetClocksFreq
    stm32f4xx_ltdc.o(i.LTDC_DeInit) refers to stm32f4xx_rcc.o(i.RCC_APB2PeriphResetCmd) for RCC_APB2PeriphResetCmd
    stm32f4xx_spi.o(i.SPI_I2S_DeInit) refers to stm32f4xx_rcc.o(i.RCC_APB2PeriphResetCmd) for RCC_APB2PeriphResetCmd
    stm32f4xx_spi.o(i.SPI_I2S_DeInit) refers to stm32f4xx_rcc.o(i.RCC_APB1PeriphResetCmd) for RCC_APB1PeriphResetCmd
    stm32f429i_discovery.o(i.STM_EVAL_LEDInit) refers to stm32f4xx_rcc.o(i.RCC_AHB1PeriphClockCmd) for RCC_AHB1PeriphClockCmd
    stm32f429i_discovery.o(i.STM_EVAL_LEDInit) refers to stm32f4xx_gpio.o(i.GPIO_Init) for GPIO_Init
    stm32f429i_discovery.o(i.STM_EVAL_LEDInit) refers to stm32f429i_discovery.o(.constdata) for GPIO_CLK
    stm32f429i_discovery.o(i.STM_EVAL_LEDInit) refers to stm32f429i_discovery.o(.data) for GPIO_PORT
    stm32f429i_discovery.o(i.STM_EVAL_LEDOff) refers to stm32f429i_discovery.o(.constdata) for GPIO_PIN
    stm32f429i_discovery.o(i.STM_EVAL_LEDOff) refers to stm32f429i_discovery.o(.data) for GPIO_PORT
    stm32f429i_discovery.o(i.STM_EVAL_LEDOn) refers to stm32f429i_discovery.o(.constdata) for GPIO_PIN
    stm32f429i_discovery.o(i.STM_EVAL_LEDOn) refers to stm32f429i_discovery.o(.data) for GPIO_PORT
    stm32f429i_discovery.o(i.STM_EVAL_LEDToggle) refers to stm32f429i_discovery.o(.data) for GPIO_PORT
    stm32f429i_discovery.o(i.STM_EVAL_LEDToggle) refers to stm32f429i_discovery.o(.constdata) for GPIO_PIN
[...]
    0x0800b3f2   0x0800b3f2   0x00000002   PAD
    0x0800b3f4   0x0800b3f4   0x00000074   Code   RO         5420    i._CopyBuffer       STemWin540_CM4_OS_Keil_ot.lib(guidrv_lin_32.o)
    0x0800b468   0x0800b468   0x000000aa   Code   RO         6745    i._CreateBuffer     STemWin540_CM4_OS_Keil_ot.lib(gui_sprite.o)
    0x0800b512   0x0800b512   0x00000012   Code   RO         5813    i._DeleteAllChildren  STemWin540_CM4_OS_Keil_ot.lib(wm.o)
    0x0800b524   0x0800b524   0x000000c4   Code   RO         3468    i._DemoRedraw       redraw.o
    0x0800b5e8   0x0800b5e8   0x0000059a   Code   RO         5421    i._DrawBitmap       STemWin540_CM4_OS_Keil_ot.lib(guidrv_lin_32.o)
    0x0800bb82   0x0800bb82   0x00000002   PAD
    0x0800bb84   0x0800bb84   0x00000820   Code   RO         6332    i._DrawBitmap       STemWin540_CM4_OS_Keil_ot.lib(guidev_32.o)
    0x0800c3a4   0x0800c3a4   0x0000000a   Code   RO         5422    i._DrawHLine        STemWin540_CM4_OS_Keil_ot.lib(guidrv_lin_32.o)
    0x0800c3ae   0x0800c3ae   0x0000000a   Code   RO         6333    i._DrawHLine        STemWin540_CM4_OS_Keil_ot.lib(guidev_32.o)
    0x0800c3b8   0x0800c3b8   0x0000000c   Code   RO         5423    i._DrawVLine        STemWin540_CM4_OS_Keil_ot.lib(guidrv_lin_32.o)
    0x0800c3c4   0x0800c3c4   0x000000fc   Code   RO         6334    i._DrawVLine        STemWin540_CM4_OS_Keil_ot.lib(guidev_32.o)
    0x0800c4c0   0x0800c4c0   0x00000006   Code   RO         6240    i._Encode           STemWin540_CM4_OS_Keil_ot.lib(gui_uc_encodenone.o)
    0x0800c4c6   0x0800c4c6   0x00000002   PAD
    0x0800c4c8   0x0800c4c8   0x000000d0   Code   RO         4802    i._EnlargeBlocks    STemWin540_CM4_OS_Keil_ot.lib(gui_alloc.o)
    0x0800c598   0x0800c598   0x00000154   Code   RO         5424    i._FillRect         STemWin540_CM4_OS_Keil_ot.lib(guidrv_lin_32.o)
    0x0800c6ec   0x0800c6ec   0x00000124   Code   RO         6335    i._FillRect         STemWin540_CM4_OS_Keil_ot.lib(guidev_32.o)
    0x0800c810   0x0800c810   0x0000008a   Code   RO         5815    i._Findx0           STemWin540_CM4_OS_Keil_ot.lib(wm.o)
    0x0800c89a   0x0800c89a   0x00000080   Code   RO         5816    i._Findx1           STemWin540_CM4_OS_Keil_ot.lib(wm.o)
    0x0800c91a   0x0800c91a   0x000000b4   Code   RO         5817    i._Findy1           STemWin540_CM4_OS_Keil_ot.lib(wm.o)
    0x0800c9ce   0x0800c9ce   0x00000004   Code   RO         6623    i._GUI_USAGE_BM_Delete  STemWin540_CM4_OS_Keil_ot.lib(guidev_usagebm.o)
    0x0800c9d2   0x0800c9d2   0x00000088   Code   RO         6751    i._GetBkIndexAlpha  STemWin540_CM4_OS_Keil_ot.lib(gui_sprite.o)
    0x0800ca5a   0x0800ca5a   0x00000004   Code   RO         6241    i._GetCharCode      STemWin540_CM4_OS_Keil_ot.lib(gui_uc_encodenone.o)
    0x0800ca5e   0x0800ca5e   0x00000004   Code   RO         6242    i._GetCharSize      STemWin540_CM4_OS_Keil_ot.lib(gui_uc_encodenone.o)
    0x0800ca62   0x0800ca62   0x00000002   PAD
    0x0800ca64   0x0800ca64   0x00000010   Code   RO         5425    i._GetDevData       STemWin540_CM4_OS_Keil_ot.lib(guidrv_lin_32.o)
    0x0800ca74   0x0800ca74   0x00000010   Code   RO         6336    i._GetDevData       STemWin540_CM4_OS_Keil_ot.lib(guidev_32.o)
    0x0800ca84   0x0800ca84   0x000000dc   Code   RO         5426    i._GetDevFunc       STemWin540_CM4_OS_Keil_ot.lib(guidrv_lin_32.o)
    0x0800cb60   0x0800cb60   0x00000010   Code   RO         6337    i._GetDevFunc       STemWin540_CM4_OS_Keil_ot.lib(guidev_32.o)
    0x0800cb70   0x0800cb70   0x0000003c   Code   RO         5427    i._GetDevProp       STemWin540_CM4_OS_Keil_ot.lib(guidrv_lin_32.o)
    0x0800cbac   0x0800cbac   0x0000000a   Code   RO         6338    i._GetDevProp       STemWin540_CM4_OS_Keil_ot.lib(guidev_32.o)
    0x0800cbb6   0x0800cbb6   0x00000052   Code   RO         6263    i._GetIndexMask_0   STemWin540_CM4_OS_Keil_ot.lib(guicc_0.o)
    0x0800cc08   0x0800cc08   0x00000004   Code   RO         6055    i._GetIndexMask_16  STemWin540_CM4_OS_Keil_ot.lib(guicc_16.o)
    0x0800cc0c   0x0800cc0c   0x00000004   Code   RO         4671    i._GetIndexMask_1616I  STemWin540_CM4_OS_Keil_ot.lib(guicc_1616i.o)
    0x0800cc10   0x0800cc10   0x00000004   Code   RO         4682    i._GetIndexMask_8666  STemWin540_CM4_OS_Keil_ot.lib(guicc_8666.o)
    0x0800cc14   0x0800cc14   0x00000006   Code   RO         4689    i._GetIndexMask_88666I  STemWin540_CM4_OS_Keil_ot.lib(guicc_88666i.o)
    0x0800cc1a   0x0800cc1a   0x00000006   Code   RO         6583    i._GetIndexMask_8888  STemWin540_CM4_OS_Keil_ot.lib(guicc_8888.o)
    0x0800cc20   0x0800cc20   0x00000006   Code   RO         4701    i._GetIndexMask_M1555I  STemWin540_CM4_OS_Keil_ot.lib(guicc_m1555i.o)
    0x0800cc26   0x0800cc26   0x00000006   Code   RO         4715    i._GetIndexMask_M4444I  STemWin540_CM4_OS_Keil_ot.lib(guicc_m4444i.o)
    0x0800cc2c   0x0800cc2c   0x00000006   Code   RO         5198    i._GetIndexMask_M565  STemWin540_CM4_OS_Keil_ot.lib(guicc_m565.o)
    0x0800cc32   0x0800cc32   0x00000006   Code   RO         5211    i._GetIndexMask_M888  STemWin540_CM4_OS_Keil_ot.lib(guicc_m888.o)
    0x0800cc38   0x0800cc38   0x00000006   Code   RO         4729    i._GetIndexMask_M8888I  STemWin540_CM4_OS_Keil_ot.lib(guicc_m8888i.o)
    0x0800cc3e   0x0800cc3e   0x00000010   Code   RO         5428    i._GetPixelIndex    STemWin540_CM4_OS_Keil_ot.lib(guidrv_lin_32.o)
    0x0800cc4e   0x0800cc4e   0x00000002   PAD
    0x0800cc50   0x0800cc50   0x0000003c   Code   RO         6339    i._GetPixelIndex    STemWin540_CM4_OS_Keil_ot.lib(guidev_32.o)
    0x0800cc8c   0x0800cc8c   0x00000030   Code   RO         5429    i._GetPos           STemWin540_CM4_OS_Keil_ot.lib(guidrv_lin_32.o)
    0x0800ccbc   0x0800ccbc   0x00000016   Code   RO         5430    i._GetRect          STemWin540_CM4_OS_Keil_ot.lib(guidrv_lin_32.o)
    0x0800ccd2   0x0800ccd2   0x00000034   Code   RO         6340    i._GetRect          STemWin540_CM4_OS_Keil_ot.lib(guidev_32.o)
    0x0800cd06   0x0800cd06   0x00000002   PAD
    0x0800cd08   0x0800cd08   0x000000a8   Code   RO         5199    i._Index2ColorBulk  STemWin540_CM4_OS_Keil_ot.lib(guicc_m565.o)
    0x0800cdb0   0x0800cdb0   0x00000078   Code   RO         5212    i._Index2ColorBulk  STemWin540_CM4_OS_Keil_ot.lib(guicc_m888.o)
    0x0800ce28   0x0800ce28   0x0000005c   Code   RO         6584    i._Index2ColorBulk  STemWin540_CM4_OS_Keil_ot.lib(guicc_8888.o)
    0x0800ce84   0x0800ce84   0x0000004c   Code   RO         4672    i._Index2ColorBulk_1616I  STemWin540_CM4_OS_Keil_ot.lib(guicc_1616i.o)
    0x0800ced0   0x0800ced0   0x00000044   Code   RO         4690    i._Index2ColorBulk_88666I  STemWin540_CM4_OS_Keil_ot.lib(guicc_88666i.o)
    0x0800cf14   0x0800cf14   0x000000c0   Code   RO         4702    i._Index2ColorBulk_M1555I  STemWin540_CM4_OS_Keil_ot.lib(guicc_m1555i.o)
    0x0800cfd4   0x0800cfd4   0x0000001c   Code   RO         3139    i._Index2ColorBulk_M1555IDMA2D  guidrv_stm32f429i_discovery.o
    0x0800cff0   0x0800cff0   0x000000bc   Code   RO         4716    i._Index2ColorBulk_M4444I  STemWin540_CM4_OS_Keil_ot.lib(guicc_m4444i.o)
    0x0800d0ac   0x0800d0ac   0x0000001c   Code   RO         3140    i._Index2ColorBulk_M4444IDMA2D  guidrv_stm32f429i_discovery.o
    0x0800d0c8   0x0800d0c8   0x0000001c   Code   RO         3141    i._Index2ColorBulk_M565DMA2D  guidrv_stm32f429i_discovery.o
    0x0800d0e4   0x0800d0e4   0x00000098   Code   RO         4730    i._Index2ColorBulk_M8888I  STemWin540_CM4_OS_Keil_ot.lib(guicc_m8888i.o)
    0x0800d17c   0x0800d17c   0x0000001c   Code   RO         3142    i._Index2ColorBulk_M8888IDMA2D  guidrv_stm32f429i_discovery.o
    0x0800d198   0x0800d198   0x0000001c   Code   RO         3143    i._Index2ColorBulk_M888DMA2D  guidrv_stm32f429i_discovery.o
    0x0800d1b4   0x0800d1b4   0x00000020   Code   RO         6264    i._Index2Color_0    STemWin540_CM4_OS_Keil_ot.lib(guicc_0.o)
    0x0800d1d4   0x0800d1d4   0x00000036   Code   RO         6056    i._Index2Color_16   STemWin540_CM4_OS_Keil_ot.lib(guicc_16.o)
    0x0800d20a   0x0800d20a   0x00000002   PAD
    0x0800d20c   0x0800d20c   0x00000028   Code   RO         4673    i._Index2Color_1616I  STemWin540_CM4_OS_Keil_ot.lib(guicc_1616i.o)
    0x0800d234   0x0800d234   0x00000020   Code   RO         4691    i._Index2Color_88666I  STemWin540_CM4_OS_Keil_ot.lib(guicc_88666i.o)
    0x0800d254   0x0800d254   0x00000034   Code   RO         4703    i._Index2Color_M1555I  STemWin540_CM4_OS_Keil_ot.lib(guicc_m1555i.o)
    0x0800d288   0x0800d288   0x00000030   Code   RO         4717    i._Index2Color_M4444I  STemWin540_CM4_OS_Keil_ot.lib(guicc_m4444i.o)
    0x0800d2b8   0x0800d2b8   0x00000032   Code   RO         5431    i._Init             STemWin540_CM4_OS_Keil_ot.lib(guidrv_lin_32.o)
    0x0800d2ea   0x0800d2ea   0x00000002   PAD
    0x0800d2ec   0x0800d2ec   0x000000b8   Code   RO         4803    i._InitOnce         STemWin540_CM4_OS_Keil_ot.lib(gui_alloc.o)
    0x0800d3a4   0x0800d3a4   0x000000f4   Code   RO         5818    i._Invalidate1Abs   STemWin540_CM4_OS_Keil_ot.lib(wm.o)
    0x0800d498   0x0800d498   0x0000006c   Code   RO         3144    i._LCD_GetpPalConvTable  guidrv_stm32f429i_discovery.o
    0x0800d504   0x0800d504   0x00000002   Code   RO         6162    i._Log2VisBuffered  STemWin540_CM4_OS_Keil_ot.lib(gui_charline.o)
    0x0800d506   0x0800d506   0x00000002   PAD
    0x0800d508   0x0800d508   0x00000040   Code   RO         6047    i._MULTIBUF_Begin   STemWin540_CM4_OS_Keil_ot.lib(wm_multibuf.o)
    0x0800d548   0x0800d548   0x00000040   Code   RO         6048    i._MULTIBUF_End     STemWin540_CM4_OS_Keil_ot.lib(wm_multibuf.o)
    0x0800d588   0x0800d588   0x0000007a   Code   RO         6039    i._MoveDescendents  STemWin540_CM4_OS_Keil_ot.lib(wm_move.o)
    0x0800d602   0x0800d602   0x00000002   PAD
    0x0800d604   0x0800d604   0x00000070   Code   RO         3469    i._MoveWindow       redraw.o
    0x0800d674   0x0800d674   0x0000000a   Code   RO         5432    i._Off              STemWin540_CM4_OS_Keil_ot.lib(guidrv_lin_32.o)
    0x0800d67e   0x0800d67e   0x0000000a   Code   RO         5433    i._On               STemWin540_CM4_OS_Keil_ot.lib(guidrv_lin_32.o)
    0x0800d688   0x0800d688   0x00000028   Code   RO         4748    i._OnExit           STemWin540_CM4_OS_Keil_ot.lib(gui__alpha.o)
    0x0800d6b0   0x0800d6b0   0x00000038   Code   RO         5033    i._OnExit           STemWin540_CM4_OS_Keil_ot.lib(gui_core.o)
    0x0800d6e8   0x0800d6e8   0x0000004c   Code   RO         5128    i._OnExit           STemWin540_CM4_OS_Keil_ot.lib(gui_multibuf.o)
    0x0800d734   0x0800d734   0x00000018   Code   RO         5155    i._OnExit           STemWin540_CM4_OS_Keil_ot.lib(gui_pid.o)
    0x0800d74c   0x0800d74c   0x00000018   Code   RO         5268    i._OnExit           STemWin540_CM4_OS_Keil_ot.lib(lcd_color.o)
    0x0800d764   0x0800d764   0x00000078   Code   RO         5819    i._OnExit           STemWin540_CM4_OS_Keil_ot.lib(wm.o)
    0x0800d7dc   0x0800d7dc   0x00000014   Code   RO         6212    i._OnExit           STemWin540_CM4_OS_Keil_ot.lib(gui_task.o)
    0x0800d7f0   0x0800d7f0   0x00000140   Code   RO         5820    i._PaintTransChildren  STemWin540_CM4_OS_Keil_ot.lib(wm.o)
    0x0800d930   0x0800d930   0x0000006e   Code   RO         5434    i._ReadRect         STemWin540_CM4_OS_Keil_ot.lib(guidrv_lin_32.o)
    0x0800d99e   0x0800d99e   0x00000084   Code   RO         6759    i._ReleaseBuffer    STemWin540_CM4_OS_Keil_ot.lib(gui_sprite.o)
    0x0800da22   0x0800da22   0x00000002   PAD
    0x0800da24   0x0800da24   0x0000005c   Code   RO         4804    i._RemoveFreeBlock  STemWin540_CM4_OS_Keil_ot.lib(gui_alloc.o)
    0x0800da80   0x0800da80   0x000000d0   Code   RO         4805    i._RemoveHoles      STemWin540_CM4_OS_Keil_ot.lib(gui_alloc.o)
    0x0800db50   0x0800db50   0x00000080   Code   RO         6652    i._Screen2hWin      STemWin540_CM4_OS_Keil_ot.lib(wm_screen2win.o)
    0x0800dbd0   0x0800dbd0   0x00000036   Code   RO         5435    i._SetAlpha         STemWin540_CM4_OS_Keil_ot.lib(guidrv_lin_32.o)
    0x0800dc06   0x0800dc06   0x00000010   Code   RO         5436    i._SetAlphaMode     STemWin540_CM4_OS_Keil_ot.lib(guidrv_lin_32.o)
    0x0800dc16   0x0800dc16   0x00000002   PAD
    0x0800dc18   0x0800dc18   0x00000038   Code   RO         5235    i._SetBkColor       STemWin540_CM4_OS_Keil_ot.lib(lcd.o)
    0x0800dc50   0x0800dc50   0x000000b8   Code   RO         6761    i._SetBkIndexBuffered  STemWin540_CM4_OS_Keil_ot.lib(gui_sprite.o)
    0x0800dd08   0x0800dd08   0x00000016   Code   RO         5437    i._SetChroma        STemWin540_CM4_OS_Keil_ot.lib(guidrv_lin_32.o)
    0x0800dd1e   0x0800dd1e   0x00000010   Code   RO         5438    i._SetChromaMode    STemWin540_CM4_OS_Keil_ot.lib(guidrv_lin_32.o)
    0x0800dd2e   0x0800dd2e   0x00000002   PAD
    0x0800dd30   0x0800dd30   0x00000038   Code   RO         5236    i._SetColor         STemWin540_CM4_OS_Keil_ot.lib(lcd.o)
    0x0800dd68   0x0800dd68   0x00000060   Code   RO         5439    i._SetDevFunc       STemWin540_CM4_OS_Keil_ot.lib(guidrv_lin_32.o)
    0x0800ddc8   0x0800ddc8   0x00000038   Code   RO         5237    i._SetDrawMode      STemWin540_CM4_OS_Keil_ot.lib(lcd.o)
    0x0800de00   0x0800de00   0x000000b8   Code   RO         5440    i._SetOrg           STemWin540_CM4_OS_Keil_ot.lib(guidrv_lin_32.o)
    0x0800deb8   0x0800deb8   0x00000008   Code   RO         6341    i._SetOrg           STemWin540_CM4_OS_Keil_ot.lib(guidev_32.o)
    0x0800dec0   0x0800dec0   0x00000012   Code   RO         5441    i._SetPixelIndex    STemWin540_CM4_OS_Keil_ot.lib(guidrv_lin_32.o)
    0x0800ded2   0x0800ded2   0x00000002   PAD
    0x0800ded4   0x0800ded4   0x00000070   Code   RO         6342    i._SetPixelIndex    STemWin540_CM4_OS_Keil_ot.lib(guidev_32.o)
    0x0800df44   0x0800df44   0x0000016e   Code   RO         5442    i._SetPos           STemWin540_CM4_OS_Keil_ot.lib(guidrv_lin_32.o)
    0x0800e0b2   0x0800e0b2   0x0000005a   Code   RO         5443    i._SetSize          STemWin540_CM4_OS_Keil_ot.lib(guidrv_lin_32.o)
    0x0800e10c   0x0800e10c   0x00000038   Code   RO         5444    i._SetVRAMAddr      STemWin540_CM4_OS_Keil_ot.lib(guidrv_lin_32.o)
    0x0800e144   0x0800e144   0x00000040   Code   RO         5445    i._SetVSize         STemWin540_CM4_OS_Keil_ot.lib(guidrv_lin_32.o)
    0x0800e184   0x0800e184   0x00000036   Code   RO         5446    i._SetVis           STemWin540_CM4_OS_Keil_ot.lib(guidrv_lin_32.o)
    0x0800e1ba   0x0800e1ba   0x00000034   Code   RO         5447    i._ShowBuffer       STemWin540_CM4_OS_Keil_ot.lib(guidrv_lin_32.o)
    0x0800e1ee   0x0800e1ee   0x00000034   Code   RO         5448    i._XorPixel         STemWin540_CM4_OS_Keil_ot.lib(guidrv_lin_32.o)
    0x0800e222   0x0800e222   0x00000002   PAD
    0x0800e224   0x0800e224   0x0000007c   Code   RO         6343    i._XorPixel         STemWin540_CM4_OS_Keil_ot.lib(guidev_32.o)
    0x0800e2a0   0x0800e2a0   0x00000020   Code   RO         6913    i.__0printf$1       mc_w.l(printf1.o)
    0x0800e2c0   0x0800e2c0   0x0000004c   Code   RO         3929    i.__rt_ffs          kservice.o
    0x0800e30c   0x0800e30c   0x0000000e   Code   RO         7201    i.__scatterload_copy  mc_w.l(handlers.o)
    0x0800e31a   0x0800e31a   0x00000002   Code   RO         7202    i.__scatterload_null  mc_w.l(handlers.o)
    0x0800e31c   0x0800e31c   0x0000000e   Code   RO         7203    i.__scatterload_zeroinit  mc_w.l(handlers.o)
    0x0800e32a   0x0800e32a   0x00000002   PAD
    0x0800e32c   0x0800e32c   0x000000a0   Code   RO         5821    i._cbBackWin        STemWin540_CM4_OS_Keil_ot.lib(wm.o)
    0x0800e3cc   0x0800e3cc   0x00000026   Code   RO         3470    i._cbBkWindow       redraw.o
    0x0800e3f2   0x0800e3f2   0x00000002   PAD
    0x0800e3f4   0x0800e3f4   0x00000044   Code   RO         5822    i._cbPaintMemDev    STemWin540_CM4_OS_Keil_ot.lib(wm.o)
    0x0800e438   0x0800e438   0x00000068   Code   RO         3471    i._cbWindow         redraw.o
    0x0800e4a0   0x0800e4a0   0x00000014   Code   RO         3607    i._has_defunct_thread  idle.o
    0x0800e4b4   0x0800e4b4   0x00000154   Code   RO         6920    i._printf_core      mc_w.l(printf1.o)
    0x0800e608   0x0800e608   0x0000009c   Code   RO         4365    i._rt_thread_init   thread.o
    0x0800e6a4   0x0800e6a4   0x00000042   Code   RO         4506    i._rt_timer_init    timer.o
    0x0800e6e6   0x0800e6e6   0x0000002e   Code   RO         4507    i._rt_timer_remove  timer.o
    0x0800e714   0x0800e714   0x00000024   Code   RO         2200    i.delay             stm32f429i_discovery_ioe.o
    0x0800e738   0x0800e738   0x0000001c   Code   RO         2679    i.delay             lcd_rgb.o
    0x0800e754   0x0800e754   0x00000024   Code   RO         2757    i.delay             sdram.o
    0x0800e778   0x0800e778   0x000000c0   Code   RO         5238    i.emWin_LCD_Init    STemWin540_CM4_OS_Keil_ot.lib(lcd.o)
    0x0800e838   0x0800e838   0x00000024   Code   RO         2599    i.fputc             usart.o
    0x0800e85c   0x0800e85c   0x00000078   Code   RO         2897    i.main              main.o
    0x0800e8d4   0x0800e8d4   0x0000000e   Code   RO         3534    i.main_thread_entry  components.o
    0x0800e8e2   0x0800e8e2   0x00000002   PAD
    0x0800e8e4   0x0800e8e4   0x0000006c   Code   RO         7130    i.malloc            mc_w.l(malloc.o)
    0x0800e950   0x0800e950   0x00000078   Code   RO         4106    i.plug_holes        mem.o
    0x0800e9c8   0x0800e9c8   0x00000198   Code   RO         3931    i.print_number      kservice.o
    0x0800eb60   0x0800eb60   0x00000030   Code   RO         3535    i.rt_application_init  components.o
    0x0800eb90   0x0800eb90   0x0000001c   Code   RO         3536    i.rt_components_board_init  components.o
    0x0800ebac   0x0800ebac   0x0000001c   Code   RO         3537    i.rt_components_init  components.o
    0x0800ebc8   0x0800ebc8   0x00000020   Code   RO         4287    i.rt_enter_critical  scheduler.o
    0x0800ebe8   0x0800ebe8   0x0000003c   Code   RO         4288    i.rt_exit_critical  scheduler.o
    0x0800ec24   0x0800ec24   0x000000f8   Code   RO         4108    i.rt_free           mem.o
    0x0800ed1c   0x0800ed1c   0x00000008   Code   RO         3008    i.rt_heap_begin_get  board.o
    0x0800ed24   0x0800ed24   0x00000008   Code   RO         3009    i.rt_heap_end_get   board.o
    0x0800ed2c   0x0800ed2c   0x0000007c   Code   RO         3010    i.rt_hw_board_init  board.o
    0x0800eda8   0x0800eda8   0x00000050   Code   RO         3011    i.rt_hw_console_output  board.o
    0x0800edf8   0x0800edf8   0x00000224   Code   RO         4633    i.rt_hw_hard_fault_exception  cpuport.o
    0x0800f01c   0x0800f01c   0x00000050   Code   RO         4634    i.rt_hw_stack_init  cpuport.o
    0x0800f06c   0x0800f06c   0x00000034   Code   RO         3890    i.rt_interrupt_enter  irq.o
    0x0800f0a0   0x0800f0a0   0x00000034   Code   RO         3893    i.rt_interrupt_leave  irq.o
    0x0800f0d4   0x0800f0d4   0x00000014   Code   RO         3659    i.rt_ipc_list_resume  ipc.o
    0x0800f0e8   0x0800f0e8   0x0000006c   Code   RO         3661    i.rt_ipc_list_suspend  ipc.o
    0x0800f154   0x0800f154   0x00000010   Code   RO         3662    i.rt_ipc_object_init  ipc.o
    0x0800f164   0x0800f164   0x00000030   Code   RO         3935    i.rt_kprintf        kservice.o
    0x0800f194   0x0800f194   0x00000006   Code   RO         3663    i.rt_list_init      ipc.o
    0x0800f19a   0x0800f19a   0x00000006   Code   RO         4289    i.rt_list_init      scheduler.o
    0x0800f1a0   0x0800f1a0   0x00000006   Code   RO         4508    i.rt_list_init      timer.o
    0x0800f1a6   0x0800f1a6   0x0000000e   Code   RO         4180    i.rt_list_insert_after  object.o
    0x0800f1b4   0x0800f1b4   0x0000000e   Code   RO         4366    i.rt_list_insert_after  thread.o
    0x0800f1c2   0x0800f1c2   0x0000000e   Code   RO         4509    i.rt_list_insert_after  timer.o
    0x0800f1d0   0x0800f1d0   0x0000000e   Code   RO         3664    i.rt_list_insert_before  ipc.o
    0x0800f1de   0x0800f1de   0x00000010   Code   RO         3665    i.rt_list_isempty   ipc.o
    0x0800f1ee   0x0800f1ee   0x00000010   Code   RO         4510    i.rt_list_isempty   timer.o
    0x0800f1fe   0x0800f1fe   0x00000012   Code   RO         4181    i.rt_list_remove    object.o
    0x0800f210   0x0800f210   0x00000012   Code   RO         4367    i.rt_list_remove    thread.o
    0x0800f222   0x0800f222   0x00000002   PAD
    0x0800f224   0x0800f224   0x00000188   Code   RO         4110    i.rt_malloc         mem.o
    0x0800f3ac   0x0800f3ac   0x00000048   Code   RO         3941    i.rt_memset         kservice.o
    0x0800f3f4   0x0800f3f4   0x0000006c   Code   RO         4182    i.rt_object_allocate  object.o
    0x0800f460   0x0800f460   0x0000003c   Code   RO         4184    i.rt_object_delete  object.o
    0x0800f49c   0x0800f49c   0x00000034   Code   RO         4185    i.rt_object_detach  object.o
    0x0800f4d0   0x0800f4d0   0x00000028   Code   RO         4188    i.rt_object_get_information  object.o
    0x0800f4f8   0x0800f4f8   0x00000054   Code   RO         4190    i.rt_object_init    object.o
    0x0800f54c   0x0800f54c   0x00000012   Code   RO         4191    i.rt_object_is_systemobject  object.o
    0x0800f55e   0x0800f55e   0x00000002   PAD
    0x0800f560   0x0800f560   0x000000a8   Code   RO         4290    i.rt_schedule       scheduler.o
    0x0800f608   0x0800f608   0x00000050   Code   RO         4291    i.rt_schedule_insert_thread  scheduler.o
    0x0800f658   0x0800f658   0x00000054   Code   RO         4292    i.rt_schedule_remove_thread  scheduler.o
    0x0800f6ac   0x0800f6ac   0x0000002a   Code   RO         3690    i.rt_sem_create     ipc.o
    0x0800f6d6   0x0800f6d6   0x00000026   Code   RO         3693    i.rt_sem_init       ipc.o
    0x0800f6fc   0x0800f6fc   0x00000050   Code   RO         3694    i.rt_sem_release    ipc.o
    0x0800f74c   0x0800f74c   0x000000a0   Code   RO         3695    i.rt_sem_take       ipc.o
    0x0800f7ec   0x0800f7ec   0x000000b0   Code   RO         3943    i.rt_show_version   kservice.o
    0x0800f89c   0x0800f89c   0x00000012   Code   RO         3949    i.rt_strlen         kservice.o
    0x0800f8ae   0x0800f8ae   0x00000034   Code   RO         3951    i.rt_strncpy        kservice.o
    0x0800f8e2   0x0800f8e2   0x00000002   PAD
    0x0800f8e4   0x0800f8e4   0x000000f8   Code   RO         4114    i.rt_system_heap_init  mem.o
    0x0800f9dc   0x0800f9dc   0x0000004c   Code   RO         4294    i.rt_system_scheduler_init  scheduler.o
    0x0800fa28   0x0800fa28   0x00000030   Code   RO         4295    i.rt_system_scheduler_start  scheduler.o
    0x0800fa58   0x0800fa58   0x0000001c   Code   RO         4511    i.rt_system_timer_init  timer.o
    0x0800fa74   0x0800fa74   0x00000002   Code   RO         4512    i.rt_system_timer_thread_init  timer.o
    0x0800fa76   0x0800fa76   0x00000050   Code   RO         4369    i.rt_thread_create  thread.o
    0x0800fac6   0x0800fac6   0x0000000c   Code   RO         4370    i.rt_thread_delay   thread.o
    0x0800fad2   0x0800fad2   0x00000002   PAD
    0x0800fad4   0x0800fad4   0x00000054   Code   RO         4373    i.rt_thread_exit    thread.o
    0x0800fb28   0x0800fb28   0x00000028   Code   RO         3609    i.rt_thread_idle_entry  idle.o
    0x0800fb50   0x0800fb50   0x00000084   Code   RO         3610    i.rt_thread_idle_excute  idle.o
    0x0800fbd4   0x0800fbd4   0x0000003c   Code   RO         3612    i.rt_thread_idle_init  idle.o
    0x0800fc10   0x0800fc10   0x00000034   Code   RO         4375    i.rt_thread_init    thread.o
    0x0800fc44   0x0800fc44   0x00000054   Code   RO         4378    i.rt_thread_resume  thread.o
    0x0800fc98   0x0800fc98   0x0000000c   Code   RO         4380    i.rt_thread_self    thread.o
    0x0800fca4   0x0800fca4   0x00000044   Code   RO         4381    i.rt_thread_sleep   thread.o
    0x0800fce8   0x0800fce8   0x0000002c   Code   RO         4382    i.rt_thread_startup  thread.o
    0x0800fd14   0x0800fd14   0x0000005c   Code   RO         4383    i.rt_thread_suspend  thread.o
    0x0800fd70   0x0800fd70   0x00000020   Code   RO         4385    i.rt_thread_timeout  thread.o
    0x0800fd90   0x0800fd90   0x00000064   Code   RO         4386    i.rt_thread_yield   thread.o
    0x0800fdf4   0x0800fdf4   0x0000000c   Code   RO         3497    i.rt_tick_get       clock.o
    0x0800fe00   0x0800fe00   0x00000030   Code   RO         3498    i.rt_tick_increase  clock.o
    0x0800fe30   0x0800fe30   0x000000a8   Code   RO         4513    i.rt_timer_check    timer.o
    0x0800fed8   0x0800fed8   0x00000038   Code   RO         4514    i.rt_timer_control  timer.o
    0x0800ff10   0x0800ff10   0x00000020   Code   RO         4517    i.rt_timer_detach   timer.o
    0x0800ff30   0x0800ff30   0x0000002e   Code   RO         4520    i.rt_timer_init     timer.o
    0x0800ff5e   0x0800ff5e   0x00000002   PAD
    0x0800ff60   0x0800ff60   0x0000010c   Code   RO         4523    i.rt_timer_start    timer.o
    0x0801006c   0x0801006c   0x00000048   Code   RO         4524    i.rt_timer_stop     timer.o
    0x080100b4   0x080100b4   0x00000328   Code   RO         3954    i.rt_vsnprintf      kservice.o
    0x080103dc   0x080103dc   0x00000004   Code   RO         3538    i.rti_board_end     components.o
    0x080103e0   0x080103e0   0x00000004   Code   RO         3539    i.rti_board_start   components.o
    0x080103e4   0x080103e4   0x00000004   Code   RO         3540    i.rti_end           components.o
    0x080103e8   0x080103e8   0x00000004   Code   RO         3541    i.rti_start         components.o
    0x080103ec   0x080103ec   0x0000002a   Code   RO         3542    i.rtthread_startup  components.o
    0x08010416   0x08010416   0x00000004   Code   RO         2100    i.sEE_TIMEOUT_UserCallback  stm32f429i_discovery_i2c_ee.o
    0x0801041a   0x0801041a   0x00000026   Code   RO         3956    i.skip_atoi         kservice.o
    0x08010440   0x08010440   0x00000122   Data   RO         3958    .constdata          kservice.o
    0x08010562   0x08010562   0x00000002   PAD
    0x08010564   0x08010564   0x00000018   Data   RO         4674    .constdata          STemWin540_CM4_OS_Keil_ot.lib(guicc_1616i.o)
    0x0801057c   0x0801057c   0x00000018   Data   RO         4683    .constdata          STemWin540_CM4_OS_Keil_ot.lib(guicc_8666.o)
    0x08010594   0x08010594   0x00000018   Data   RO         4692    .constdata          STemWin540_CM4_OS_Keil_ot.lib(guicc_88666i.o)
    0x080105ac   0x080105ac   0x00000018   Data   RO         4704    .constdata          STemWin540_CM4_OS_Keil_ot.lib(guicc_m1555i.o)
    0x080105c4   0x080105c4   0x00000018   Data   RO         4718    .constdata          STemWin540_CM4_OS_Keil_ot.lib(guicc_m4444i.o)
    0x080105dc   0x080105dc   0x00000018   Data   RO         4731    .constdata          STemWin540_CM4_OS_Keil_ot.lib(guicc_m8888i.o)
    0x080105f4   0x080105f4   0x00000008   Data   RO         5035    .constdata          STemWin540_CM4_OS_Keil_ot.lib(gui_core.o)
    0x080105fc   0x080105fc   0x00000018   Data   RO         5200    .constdata          STemWin540_CM4_OS_Keil_ot.lib(guicc_m565.o)
    0x08010614   0x08010614   0x00000018   Data   RO         5213    .constdata          STemWin540_CM4_OS_Keil_ot.lib(guicc_m888.o)
    0x0801062c   0x0801062c   0x0000000c   Data   RO         5239    .constdata          STemWin540_CM4_OS_Keil_ot.lib(lcd.o)
    0x08010638   0x08010638   0x00000034   Data   RO         5449    .constdata          STemWin540_CM4_OS_Keil_ot.lib(guidrv_lin_32.o)
    0x0801066c   0x0801066c   0x00000010   Data   RO         5479    .constdata          STemWin540_CM4_OS_Keil_ot.lib(f16_ascii.o)
    0x0801067c   0x0801067c   0x00000010   Data   RO         5480    .constdata          STemWin540_CM4_OS_Keil_ot.lib(f16_ascii.o)
    0x0801068c   0x0801068c   0x00000010   Data   RO         5481    .constdata          STemWin540_CM4_OS_Keil_ot.lib(f16_ascii.o)
    0x0801069c   0x0801069c   0x00000010   Data   RO         5482    .constdata          STemWin540_CM4_OS_Keil_ot.lib(f16_ascii.o)
    0x080106ac   0x080106ac   0x00000010   Data   RO         5483    .constdata          STemWin540_CM4_OS_Keil_ot.lib(f16_ascii.o)
    0x080106bc   0x080106bc   0x00000020   Data   RO         5484    .constdata          STemWin540_CM4_OS_Keil_ot.lib(f16_ascii.o)
    0x080106dc   0x080106dc   0x00000020   Data   RO         5485    .constdata          STemWin540_CM4_OS_Keil_ot.lib(f16_ascii.o)
    0x080106fc   0x080106fc   0x00000010   Data   RO         5486    .constdata          STemWin540_CM4_OS_Keil_ot.lib(f16_ascii.o)
    0x0801070c   0x0801070c   0x00000010   Data   RO         5487    .constdata          STemWin540_CM4_OS_Keil_ot.lib(f16_ascii.o)
    0x0801071c   0x0801071c   0x00000010   Data   RO         5488    .constdata          STemWin540_CM4_OS_Keil_ot.lib(f16_ascii.o)
    0x0801072c   0x0801072c   0x00000010   Data   RO         5489    .constdata          STemWin540_CM4_OS_Keil_ot.lib(f16_ascii.o)
    0x0801073c   0x0801073c   0x00000010   Data   RO         5490    .constdata          STemWin540_CM4_OS_Keil_ot.lib(f16_ascii.o)
    0x0801074c   0x0801074c   0x00000010   Data   RO         5491    .constdata          STemWin540_CM4_OS_Keil_ot.lib(f16_ascii.o)
    0x0801075c   0x0801075c   0x00000010   Data   RO         5492    .constdata          STemWin540_CM4_OS_Keil_ot.lib(f16_ascii.o)
    0x0801076c   0x0801076c   0x00000010   Data   RO         5493    .constdata          STemWin540_CM4_OS_Keil_ot.lib(f16_ascii.o)
    0x0801077c   0x0801077c   0x00000010   Data   RO         5494    .constdata          STemWin540_CM4_OS_Keil_ot.lib(f16_ascii.o)
    0x0801078c   0x0801078c   0x00000010   Data   RO         5495    .constdata          STemWin540_CM4_OS_Keil_ot.lib(f16_ascii.o)
    0x0801079c   0x0801079c   0x00000010   Data   RO         5496    .constdata          STemWin540_CM4_OS_Keil_ot.lib(f16_ascii.o)
    0x080107ac   0x080107ac   0x00000010   Data   RO         5497    .constdata          STemWin540_CM4_OS_Keil_ot.lib(f16_ascii.o)
    0x080107bc   0x080107bc   0x00000010   Data   RO         5498    .constdata          STemWin540_CM4_OS_Keil_ot.lib(f16_ascii.o)
    0x080107cc   0x080107cc   0x00000010   Data   RO         5499    .constdata          STemWin540_CM4_OS_Keil_ot.lib(f16_ascii.o)
    0x080107dc   0x080107dc   0x00000010   Data   RO         5500    .constdata          STemWin540_CM4_OS_Keil_ot.lib(f16_ascii.o)
    0x080107ec   0x080107ec   0x00000010   Data   RO         5501    .constdata          STemWin540_CM4_OS_Keil_ot.lib(f16_ascii.o)
    0x080107fc   0x080107fc   0x00000010   Data   RO         5502    .constdata          STemWin540_CM4_OS_Keil_ot.lib(f16_ascii.o)
    0x0801080c   0x0801080c   0x00000010   Data   RO         5503    .constdata          STemWin540_CM4_OS_Keil_ot.lib(f16_ascii.o)
    0x0801081c   0x0801081c   0x00000010   Data   RO         5504    .constdata          STemWin540_CM4_OS_Keil_ot.lib(f16_ascii.o)
    0x0801082c   0x0801082c   0x00000010   Data   RO         5505    .constdata          STemWin540_CM4_OS_Keil_ot.lib(f16_ascii.o)
    0x0801083c   0x0801083c   0x00000010   Data   RO         5506    .constdata          STemWin540_CM4_OS_Keil_ot.lib(f16_ascii.o)
    0x0801084c   0x0801084c   0x00000010   Data   RO         5507    .constdata          STemWin540_CM4_OS_Keil_ot.lib(f16_ascii.o)
    0x0801085c   0x0801085c   0x00000010   Data   RO         5508    .constdata          STemWin540_CM4_OS_Keil_ot.lib(f16_ascii.o)
    0x0801086c   0x0801086c   0x00000010   Data   RO         5509    .constdata          STemWin540_CM4_OS_Keil_ot.lib(f16_ascii.o)
    0x0801087c   0x0801087c   0x00000010   Data   RO         5510    .constdata          STemWin540_CM4_OS_Keil_ot.lib(f16_ascii.o)
    0x0801088c   0x0801088c   0x00000020   Data   RO         5511    .constdata          STemWin540_CM4_OS_Keil_ot.lib(f16_ascii.o)
    0x080108ac   0x080108ac   0x00000020   Data   RO         5512    .constdata          STemWin540_CM4_OS_Keil_ot.lib(f16_ascii.o)
    0x080108cc   0x080108cc   0x00000020   Data   RO         5513    .constdata          STemWin540_CM4_OS_Keil_ot.lib(f16_ascii.o)
    0x080108ec   0x080108ec   0x00000020   Data   RO         5514    .constdata          STemWin540_CM4_OS_Keil_ot.lib(f16_ascii.o)
    0x0801090c   0x0801090c   0x00000020   Data   RO         5515    .constdata          STemWin540_CM4_OS_Keil_ot.lib(f16_ascii.o)
    0x0801092c   0x0801092c   0x00000020   Data   RO         5516    .constdata          STemWin540_CM4_OS_Keil_ot.lib(f16_ascii.o)
    0x0801094c   0x0801094c   0x00000010   Data   RO         5517    .constdata          STemWin540_CM4_OS_Keil_ot.lib(f16_ascii.o)
    0x0801095c   0x0801095c   0x00000020   Data   RO         5518    .constdata          STemWin540_CM4_OS_Keil_ot.lib(f16_ascii.o)
    0x0801097c   0x0801097c   0x00000020   Data   RO         5519    .constdata          STemWin540_CM4_OS_Keil_ot.lib(f16_ascii.o)
    0x0801099c   0x0801099c   0x00000010   Data   RO         5520    .constdata          STemWin540_CM4_OS_Keil_ot.lib(f16_ascii.o)
    0x080109ac   0x080109ac   0x00000010   Data   RO         5521    .constdata          STemWin540_CM4_OS_Keil_ot.lib(f16_ascii.o)
    0x080109bc   0x080109bc   0x00000020   Data   RO         5522    .constdata          STemWin540_CM4_OS_Keil_ot.lib(f16_ascii.o)
    0x080109dc   0x080109dc   0x00000010   Data   RO         5523    .constdata          STemWin540_CM4_OS_Keil_ot.lib(f16_ascii.o)
    0x080109ec   0x080109ec   0x00000020   Data   RO         5524    .constdata          STemWin540_CM4_OS_Keil_ot.lib(f16_ascii.o)
    0x08010a0c   0x08010a0c   0x00000020   Data   RO         5525    .constdata          STemWin540_CM4_OS_Keil_ot.lib(f16_ascii.o)
    0x08010a2c   0x08010a2c   0x00000020   Data   RO         5526    .constdata          STemWin540_CM4_OS_Keil_ot.lib(f16_ascii.o)
    0x08010a4c   0x08010a4c   0x00000020   Data   RO         5527    .constdata          STemWin540_CM4_OS_Keil_ot.lib(f16_ascii.o)
    0x08010a6c   0x08010a6c   0x00000020   Data   RO         5528    .constdata          STemWin540_CM4_OS_Keil_ot.lib(f16_ascii.o)
    0x08010a8c   0x08010a8c   0x00000020   Data   RO         5529    .constdata          STemWin540_CM4_OS_Keil_ot.lib(f16_ascii.o)
    0x08010aac   0x08010aac   0x00000020   Data   RO         5530    .constdata          STemWin540_CM4_OS_Keil_ot.lib(f16_ascii.o)
    0x08010acc   0x08010acc   0x00000010   Data   RO         5531    .constdata          STemWin540_CM4_OS_Keil_ot.lib(f16_ascii.o)
    0x08010adc   0x08010adc   0x00000020   Data   RO         5532    .constdata          STemWin540_CM4_OS_Keil_ot.lib(f16_ascii.o)
    0x08010afc   0x08010afc   0x00000020   Data   RO         5533    .constdata          STemWin540_CM4_OS_Keil_ot.lib(f16_ascii.o)
    0x08010b1c   0x08010b1c   0x00000020   Data   RO         5534    .constdata          STemWin540_CM4_OS_Keil_ot.lib(f16_ascii.o)
    0x08010b3c   0x08010b3c   0x00000010   Data   RO         5535    .constdata          STemWin540_CM4_OS_Keil_ot.lib(f16_ascii.o)
    0x08010b4c   0x08010b4c   0x00000020   Data   RO         5536    .constdata          STemWin540_CM4_OS_Keil_ot.lib(f16_ascii.o)
    0x08010b6c   0x08010b6c   0x00000010   Data   RO         5537    .constdata          STemWin540_CM4_OS_Keil_ot.lib(f16_ascii.o)
    0x08010b7c   0x08010b7c   0x00000010   Data   RO         5538    .constdata          STemWin540_CM4_OS_Keil_ot.lib(f16_ascii.o)
    0x08010b8c   0x08010b8c   0x00000010   Data   RO         5539    .constdata          STemWin540_CM4_OS_Keil_ot.lib(f16_ascii.o)
    0x08010b9c   0x08010b9c   0x00000010   Data   RO         5540    .constdata          STemWin540_CM4_OS_Keil_ot.lib(f16_ascii.o)
    0x08010bac   0x08010bac   0x00000010   Data   RO         5541    .constdata          STemWin540_CM4_OS_Keil_ot.lib(f16_ascii.o)
    0x08010bbc   0x08010bbc   0x00000010   Data   RO         5542    .constdata          STemWin540_CM4_OS_Keil_ot.lib(f16_ascii.o)
    0x08010bcc   0x08010bcc   0x00000010   Data   RO         5543    .constdata          STemWin540_CM4_OS_Keil_ot.lib(f16_ascii.o)
    0x08010bdc   0x08010bdc   0x00000010   Data   RO         5544    .constdata          STemWin540_CM4_OS_Keil_ot.lib(f16_ascii.o)
    0x08010bec   0x08010bec   0x00000010   Data   RO         5545    .constdata          STemWin540_CM4_OS_Keil_ot.lib(f16_ascii.o)
    0x08010bfc   0x08010bfc   0x00000010   Data   RO         5546    .constdata          STemWin540_CM4_OS_Keil_ot.lib(f16_ascii.o)
    0x08010c0c   0x08010c0c   0x00000010   Data   RO         5547    .constdata          STemWin540_CM4_OS_Keil_ot.lib(f16_ascii.o)
    0x08010c1c   0x08010c1c   0x00000010   Data   RO         5548    .constdata          STemWin540_CM4_OS_Keil_ot.lib(f16_ascii.o)
    0x08010c2c   0x08010c2c   0x00000010   Data   RO         5549    .constdata          STemWin540_CM4_OS_Keil_ot.lib(f16_ascii.o)
    0x08010c3c   0x08010c3c   0x00000010   Data   RO         5550    .constdata          STemWin540_CM4_OS_Keil_ot.lib(f16_ascii.o)
    0x08010c4c   0x08010c4c   0x00000010   Data   RO         5551    .constdata          STemWin540_CM4_OS_Keil_ot.lib(f16_ascii.o)
    0x08010c5c   0x08010c5c   0x00000010   Data   RO         5552    .constdata          STemWin540_CM4_OS_Keil_ot.lib(f16_ascii.o)
    0x08010c6c   0x08010c6c   0x00000010   Data   RO         5553    .constdata          STemWin540_CM4_OS_Keil_ot.lib(f16_ascii.o)
    0x08010c7c   0x08010c7c   0x00000010   Data   RO         5554    .constdata          STemWin540_CM4_OS_Keil_ot.lib(f16_ascii.o)
    0x08010c8c   0x08010c8c   0x00000010   Data   RO         5555    .constdata          STemWin540_CM4_OS_Keil_ot.lib(f16_ascii.o)
    0x08010c9c   0x08010c9c   0x00000020   Data   RO         5556    .constdata          STemWin540_CM4_OS_Keil_ot.lib(f16_ascii.o)
    0x08010cbc   0x08010cbc   0x00000010   Data   RO         5557    .constdata          STemWin540_CM4_OS_Keil_ot.lib(f16_ascii.o)
    0x08010ccc   0x08010ccc   0x00000010   Data   RO         5558    .constdata          STemWin540_CM4_OS_Keil_ot.lib(f16_ascii.o)
    0x08010cdc   0x08010cdc   0x00000010   Data   RO         5559    .constdata          STemWin540_CM4_OS_Keil_ot.lib(f16_ascii.o)
    0x08010cec   0x08010cec   0x00000010   Data   RO         5560    .constdata          STemWin540_CM4_OS_Keil_ot.lib(f16_ascii.o)
    0x08010cfc   0x08010cfc   0x00000010   Data   RO         5561    .constdata          STemWin540_CM4_OS_Keil_ot.lib(f16_ascii.o)
    0x08010d0c   0x08010d0c   0x00000010   Data   RO         5562    .constdata          STemWin540_CM4_OS_Keil_ot.lib(f16_ascii.o)
    0x08010d1c   0x08010d1c   0x00000010   Data   RO         5563    .constdata          STemWin540_CM4_OS_Keil_ot.lib(f16_ascii.o)
    0x08010d2c   0x08010d2c   0x00000010   Data   RO         5564    .constdata          STemWin540_CM4_OS_Keil_ot.lib(f16_ascii.o)
    0x08010d3c   0x08010d3c   0x00000010   Data   RO         5565    .constdata          STemWin540_CM4_OS_Keil_ot.lib(f16_ascii.o)
    0x08010d4c   0x08010d4c   0x00000020   Data   RO         5566    .constdata          STemWin540_CM4_OS_Keil_ot.lib(f16_ascii.o)
    0x08010d6c   0x08010d6c   0x00000010   Data   RO         5567    .constdata          STemWin540_CM4_OS_Keil_ot.lib(f16_ascii.o)
    0x08010d7c   0x08010d7c   0x00000010   Data   RO         5568    .constdata          STemWin540_CM4_OS_Keil_ot.lib(f16_ascii.o)
    0x08010d8c   0x08010d8c   0x00000010   Data   RO         5569    .constdata          STemWin540_CM4_OS_Keil_ot.lib(f16_ascii.o)
    0x08010d9c   0x08010d9c   0x00000010   Data   RO         5570    .constdata          STemWin540_CM4_OS_Keil_ot.lib(f16_ascii.o)
    0x08010dac   0x08010dac   0x00000010   Data   RO         5571    .constdata          STemWin540_CM4_OS_Keil_ot.lib(f16_ascii.o)
    0x08010dbc   0x08010dbc   0x00000010   Data   RO         5572    .constdata          STemWin540_CM4_OS_Keil_ot.lib(f16_ascii.o)
    0x08010dcc   0x08010dcc   0x00000010   Data   RO         5573    .constdata          STemWin540_CM4_OS_Keil_ot.lib(f16_ascii.o)
    0x08010ddc   0x08010ddc   0x00000300   Data   RO         5574    .constdata          STemWin540_CM4_OS_Keil_ot.lib(f16_ascii.o)
    0x080110dc   0x080110dc   0x0000000c   Data   RO         5575    .constdata          STemWin540_CM4_OS_Keil_ot.lib(f16_ascii.o)
    0x080110e8   0x080110e8   0x00000024   Data   RO         5576    .constdata          STemWin540_CM4_OS_Keil_ot.lib(f16_ascii.o)
    0x0801110c   0x0801110c   0x00000010   Data   RO         5577    .constdata          STemWin540_CM4_OS_Keil_ot.lib(f16b_ascii.o)
    0x0801111c   0x0801111c   0x00000010   Data   RO         5578    .constdata          STemWin540_CM4_OS_Keil_ot.lib(f16b_ascii.o)
    0x0801112c   0x0801112c   0x00000010   Data   RO         5579    .constdata          STemWin540_CM4_OS_Keil_ot.lib(f16b_ascii.o)
    0x0801113c   0x0801113c   0x00000010   Data   RO         5580    .constdata          STemWin540_CM4_OS_Keil_ot.lib(f16b_ascii.o)
    0x0801114c   0x0801114c   0x00000010   Data   RO         5581    .constdata          STemWin540_CM4_OS_Keil_ot.lib(f16b_ascii.o)
    0x0801115c   0x0801115c   0x00000020   Data   RO         5582    .constdata          STemWin540_CM4_OS_Keil_ot.lib(f16b_ascii.o)
    0x0801117c   0x0801117c   0x00000020   Data   RO         5583    .constdata          STemWin540_CM4_OS_Keil_ot.lib(f16b_ascii.o)
    0x0801119c   0x0801119c   0x00000010   Data   RO         5584    .constdata          STemWin540_CM4_OS_Keil_ot.lib(f16b_ascii.o)
    0x080111ac   0x080111ac   0x00000010   Data   RO         5585    .constdata          STemWin540_CM4_OS_Keil_ot.lib(f16b_ascii.o)
    0x080111bc   0x080111bc   0x00000010   Data   RO         5586    .constdata          STemWin540_CM4_OS_Keil_ot.lib(f16b_ascii.o)
    0x080111cc   0x080111cc   0x00000010   Data   RO         5587    .constdata          STemWin540_CM4_OS_Keil_ot.lib(f16b_ascii.o)
    0x080111dc   0x080111dc   0x00000010   Data   RO         5588    .constdata          STemWin540_CM4_OS_Keil_ot.lib(f16b_ascii.o)
    0x080111ec   0x080111ec   0x00000010   Data   RO         5589    .constdata          STemWin540_CM4_OS_Keil_ot.lib(f16b_ascii.o)
    0x080111fc   0x080111fc   0x00000010   Data   RO         5590    .constdata          STemWin540_CM4_OS_Keil_ot.lib(f16b_ascii.o)
    0x0801120c   0x0801120c   0x00000010   Data   RO         5591    .constdata          STemWin540_CM4_OS_Keil_ot.lib(f16b_ascii.o)
    0x0801121c   0x0801121c   0x00000010   Data   RO         5592    .constdata          STemWin540_CM4_OS_Keil_ot.lib(f16b_ascii.o)
    0x0801122c   0x0801122c   0x00000010   Data   RO         5593    .constdata          STemWin540_CM4_OS_Keil_ot.lib(f16b_ascii.o)
    0x0801123c   0x0801123c   0x00000010   Data   RO         5594    .constdata          STemWin540_CM4_OS_Keil_ot.lib(f16b_ascii.o)
    0x0801124c   0x0801124c   0x00000010   Data   RO         5595    .constdata          STemWin540_CM4_OS_Keil_ot.lib(f16b_ascii.o)
    0x0801125c   0x0801125c   0x00000010   Data   RO         5596    .constdata          STemWin540_CM4_OS_Keil_ot.lib(f16b_ascii.o)
    0x0801126c   0x0801126c   0x00000010   Data   RO         5597    .constdata          STemWin540_CM4_OS_Keil_ot.lib(f16b_ascii.o)
    0x0801127c   0x0801127c   0x00000010   Data   RO         5598    .constdata          STemWin540_CM4_OS_Keil_ot.lib(f16b_ascii.o)
    0x0801128c   0x0801128c   0x00000010   Data   RO         5599    .constdata          STemWin540_CM4_OS_Keil_ot.lib(f16b_ascii.o)
    0x0801129c   0x0801129c   0x00000010   Data   RO         5600    .constdata          STemWin540_CM4_OS_Keil_ot.lib(f16b_ascii.o)
    0x080112ac   0x080112ac   0x00000010   Data   RO         5601    .constdata          STemWin540_CM4_OS_Keil_ot.lib(f16b_ascii.o)
    0x080112bc   0x080112bc   0x00000010   Data   RO         5602    .constdata          STemWin540_CM4_OS_Keil_ot.lib(f16b_ascii.o)
    0x080112cc   0x080112cc   0x00000010   Data   RO         5603    .constdata          STemWin540_CM4_OS_Keil_ot.lib(f16b_ascii.o)
    0x080112dc   0x080112dc   0x00000010   Data   RO         5604    .constdata          STemWin540_CM4_OS_Keil_ot.lib(f16b_ascii.o)
    0x080112ec   0x080112ec   0x00000010   Data   RO         5605    .constdata          STemWin540_CM4_OS_Keil_ot.lib(f16b_ascii.o)
    0x080112fc   0x080112fc   0x00000010   Data   RO         5606    .constdata          STemWin540_CM4_OS_Keil_ot.lib(f16b_ascii.o)
    0x0801130c   0x0801130c   0x00000010   Data   RO         5607    .constdata          STemWin540_CM4_OS_Keil_ot.lib(f16b_ascii.o)
    0x0801131c   0x0801131c   0x00000010   Data   RO         5608    .constdata          STemWin540_CM4_OS_Keil_ot.lib(f16b_ascii.o)
    0x0801132c   0x0801132c   0x00000020   Data   RO         5609    .constdata          STemWin540_CM4_OS_Keil_ot.lib(f16b_ascii.o)
    0x0801134c   0x0801134c   0x00000020   Data   RO         5610    .constdata          STemWin540_CM4_OS_Keil_ot.lib(f16b_ascii.o)
    0x0801136c   0x0801136c   0x00000020   Data   RO         5611    .constdata          STemWin540_CM4_OS_Keil_ot.lib(f16b_ascii.o)
    0x0801138c   0x0801138c   0x00000020   Data   RO         5612    .constdata          STemWin540_CM4_OS_Keil_ot.lib(f16b_ascii.o)
    0x080113ac   0x080113ac   0x00000020   Data   RO         5613    .constdata          STemWin540_CM4_OS_Keil_ot.lib(f16b_ascii.o)
    0x080113cc   0x080113cc   0x00000010   Data   RO         5614    .constdata          STemWin540_CM4_OS_Keil_ot.lib(f16b_ascii.o)
    0x080113dc   0x080113dc   0x00000010   Data   RO         5615    .constdata          STemWin540_CM4_OS_Keil_ot.lib(f16b_ascii.o)
    0x080113ec   0x080113ec   0x00000020   Data   RO         5616    .constdata          STemWin540_CM4_OS_Keil_ot.lib(f16b_ascii.o)
    0x0801140c   0x0801140c   0x00000020   Data   RO         5617    .constdata          STemWin540_CM4_OS_Keil_ot.lib(f16b_ascii.o)
    0x0801142c   0x0801142c   0x00000010   Data   RO         5618    .constdata          STemWin540_CM4_OS_Keil_ot.lib(f16b_ascii.o)
    0x0801143c   0x0801143c   0x00000010   Data   RO         5619    .constdata          STemWin540_CM4_OS_Keil_ot.lib(f16b_ascii.o)
    0x0801144c   0x0801144c   0x00000020   Data   RO         5620    .constdata          STemWin540_CM4_OS_Keil_ot.lib(f16b_ascii.o)
    0x0801146c   0x0801146c   0x00000010   Data   RO         5621    .constdata          STemWin540_CM4_OS_Keil_ot.lib(f16b_ascii.o)
    0x0801147c   0x0801147c   0x00000020   Data   RO         5622    .constdata          STemWin540_CM4_OS_Keil_ot.lib(f16b_ascii.o)
    0x0801149c   0x0801149c   0x00000020   Data   RO         5623    .constdata          STemWin540_CM4_OS_Keil_ot.lib(f16b_ascii.o)
    0x080114bc   0x080114bc   0x00000020   Data   RO         5624    .constdata          STemWin540_CM4_OS_Keil_ot.lib(f16b_ascii.o)
    0x080114dc   0x080114dc   0x00000020   Data   RO         5625    .constdata          STemWin540_CM4_OS_Keil_ot.lib(f16b_ascii.o)
    0x080114fc   0x080114fc   0x00000020   Data   RO         5626    .constdata          STemWin540_CM4_OS_Keil_ot.lib(f16b_ascii.o)
    0x0801151c   0x0801151c   0x00000020   Data   RO         5627    .constdata          STemWin540_CM4_OS_Keil_ot.lib(f16b_ascii.o)
    0x0801153c   0x0801153c   0x00000020   Data   RO         5628    .constdata          STemWin540_CM4_OS_Keil_ot.lib(f16b_ascii.o)
    0x0801155c   0x0801155c   0x00000010   Data   RO         5629    .constdata          STemWin540_CM4_OS_Keil_ot.lib(f16b_ascii.o)
    0x0801156c   0x0801156c   0x00000020   Data   RO         5630    .constdata          STemWin540_CM4_OS_Keil_ot.lib(f16b_ascii.o)
    0x0801158c   0x0801158c   0x00000020   Data   RO         5631    .constdata          STemWin540_CM4_OS_Keil_ot.lib(f16b_ascii.o)
    0x080115ac   0x080115ac   0x00000020   Data   RO         5632    .constdata          STemWin540_CM4_OS_Keil_ot.lib(f16b_ascii.o)
    0x080115cc   0x080115cc   0x00000020   Data   RO         5633    .constdata          STemWin540_CM4_OS_Keil_ot.lib(f16b_ascii.o)
    0x080115ec   0x080115ec   0x00000010   Data   RO         5634    .constdata          STemWin540_CM4_OS_Keil_ot.lib(f16b_ascii.o)
    0x080115fc   0x080115fc   0x00000010   Data   RO         5635    .constdata          STemWin540_CM4_OS_Keil_ot.lib(f16b_ascii.o)
    0x0801160c   0x0801160c   0x00000010   Data   RO         5636    .constdata          STemWin540_CM4_OS_Keil_ot.lib(f16b_ascii.o)
    0x0801161c   0x0801161c   0x00000010   Data   RO         5637    .constdata          STemWin540_CM4_OS_Keil_ot.lib(f16b_ascii.o)
    0x0801162c   0x0801162c   0x00000010   Data   RO         5638    .constdata          STemWin540_CM4_OS_Keil_ot.lib(f16b_ascii.o)
    0x0801163c   0x0801163c   0x00000010   Data   RO         5639    .constdata          STemWin540_CM4_OS_Keil_ot.lib(f16b_ascii.o)
    0x0801164c   0x0801164c   0x00000010   Data   RO         5640    .constdata          STemWin540_CM4_OS_Keil_ot.lib(f16b_ascii.o)
    0x0801165c   0x0801165c   0x00000010   Data   RO         5641    .constdata          STemWin540_CM4_OS_Keil_ot.lib(f16b_ascii.o)
    0x0801166c   0x0801166c   0x00000010   Data   RO         5642    .constdata          STemWin540_CM4_OS_Keil_ot.lib(f16b_ascii.o)
    0x0801167c   0x0801167c   0x00000010   Data   RO         5643    .constdata          STemWin540_CM4_OS_Keil_ot.lib(f16b_ascii.o)
    0x0801168c   0x0801168c   0x00000010   Data   RO         5644    .constdata          STemWin540_CM4_OS_Keil_ot.lib(f16b_ascii.o)
    0x0801169c   0x0801169c   0x00000010   Data   RO         5645    .constdata          STemWin540_CM4_OS_Keil_ot.lib(f16b_ascii.o)
    0x080116ac   0x080116ac   0x00000010   Data   RO         5646    .constdata          STemWin540_CM4_OS_Keil_ot.lib(f16b_ascii.o)
    0x080116bc   0x080116bc   0x00000010   Data   RO         5647    .constdata          STemWin540_CM4_OS_Keil_ot.lib(f16b_ascii.o)
    0x080116cc   0x080116cc   0x00000010   Data   RO         5648    .constdata          STemWin540_CM4_OS_Keil_ot.lib(f16b_ascii.o)
    0x080116dc   0x080116dc   0x00000010   Data   RO         5649    .constdata          STemWin540_CM4_OS_Keil_ot.lib(f16b_ascii.o)
    0x080116ec   0x080116ec   0x00000010   Data   RO         5650    .constdata          STemWin540_CM4_OS_Keil_ot.lib(f16b_ascii.o)
    0x080116fc   0x080116fc   0x00000010   Data   RO         5651    .constdata          STemWin540_CM4_OS_Keil_ot.lib(f16b_ascii.o)
    0x0801170c   0x0801170c   0x00000010   Data   RO         5652    .constdata          STemWin540_CM4_OS_Keil_ot.lib(f16b_ascii.o)
    0x0801171c   0x0801171c   0x00000010   Data   RO         5653    .constdata          STemWin540_CM4_OS_Keil_ot.lib(f16b_ascii.o)
    0x0801172c   0x0801172c   0x00000020   Data   RO         5654    .constdata          STemWin540_CM4_OS_Keil_ot.lib(f16b_ascii.o)
    0x0801174c   0x0801174c   0x00000010   Data   RO         5655    .constdata          STemWin540_CM4_OS_Keil_ot.lib(f16b_ascii.o)
    0x0801175c   0x0801175c   0x00000010   Data   RO         5656    .constdata          STemWin540_CM4_OS_Keil_ot.lib(f16b_ascii.o)
    0x0801176c   0x0801176c   0x00000010   Data   RO         5657    .constdata          STemWin540_CM4_OS_Keil_ot.lib(f16b_ascii.o)
    0x0801177c   0x0801177c   0x00000010   Data   RO         5658    .constdata          STemWin540_CM4_OS_Keil_ot.lib(f16b_ascii.o)
    0x0801178c   0x0801178c   0x00000010   Data   RO         5659    .constdata          STemWin540_CM4_OS_Keil_ot.lib(f16b_ascii.o)
    0x0801179c   0x0801179c   0x00000010   Data   RO         5660    .constdata          STemWin540_CM4_OS_Keil_ot.lib(f16b_ascii.o)
    0x080117ac   0x080117ac   0x00000010   Data   RO         5661    .constdata          STemWin540_CM4_OS_Keil_ot.lib(f16b_ascii.o)
    0x080117bc   0x080117bc   0x00000010   Data   RO         5662    .constdata          STemWin540_CM4_OS_Keil_ot.lib(f16b_ascii.o)
    0x080117cc   0x080117cc   0x00000010   Data   RO         5663    .constdata          STemWin540_CM4_OS_Keil_ot.lib(f16b_ascii.o)
    0x080117dc   0x080117dc   0x00000020   Data   RO         5664    .constdata          STemWin540_CM4_OS_Keil_ot.lib(f16b_ascii.o)
    0x080117fc   0x080117fc   0x00000010   Data   RO         5665    .constdata          STemWin540_CM4_OS_Keil_ot.lib(f16b_ascii.o)
    0x0801180c   0x0801180c   0x00000010   Data   RO         5666    .constdata          STemWin540_CM4_OS_Keil_ot.lib(f16b_ascii.o)
    0x0801181c   0x0801181c   0x00000010   Data   RO         5667    .constdata          STemWin540_CM4_OS_Keil_ot.lib(f16b_ascii.o)
    0x0801182c   0x0801182c   0x00000010   Data   RO         5668    .constdata          STemWin540_CM4_OS_Keil_ot.lib(f16b_ascii.o)
    0x0801183c   0x0801183c   0x00000010   Data   RO         5669    .constdata          STemWin540_CM4_OS_Keil_ot.lib(f16b_ascii.o)
    0x0801184c   0x0801184c   0x00000010   Data   RO         5670    .constdata          STemWin540_CM4_OS_Keil_ot.lib(f16b_ascii.o)
    0x0801185c   0x0801185c   0x00000010   Data   RO         5671    .constdata          STemWin540_CM4_OS_Keil_ot.lib(f16b_ascii.o)
    0x0801186c   0x0801186c   0x000002f8   Data   RO         5672    .constdata          STemWin540_CM4_OS_Keil_ot.lib(f16b_ascii.o)
    0x08011b64   0x08011b64   0x0000000c   Data   RO         5673    .constdata          STemWin540_CM4_OS_Keil_ot.lib(f16b_ascii.o)
    0x08011b70   0x08011b70   0x00000024   Data   RO         5674    .constdata          STemWin540_CM4_OS_Keil_ot.lib(f16b_ascii.o)
    0x08011b94   0x08011b94   0x00000018   Data   RO         5675    .constdata          STemWin540_CM4_OS_Keil_ot.lib(f24_ascii.o)
    0x08011bac   0x08011bac   0x00000018   Data   RO         5676    .constdata          STemWin540_CM4_OS_Keil_ot.lib(f24_ascii.o)
    0x08011bc4   0x08011bc4   0x00000018   Data   RO         5677    .constdata          STemWin540_CM4_OS_Keil_ot.lib(f24_ascii.o)
    0x08011bdc   0x08011bdc   0x00000030   Data   RO         5678    .constdata          STemWin540_CM4_OS_Keil_ot.lib(f24_ascii.o)
    0x08011c0c   0x08011c0c   0x00000030   Data   RO         5679    .constdata          STemWin540_CM4_OS_Keil_ot.lib(f24_ascii.o)
    0x08011c3c   0x08011c3c   0x00000048   Data   RO         5680    .constdata          STemWin540_CM4_OS_Keil_ot.lib(f24_ascii.o)
    0x08011c84   0x08011c84   0x00000030   Data   RO         5681    .constdata          STemWin540_CM4_OS_Keil_ot.lib(f24_ascii.o)
    0x08011cb4   0x08011cb4   0x00000018   Data   RO         5682    .constdata          STemWin540_CM4_OS_Keil_ot.lib(f24_ascii.o)
    0x08011ccc   0x08011ccc   0x00000018   Data   RO         5683    .constdata          STemWin540_CM4_OS_Keil_ot.lib(f24_ascii.o)
    0x08011ce4   0x08011ce4   0x00000018   Data   RO         5684    .constdata          STemWin540_CM4_OS_Keil_ot.lib(f24_ascii.o)
    0x08011cfc   0x08011cfc   0x00000018   Data   RO         5685    .constdata          STemWin540_CM4_OS_Keil_ot.lib(f24_ascii.o)
    0x08011d14   0x08011d14   0x00000030   Data   RO         5686    .constdata          STemWin540_CM4_OS_Keil_ot.lib(f24_ascii.o)
    0x08011d44   0x08011d44   0x00000018   Data   RO         5687    .constdata          STemWin540_CM4_OS_Keil_ot.lib(f24_ascii.o)
    0x08011d5c   0x08011d5c   0x00000018   Data   RO         5688    .constdata          STemWin540_CM4_OS_Keil_ot.lib(f24_ascii.o)
    0x08011d74   0x08011d74   0x00000018   Data   RO         5689    .constdata          STemWin540_CM4_OS_Keil_ot.lib(f24_ascii.o)
    0x08011d8c   0x08011d8c   0x00000018   Data   RO         5690    .constdata          STemWin540_CM4_OS_Keil_ot.lib(f24_ascii.o)
    0x08011da4   0x08011da4   0x00000030   Data   RO         5691    .constdata          STemWin540_CM4_OS_Keil_ot.lib(f24_ascii.o)
    0x08011dd4   0x08011dd4   0x00000030   Data   RO         5692    .constdata          STemWin540_CM4_OS_Keil_ot.lib(f24_ascii.o)
    0x08011e04   0x08011e04   0x00000030   Data   RO         5693    .constdata          STemWin540_CM4_OS_Keil_ot.lib(f24_ascii.o)
    0x08011e34   0x08011e34   0x00000030   Data   RO         5694    .constdata          STemWin540_CM4_OS_Keil_ot.lib(f24_ascii.o)
    0x08011e64   0x08011e64   0x00000030   Data   RO         5695    .constdata          STemWin540_CM4_OS_Keil_ot.lib(f24_ascii.o)
    0x08011e94   0x08011e94   0x00000030   Data   RO         5696    .constdata          STemWin540_CM4_OS_Keil_ot.lib(f24_ascii.o)
    0x08011ec4   0x08011ec4   0x00000030   Data   RO         5697    .constdata          STemWin540_CM4_OS_Keil_ot.lib(f24_ascii.o)
    0x08011ef4   0x08011ef4   0x00000030   Data   RO         5698    .constdata          STemWin540_CM4_OS_Keil_ot.lib(f24_ascii.o)
    0x08011f24   0x08011f24   0x00000030   Data   RO         5699    .constdata          STemWin540_CM4_OS_Keil_ot.lib(f24_ascii.o)
    0x08011f54   0x08011f54   0x00000030   Data   RO         5700    .constdata          STemWin540_CM4_OS_Keil_ot.lib(f24_ascii.o)
    0x08011f84   0x08011f84   0x00000018   Data   RO         5701    .constdata          STemWin540_CM4_OS_Keil_ot.lib(f24_ascii.o)
    0x08011f9c   0x08011f9c   0x00000018   Data   RO         5702    .constdata          STemWin540_CM4_OS_Keil_ot.lib(f24_ascii.o)
    0x08011fb4   0x08011fb4   0x00000030   Data   RO         5703    .constdata          STemWin540_CM4_OS_Keil_ot.lib(f24_ascii.o)
    0x08011fe4   0x08011fe4   0x00000030   Data   RO         5704    .constdata          STemWin540_CM4_OS_Keil_ot.lib(f24_ascii.o)
    0x08012014   0x08012014   0x00000030   Data   RO         5705    .constdata          STemWin540_CM4_OS_Keil_ot.lib(f24_ascii.o)
    0x08012044   0x08012044   0x00000030   Data   RO         5706    .constdata          STemWin540_CM4_OS_Keil_ot.lib(f24_ascii.o)
    0x08012074   0x08012074   0x00000048   Data   RO         5707    .constdata          STemWin540_CM4_OS_Keil_ot.lib(f24_ascii.o)
    0x080120bc   0x080120bc   0x00000030   Data   RO         5708    .constdata          STemWin540_CM4_OS_Keil_ot.lib(f24_ascii.o)
    0x080120ec   0x080120ec   0x00000030   Data   RO         5709    .constdata          STemWin540_CM4_OS_Keil_ot.lib(f24_ascii.o)
    0x0801211c   0x0801211c   0x00000030   Data   RO         5710    .constdata          STemWin540_CM4_OS_Keil_ot.lib(f24_ascii.o)
    0x0801214c   0x0801214c   0x00000030   Data   RO         5711    .constdata          STemWin540_CM4_OS_Keil_ot.lib(f24_ascii.o)
    0x0801217c   0x0801217c   0x00000030   Data   RO         5712    .constdata          STemWin540_CM4_OS_Keil_ot.lib(f24_ascii.o)
    0x080121ac   0x080121ac   0x00000030   Data   RO         5713    .constdata          STemWin540_CM4_OS_Keil_ot.lib(f24_ascii.o)
    0x080121dc   0x080121dc   0x00000030   Data   RO         5714    .constdata          STemWin540_CM4_OS_Keil_ot.lib(f24_ascii.o)
    0x0801220c   0x0801220c   0x00000030   Data   RO         5715    .constdata          STemWin540_CM4_OS_Keil_ot.lib(f24_ascii.o)
    0x0801223c   0x0801223c   0x00000018   Data   RO         5716    .constdata          STemWin540_CM4_OS_Keil_ot.lib(f24_ascii.o)
    0x08012254   0x08012254   0x00000030   Data   RO         5717    .constdata          STemWin540_CM4_OS_Keil_ot.lib(f24_ascii.o)
    0x08012284   0x08012284   0x00000030   Data   RO         5718    .constdata          STemWin540_CM4_OS_Keil_ot.lib(f24_ascii.o)
    0x080122b4   0x080122b4   0x00000030   Data   RO         5719    .constdata          STemWin540_CM4_OS_Keil_ot.lib(f24_ascii.o)
    0x080122e4   0x080122e4   0x00000048   Data   RO         5720    .constdata          STemWin540_CM4_OS_Keil_ot.lib(f24_ascii.o)
    0x0801232c   0x0801232c   0x00000030   Data   RO         5721    .constdata          STemWin540_CM4_OS_Keil_ot.lib(f24_ascii.o)
    0x0801235c   0x0801235c   0x00000030   Data   RO         5722    .constdata          STemWin540_CM4_OS_Keil_ot.lib(f24_ascii.o)
    0x0801238c   0x0801238c   0x00000030   Data   RO         5723    .constdata          STemWin540_CM4_OS_Keil_ot.lib(f24_ascii.o)
    0x080123bc   0x080123bc   0x00000030   Data   RO         5724    .constdata          STemWin540_CM4_OS_Keil_ot.lib(f24_ascii.o)
    0x080123ec   0x080123ec   0x00000030   Data   RO         5725    .constdata          STemWin540_CM4_OS_Keil_ot.lib(f24_ascii.o)
    0x0801241c   0x0801241c   0x00000030   Data   RO         5726    .constdata          STemWin540_CM4_OS_Keil_ot.lib(f24_ascii.o)
    0x0801244c   0x0801244c   0x00000030   Data   RO         5727    .constdata          STemWin540_CM4_OS_Keil_ot.lib(f24_ascii.o)
    0x0801247c   0x0801247c   0x00000030   Data   RO         5728    .constdata          STemWin540_CM4_OS_Keil_ot.lib(f24_ascii.o)
    0x080124ac   0x080124ac   0x00000030   Data   RO         5729    .constdata          STemWin540_CM4_OS_Keil_ot.lib(f24_ascii.o)
    0x080124dc   0x080124dc   0x00000048   Data   RO         5730    .constdata          STemWin540_CM4_OS_Keil_ot.lib(f24_ascii.o)
    0x08012524   0x08012524   0x00000030   Data   RO         5731    .constdata          STemWin540_CM4_OS_Keil_ot.lib(f24_ascii.o)
    0x08012554   0x08012554   0x00000030   Data   RO         5732    .constdata          STemWin540_CM4_OS_Keil_ot.lib(f24_ascii.o)
    0x08012584   0x08012584   0x00000030   Data   RO         5733    .constdata          STemWin540_CM4_OS_Keil_ot.lib(f24_ascii.o)
    0x080125b4   0x080125b4   0x00000018   Data   RO         5734    .constdata          STemWin540_CM4_OS_Keil_ot.lib(f24_ascii.o)
    0x080125cc   0x080125cc   0x00000018   Data   RO         5735    .constdata          STemWin540_CM4_OS_Keil_ot.lib(f24_ascii.o)
    0x080125e4   0x080125e4   0x00000018   Data   RO         5736    .constdata          STemWin540_CM4_OS_Keil_ot.lib(f24_ascii.o)
    0x080125fc   0x080125fc   0x00000018   Data   RO         5737    .constdata          STemWin540_CM4_OS_Keil_ot.lib(f24_ascii.o)
    0x08012614   0x08012614   0x00000030   Data   RO         5738    .constdata          STemWin540_CM4_OS_Keil_ot.lib(f24_ascii.o)
    0x08012644   0x08012644   0x00000018   Data   RO         5739    .constdata          STemWin540_CM4_OS_Keil_ot.lib(f24_ascii.o)
    0x0801265c   0x0801265c   0x00000030   Data   RO         5740    .constdata          STemWin540_CM4_OS_Keil_ot.lib(f24_ascii.o)
    0x0801268c   0x0801268c   0x00000030   Data   RO         5741    .constdata          STemWin540_CM4_OS_Keil_ot.lib(f24_ascii.o)
    0x080126bc   0x080126bc   0x00000030   Data   RO         5742    .constdata          STemWin540_CM4_OS_Keil_ot.lib(f24_ascii.o)
    0x080126ec   0x080126ec   0x00000030   Data   RO         5743    .constdata          STemWin540_CM4_OS_Keil_ot.lib(f24_ascii.o)
    0x0801271c   0x0801271c   0x00000030   Data   RO         5744    .constdata          STemWin540_CM4_OS_Keil_ot.lib(f24_ascii.o)
    0x0801274c   0x0801274c   0x00000018   Data   RO         5745    .constdata          STemWin540_CM4_OS_Keil_ot.lib(f24_ascii.o)
    0x08012764   0x08012764   0x00000030   Data   RO         5746    .constdata          STemWin540_CM4_OS_Keil_ot.lib(f24_ascii.o)
    0x08012794   0x08012794   0x00000030   Data   RO         5747    .constdata          STemWin540_CM4_OS_Keil_ot.lib(f24_ascii.o)
    0x080127c4   0x080127c4   0x00000018   Data   RO         5748    .constdata          STemWin540_CM4_OS_Keil_ot.lib(f24_ascii.o)
    0x080127dc   0x080127dc   0x00000018   Data   RO         5749    .constdata          STemWin540_CM4_OS_Keil_ot.lib(f24_ascii.o)
    0x080127f4   0x080127f4   0x00000030   Data   RO         5750    .constdata          STemWin540_CM4_OS_Keil_ot.lib(f24_ascii.o)
    0x08012824   0x08012824   0x00000018   Data   RO         5751    .constdata          STemWin540_CM4_OS_Keil_ot.lib(f24_ascii.o)
    0x0801283c   0x0801283c   0x00000030   Data   RO         5752    .constdata          STemWin540_CM4_OS_Keil_ot.lib(f24_ascii.o)
    0x0801286c   0x0801286c   0x00000030   Data   RO         5753    .constdata          STemWin540_CM4_OS_Keil_ot.lib(f24_ascii.o)
    0x0801289c   0x0801289c   0x00000030   Data   RO         5754    .constdata          STemWin540_CM4_OS_Keil_ot.lib(f24_ascii.o)
    0x080128cc   0x080128cc   0x00000030   Data   RO         5755    .constdata          STemWin540_CM4_OS_Keil_ot.lib(f24_ascii.o)
    0x080128fc   0x080128fc   0x00000030   Data   RO         5756    .constdata          STemWin540_CM4_OS_Keil_ot.lib(f24_ascii.o)
    0x0801292c   0x0801292c   0x00000018   Data   RO         5757    .constdata          STemWin540_CM4_OS_Keil_ot.lib(f24_ascii.o)
    0x08012944   0x08012944   0x00000030   Data   RO         5758    .constdata          STemWin540_CM4_OS_Keil_ot.lib(f24_ascii.o)
    0x08012974   0x08012974   0x00000018   Data   RO         5759    .constdata          STemWin540_CM4_OS_Keil_ot.lib(f24_ascii.o)
    0x0801298c   0x0801298c   0x00000030   Data   RO         5760    .constdata          STemWin540_CM4_OS_Keil_ot.lib(f24_ascii.o)
    0x080129bc   0x080129bc   0x00000030   Data   RO         5761    .constdata          STemWin540_CM4_OS_Keil_ot.lib(f24_ascii.o)
    0x080129ec   0x080129ec   0x00000030   Data   RO         5762    .constdata          STemWin540_CM4_OS_Keil_ot.lib(f24_ascii.o)
    0x08012a1c   0x08012a1c   0x00000030   Data   RO         5763    .constdata          STemWin540_CM4_OS_Keil_ot.lib(f24_ascii.o)
    0x08012a4c   0x08012a4c   0x00000030   Data   RO         5764    .constdata          STemWin540_CM4_OS_Keil_ot.lib(f24_ascii.o)
    0x08012a7c   0x08012a7c   0x00000030   Data   RO         5765    .constdata          STemWin540_CM4_OS_Keil_ot.lib(f24_ascii.o)
    0x08012aac   0x08012aac   0x00000018   Data   RO         5766    .constdata          STemWin540_CM4_OS_Keil_ot.lib(f24_ascii.o)
    0x08012ac4   0x08012ac4   0x00000018   Data   RO         5767    .constdata          STemWin540_CM4_OS_Keil_ot.lib(f24_ascii.o)
    0x08012adc   0x08012adc   0x00000018   Data   RO         5768    .constdata          STemWin540_CM4_OS_Keil_ot.lib(f24_ascii.o)
    0x08012af4   0x08012af4   0x00000030   Data   RO         5769    .constdata          STemWin540_CM4_OS_Keil_ot.lib(f24_ascii.o)
    0x08012b24   0x08012b24   0x000002f8   Data   RO         5770    .constdata          STemWin540_CM4_OS_Keil_ot.lib(f24_ascii.o)
    0x08012e1c   0x08012e1c   0x0000000c   Data   RO         5771    .constdata          STemWin540_CM4_OS_Keil_ot.lib(f24_ascii.o)
    0x08012e28   0x08012e28   0x00000024   Data   RO         5772    .constdata          STemWin540_CM4_OS_Keil_ot.lib(f24_ascii.o)
    0x08012e4c   0x08012e4c   0x00000008   Data   RO         6049    .constdata          STemWin540_CM4_OS_Keil_ot.lib(wm_multibuf.o)
    0x08012e54   0x08012e54   0x00000018   Data   RO         6057    .constdata          STemWin540_CM4_OS_Keil_ot.lib(guicc_16.o)
    0x08012e6c   0x08012e6c   0x00000010   Data   RO         6061    .constdata          STemWin540_CM4_OS_Keil_ot.lib(gui__divtbl.o)
    0x08012e7c   0x08012e7c   0x00000020   Data   RO         6062    .constdata          STemWin540_CM4_OS_Keil_ot.lib(gui__divtbl.o)
    0x08012e9c   0x08012e9c   0x00000040   Data   RO         6063    .constdata          STemWin540_CM4_OS_Keil_ot.lib(gui__divtbl.o)
    0x08012edc   0x08012edc   0x00000100   Data   RO         6064    .constdata          STemWin540_CM4_OS_Keil_ot.lib(gui__divtbl.o)
    0x08012fdc   0x08012fdc   0x00000100   Data   RO         6065    .constdata          STemWin540_CM4_OS_Keil_ot.lib(gui__divtbl.o)
    0x080130dc   0x080130dc   0x00000100   Data   RO         6066    .constdata          STemWin540_CM4_OS_Keil_ot.lib(gui__divtbl.o)
    0x080131dc   0x080131dc   0x00000010   Data   RO         6243    .constdata          STemWin540_CM4_OS_Keil_ot.lib(gui_uc_encodenone.o)
    0x080131ec   0x080131ec   0x00000018   Data   RO         6265    .constdata          STemWin540_CM4_OS_Keil_ot.lib(guicc_0.o)
    0x08013204   0x08013204   0x00000100   Data   RO         6289    .constdata          STemWin540_CM4_OS_Keil_ot.lib(lcd_mirror.o)
    0x08013304   0x08013304   0x00000518   Data   RO         6306    .constdata          STemWin540_CM4_OS_Keil_ot.lib(f6x8.o)
    0x0801381c   0x0801381c   0x000001c0   Data   RO         6307    .constdata          STemWin540_CM4_OS_Keil_ot.lib(f6x8.o)
    0x080139dc   0x080139dc   0x00000008   Data   RO         6308    .constdata          STemWin540_CM4_OS_Keil_ot.lib(f6x8.o)
    0x080139e4   0x080139e4   0x00000014   Data   RO         6309    .constdata          STemWin540_CM4_OS_Keil_ot.lib(f6x8.o)
    0x080139f8   0x080139f8   0x00000024   Data   RO         6310    .constdata          STemWin540_CM4_OS_Keil_ot.lib(f6x8.o)
    0x08013a1c   0x08013a1c   0x00000074   Data   RO         6344    .constdata          STemWin540_CM4_OS_Keil_ot.lib(guidev_32.o)
    0x08013a90   0x08013a90   0x00000018   Data   RO         6585    .constdata          STemWin540_CM4_OS_Keil_ot.lib(guicc_8888.o)
    0x08013aa8   0x08013aa8   0x00000018   Data   RO         6624    .constdata          STemWin540_CM4_OS_Keil_ot.lib(guidev_usagebm.o)
    0x08013ac0   0x08013ac0   0x00000008   Data   RO         6642    .constdata          STemWin540_CM4_OS_Keil_ot.lib(guidev_writetoactiveopaque.o)
    0x08013ac8   0x08013ac8   0x00000004   Data   RO         3543    .rti_fn.0           components.o
    0x08013acc   0x08013acc   0x00000004   Data   RO         3544    .rti_fn.0.end       components.o
    0x08013ad0   0x08013ad0   0x00000004   Data   RO         3545    .rti_fn.1.end       components.o
    0x08013ad4   0x08013ad4   0x00000004   Data   RO         3546    .rti_fn.6.end       components.o
    0x08013ad8   0x08013ad8   0x00000040   Data   RO         7199    Region$$Table       anon$$obj.o


    Execution Region RW_IRAM1 (Exec base: 0x20000000, Load base: 0x08013b18, Size: 0x00005398, Max: 0x00030000, ABSOLUTE, COMPRESSED[0x000000c8])

    Exec Addr    Load Addr    Size         Type   Attr      Idx    E Section Name        Object

    0x20000000   COMPRESSED   0x00000014   Data   RW           16    .data               system_stm32f4xx.o
    0x20000014   COMPRESSED   0x00000010   Data   RW          629    .data               stm32f4xx_rcc.o
    0x20000024   COMPRESSED   0x00000011   Data   RW         2104    .data               stm32f429i_discovery_i2c_ee.o
    0x20000035   COMPRESSED   0x00000003   PAD
    0x20000038   COMPRESSED   0x00000015   Data   RW         2202    .data               stm32f429i_discovery_ioe.o
    0x2000004d   COMPRESSED   0x00000003   PAD
    0x20000050   COMPRESSED   0x00000004   Data   RW         2641    .data               delay.o
    0x20000054   COMPRESSED   0x00000028   Data   RW         3146    .data               guidrv_stm32f429i_discovery.o
    0x2000007c   COMPRESSED   0x00000011   Data   RW         3376    .data               gui_x_os.o
    0x2000008d   COMPRESSED   0x00000003   PAD
    0x20000090   COMPRESSED   0x00000004   Data   RW         3500    .data               clock.o
    0x20000094   COMPRESSED   0x00000009   Data   RW         3895    .data               irq.o
    0x2000009d   COMPRESSED   0x00000003   PAD
    0x200000a0   COMPRESSED   0x00000020   Data   RW         4116    .data               mem.o
    0x200000c0   COMPRESSED   0x00000074   Data   RW         4196    .data               object.o
    0x20000134   COMPRESSED   0x0000001c   Data   RW         4297    .data               scheduler.o
    0x20000150   COMPRESSED   0x0000000c   Data   RW         4387    .data               thread.o
    0x2000015c   COMPRESSED   0x00000014   Data   RW         4525    .data               timer.o
    0x20000170   COMPRESSED   0x00000010   Data   RW         4635    .data               cpuport.o
    0x20000180   COMPRESSED   0x00000008   Data   RW         4705    .data               STemWin540_CM4_OS_Keil_ot.lib(guicc_m1555i.o)
    0x20000188   COMPRESSED   0x00000008   Data   RW         4719    .data               STemWin540_CM4_OS_Keil_ot.lib(guicc_m4444i.o)
    0x20000190   COMPRESSED   0x00000008   Data   RW         4732    .data               STemWin540_CM4_OS_Keil_ot.lib(guicc_m8888i.o)
    0x20000198   COMPRESSED   0x00000030   Data   RW         4749    .data               STemWin540_CM4_OS_Keil_ot.lib(gui__alpha.o)
    0x200001c8   COMPRESSED   0x00000048   Data   RW         5036    .data               STemWin540_CM4_OS_Keil_ot.lib(gui_core.o)
    0x20000210   COMPRESSED   0x00000004   Data   RW         5037    .data               STemWin540_CM4_OS_Keil_ot.lib(gui_core.o)
    0x20000214   COMPRESSED   0x00000004   Data   RW         5038    .data               STemWin540_CM4_OS_Keil_ot.lib(gui_core.o)
    0x20000218   COMPRESSED   0x00000004   Data   RW         5040    .data               STemWin540_CM4_OS_Keil_ot.lib(gui_core.o)
    0x2000021c   COMPRESSED   0x00000004   Data   RW         5041    .data               STemWin540_CM4_OS_Keil_ot.lib(gui_core.o)
    0x20000220   COMPRESSED   0x00000004   Data   RW         5042    .data               STemWin540_CM4_OS_Keil_ot.lib(gui_core.o)
    0x20000224   COMPRESSED   0x00000004   Data   RW         5043    .data               STemWin540_CM4_OS_Keil_ot.lib(gui_core.o)
    0x20000228   COMPRESSED   0x00000004   Data   RW         5044    .data               STemWin540_CM4_OS_Keil_ot.lib(gui_core.o)
    0x2000022c   COMPRESSED   0x00000002   Data   RW         5045    .data               STemWin540_CM4_OS_Keil_ot.lib(gui_core.o)
    0x2000022e   COMPRESSED   0x00000001   Data   RW         5046    .data               STemWin540_CM4_OS_Keil_ot.lib(gui_core.o)
    0x2000022f   COMPRESSED   0x00000001   PAD
    0x20000230   COMPRESSED   0x00000004   Data   RW         5047    .data               STemWin540_CM4_OS_Keil_ot.lib(gui_core.o)
    0x20000234   COMPRESSED   0x00000004   Data   RW         5048    .data               STemWin540_CM4_OS_Keil_ot.lib(gui_core.o)
    0x20000238   COMPRESSED   0x00000002   Data   RW         5049    .data               STemWin540_CM4_OS_Keil_ot.lib(gui_core.o)
    0x2000023a   COMPRESSED   0x00000002   Data   RW         5050    .data               STemWin540_CM4_OS_Keil_ot.lib(gui_core.o)
    0x2000023c   COMPRESSED   0x0000002c   Data   RW         5132    .data               STemWin540_CM4_OS_Keil_ot.lib(gui_multibuf.o)
    0x20000268   COMPRESSED   0x00000018   Data   RW         5157    .data               STemWin540_CM4_OS_Keil_ot.lib(gui_pid.o)
    0x20000280   COMPRESSED   0x00000008   Data   RW         5175    .data               STemWin540_CM4_OS_Keil_ot.lib(gui_selectlayer.o)
    0x20000288   COMPRESSED   0x00000004   Data   RW         5189    .data               STemWin540_CM4_OS_Keil_ot.lib(gui_time.o)
    0x2000028c   COMPRESSED   0x00000008   Data   RW         5201    .data               STemWin540_CM4_OS_Keil_ot.lib(guicc_m565.o)
    0x20000294   COMPRESSED   0x00000008   Data   RW         5214    .data               STemWin540_CM4_OS_Keil_ot.lib(guicc_m888.o)
    0x2000029c   COMPRESSED   0x00000004   Data   RW         5240    .data               STemWin540_CM4_OS_Keil_ot.lib(lcd.o)
    0x200002a0   COMPRESSED   0x00000014   Data   RW         5269    .data               STemWin540_CM4_OS_Keil_ot.lib(lcd_color.o)
    0x200002b4   COMPRESSED   0x00000008   Data   RW         5319    .data               STemWin540_CM4_OS_Keil_ot.lib(lcd_getex.o)
    0x200002bc   COMPRESSED   0x00000068   Data   RW         5825    .data               STemWin540_CM4_OS_Keil_ot.lib(wm.o)
    0x20000324   COMPRESSED   0x00000001   Data   RW         5826    .data               STemWin540_CM4_OS_Keil_ot.lib(wm.o)
    0x20000325   COMPRESSED   0x00000003   PAD
    0x20000328   COMPRESSED   0x00000018   Data   RW         6076    .data               STemWin540_CM4_OS_Keil_ot.lib(gui__managecache.o)
    0x20000340   COMPRESSED   0x00000004   Data   RW         6101    .data               STemWin540_CM4_OS_Keil_ot.lib(gui__private.o)
    0x20000344   COMPRESSED   0x00000004   Data   RW         6102    .data               STemWin540_CM4_OS_Keil_ot.lib(gui__private.o)
    0x20000348   COMPRESSED   0x00000004   Data   RW         6163    .data               STemWin540_CM4_OS_Keil_ot.lib(gui_charline.o)
    0x2000034c   COMPRESSED   0x00000010   Data   RW         6196    .data               STemWin540_CM4_OS_Keil_ot.lib(gui_onkey.o)
    0x2000035c   COMPRESSED   0x0000001c   Data   RW         6213    .data               STemWin540_CM4_OS_Keil_ot.lib(gui_task.o)
    0x20000378   COMPRESSED   0x0000000c   Data   RW         6254    .data               STemWin540_CM4_OS_Keil_ot.lib(gui_waitevent.o)
    0x20000384   COMPRESSED   0x00000004   Data   RW         6359    .data               STemWin540_CM4_OS_Keil_ot.lib(guidev_banding.o)
    0x20000388   COMPRESSED   0x00000001   Data   RW         6371    .data               STemWin540_CM4_OS_Keil_ot.lib(guidev_staticdevices.o)
    0x20000389   COMPRESSED   0x00000003   PAD
    0x2000038c   COMPRESSED   0x00000004   Data   RW         6402    .data               STemWin540_CM4_OS_Keil_ot.lib(wm__private.o)
    0x20000390   COMPRESSED   0x00000014   Data   RW         6445    .data               STemWin540_CM4_OS_Keil_ot.lib(wm_touch.o)
    0x200003a4   COMPRESSED   0x00000014   Data   RW         6564    .data               STemWin540_CM4_OS_Keil_ot.lib(gui_timer.o)
    0x200003b8   COMPRESSED   0x00000018   Data   RW         6830    .data               STemWin540_CM4_OS_Keil_ot.lib(lcd_aa.o)
    0x200003d0   COMPRESSED   0x00000004   Data   RW         7171    .data               mc_w.l(stdout.o)
    0x200003d4   COMPRESSED   0x00000004   Data   RW         7176    .data               mc_w.l(mvars.o)
    0x200003d8   COMPRESSED   0x00000004   Data   RW         7177    .data               mc_w.l(mvars.o)
    0x200003dc        -       0x0000000c   Zero   RW         2201    .bss                stm32f429i_discovery_ioe.o
    0x200003e8        -       0x000000f0   Zero   RW         2898    .bss                main.o
    0x200004d8        -       0x00001800   Zero   RW         3012    .bss                board.o
    0x20001cd8        -       0x00002d00   Zero   RW         3145    .bss                guidrv_stm32f429i_discovery.o
    0x200049d8        -       0x00000188   Zero   RW         3614    .bss                idle.o
    0x20004b60        -       0x00000080   Zero   RW         3957    .bss                kservice.o
    0x20004be0        -       0x00000020   Zero   RW         4115    .bss                mem.o
    0x20004c00        -       0x00000100   Zero   RW         4296    .bss                scheduler.o
    0x20004d00        -       0x000000cc   Zero   RW         4806    .bss                STemWin540_CM4_OS_Keil_ot.lib(gui_alloc.o)
    0x20004dcc        -       0x00000070   Zero   RW         5034    .bss                STemWin540_CM4_OS_Keil_ot.lib(gui_core.o)
    0x20004e3c        -       0x00000048   Zero   RW         5156    .bss                STemWin540_CM4_OS_Keil_ot.lib(gui_pid.o)
    0x20004e84        -       0x00000018   Zero   RW         5823    .bss                STemWin540_CM4_OS_Keil_ot.lib(wm.o)
    0x20004e9c        -       0x00000058   Zero   RW         6195    .bss                STemWin540_CM4_OS_Keil_ot.lib(gui_onkey.o)
    0x20004ef4        -       0x00000048   Zero   RW         6444    .bss                STemWin540_CM4_OS_Keil_ot.lib(wm_touch.o)
    0x20004f3c        -       0x00000040   Zero   RW         6479    .bss                STemWin540_CM4_OS_Keil_ot.lib(gui_cursor.o)
    0x20004f7c        -       0x00000018   Zero   RW         6646    .bss                STemWin540_CM4_OS_Keil_ot.lib(wm_pid__getprevstate.o)
    0x20004f94   COMPRESSED   0x00000004   PAD
    0x20004f98        -       0x00000400   Zero   RW            1    STACK               startup_stm32f429_439xx.o


    Execution Region RW_IRAM2 (Exec base: 0xd0300000, Load base: 0x08013be0, Size: 0x00001400, Max: 0x00200000, ABSOLUTE, COMPRESSED[0x0000002c])

    Exec Addr    Load Addr    Size         Type   Attr      Idx    E Section Name        Object

    0xd0300000   COMPRESSED   0x00001400   Data   RW         2899    EXRAM               main.o


    Execution Region RW_IRAM4 (Exec base: 0xd0500000, Load base: 0x08013c0c, Size: 0x00300000, Max: 0x00300000, ABSOLUTE)

    Exec Addr    Load Addr    Size         Type   Attr      Idx    E Section Name        Object

    0xd0500000        -       0x00300000   Zero   RW            2    HEAP                startup_stm32f429_439xx.o


==============================================================================

Image component sizes


      Code (inc. data)   RO Data    RW Data    ZI Data      Debug   Object Name

       256         30          0          0       6144      30015   board.o
        60         12          0          4          0       1165   clock.o
       190         30         16          0          0       5864   components.o
       308         26          0          0          0        820   context_rvds.o
       628        342          0         16          0       4170   cpuport.o
         0          0          0          4          0        206   delay.o
       288        130          0         17          0       4261   gui_x_os.o
        60         26          0          0          0       1059   guiconf.o
      4050        506          0         40      11520      62223   guidrv_stm32f429i_discovery.o
       252         34          0          0        392       5666   idle.o
       500         12          0          0          0       9269   ipc.o
       104         20          0          9          0       1702   irq.o
      1696        164        290          0        128       8804   kservice.o
      1682         68          0          0          0       7288   lcd_rgb.o
       178         52          0       5120        240       8343   main.o
      1008        234          0         32         32       4020   mem.o
       394         26          0        116          0       8568   object.o
       450        124          0          0          0       2210   redraw.o
       554         90          0         28        256       8474   scheduler.o
       856         28          0          0          0       3325   sdram.o
        44         12        428          0    3146752        960   startup_stm32f429_439xx.o
       176         38          0         17          0       2865   stm32f429i_discovery_i2c_ee.o
      2196        116          0         21         12      69877   stm32f429i_discovery_ioe.o
       142         28          0          0          0       3418   stm32f4xx_dma.o
       452         20          0          0          0       3851   stm32f4xx_fmc.o
       232          0          0          0          0       3879   stm32f4xx_gpio.o
       560         28          0          0          0       8404   stm32f4xx_i2c.o
        36          0          0          0          0       4094   stm32f4xx_it.o
       874         42          0          0          0       7124   stm32f4xx_ltdc.o
       548         76          0         16          0       9456   stm32f4xx_rcc.o
       282         24          0          0          0       3973   stm32f4xx_spi.o
       270          8          0          0          0       3624   stm32f4xx_usart.o
       392         32          0         20          0     324465   system_stm32f4xx.o
       848         54          0         12          0      12702   thread.o
       820         36          0         20          0      11401   timer.o
       192         12          0          0          0       3273   usart.o

    ----------------------------------------------------------------------
     21612       2480        800       5504    3165476     650818   Object Totals
         0          0         64          0          0          0   (incl. Generated)
        34          0          2         12          0          0   (incl. Padding)

    ----------------------------------------------------------------------

      Code (inc. data)   RO Data    RW Data    ZI Data      Debug   Library Member Name

         0          0       2720          0          0          0   f16_ascii.o
         0          0       2696          0          0          0   f16b_ascii.o
         0          0       4792          0          0          0   f24_ascii.o
         0          0       1816          0          0          0   f6x8.o
       144          6          0          0          0        140   gui_2dlib.o
       966         64          0         48          0       1160   gui__alpha.o
       818          0          0          0          0        396   gui__compactpixelindices.o
         0          0        880          0          0          0   gui__divtbl.o
       356          0          0          0          0        172   gui__expandpixelindices.o
       252         14          0         24          0        252   gui__managecache.o
       360          0          0          8          0        412   gui__private.o
      2150        112          0          0        204       2416   gui_alloc.o
       168         20          0          0          0        500   gui_char.o
       670         34          0          4          0        548   gui_charline.o
       398         10          0          0          0        492   gui_charm.o
       378         10          0          0          0        532   gui_charp.o
      1086         84          0          0          0       2616   gui_common.o
       712         86          8        115        112       1028   gui_core.o
       116          6          0          0         64        136   gui_cursor.o
       636         38          0          0          0        992   gui_device.o
       372         16          0          0          0        424   gui_dispstring.o
       448         90          0         44          0        632   gui_multibuf.o
        84         20          0         16         88        240   gui_onkey.o
       344         54          0         24         72        500   gui_pid.o
       148         14          0          8          0        500   gui_selectlayer.o
        40          6          0          0          0        124   gui_setalpha.o
      2018         24          0          0          0        732   gui_sprite.o
       496         46          0         28          0        632   gui_task.o
       116          8          0          4          0        136   gui_time.o
       330          8          0         20          0        528   gui_timer.o
        88         12          0          0          0        264   gui_uc.o
        18          0         16          0          0        464   gui_uc_encodenone.o
        16          4          0         12          0        116   gui_waitevent.o
       224          0         24          0          0        388   guicc_0.o
       182          0         24          0          0        384   guicc_16.o
       228         34         24          0          0        636   guicc_1616i.o
       236         20         24          0          0        348   guicc_8666.o
       194         18         24          0          0        636   guicc_88666i.o
       158          0         24          0          0        504   guicc_8888.o
         2          0          0          0          0        116   guicc_8888_index2color.o
         2          0          0          0          0        116   guicc_888_index2color.o
       478         30         24          8          0        792   guicc_m1555i.o
       454         30         24          8          0        792   guicc_m4444i.o
       426         48         24          8          0        792   guicc_m565.o
       282         14         24          8          0        660   guicc_m888.o
       348         12         24          8          0        676   guicc_m8888i.o
        30          0          0          0          0        116   guicc_m8888i_index2color.o
        20          0          0          0          0        116   guicc_m888_index2color.o
       912         40          0          0          0       1092   guidev.o
      3032         60        116          0          0       1592   guidev_32.o
       352         12          0          4          0        152   guidev_banding.o
        76          4          0          0          0        136   guidev_clear.o
        38          0          0          0          0        128   guidev_getdataptr.o
        52          6          0          0          0        128   guidev_getysize.o
        60          4          0          0          0        128   guidev_reduceysize.o
       112          6          0          0          0        140   guidev_setorg.o
       384         26          0          1          0        168   guidev_staticdevices.o
        86          0          0          0          0        260   guidev_usage.o
       472          4         24          0          0        752   guidev_usagebm.o
       100          0          0          0          0        140   guidev_write.o
       432         14          0          0          0        168   guidev_writetoactivealpha.o
      2076         14          8          0          0        168   guidev_writetoactiveopaque.o
      3614        158         52          0          0       3840   guidrv_lin_32.o
      2096        148         12          4          0       2368   lcd.o
       100         14          0         24          0        240   lcd_aa.o
       448         44          0         20          0        652   lcd_color.o
        32         12          0          0          0        232   lcd_getcolorindex.o
       836         54          0          8          0       2988   lcd_getex.o
        28          0          0          0          0        128   lcd_getnumdisplays.o
         0          0        256          0          0          0   lcd_mirror.o
       672         20          0          0          0        332   lcd_readrect.o
        72         10          0          0          0        128   lcd_selectlcd.o
       304          0          0          0          0        920   lcd_set.o
        52         10          0          0          0        132   lcd_setcliprectex.o
        36          4          0          0          0        128   lcd_updatecolorindices.o
      6374        240          0        105         24       4964   wm.o
       636         22          0          4          0       1304   wm__private.o
       916         26          0          0          0       1952   wm_lib.o
       408          0          0          0          0        436   wm_move.o
       160         26          8          0          0        380   wm_multibuf.o
        28          4          0          0         24        116   wm_pid__getprevstate.o
       284          6          0          0          0        272   wm_screen2win.o
        56          8          0          0          0        140   wm_setcapture.o
       122          0          0          0          0        136   wm_timer.o
      1240         44          0         20         72        300   wm_touch.o
        86          0          0          0          0          0   __dczerorl2.o
         0          0          0          0          0          0   entry.o
         0          0          0          0          0          0   entry10a.o
         0          0          0          0          0          0   entry11a.o
         8          4          0          0          0          0   entry2.o
         4          0          0          0          0          0   entry5.o
         0          0          0          0          0          0   entry7b.o
         0          0          0          0          0          0   entry8b.o
         8          4          0          0          0          0   entry9a.o
        30          0          0          0          0          0   handlers.o
        36          8          0          0          0         68   init.o
       108         16          0          0          0         84   malloc.o
        66          0          0          0          0         76   memmove.o
        36          0          0          0          0        108   memseta.o
         0          0          0          8          0          0   mvars.o
       372         14          0          0          0        184   printf1.o
         0          0          0          4          0          0   stdout.o
        44          0          0          0          0         80   uidiv.o

    ----------------------------------------------------------------------
     44584       2078      13668        604        664      51996   Library Totals
        96          0          0          7          4          0   (incl. Padding)

    ----------------------------------------------------------------------

      Code (inc. data)   RO Data    RW Data    ZI Data      Debug   Library Name

     43690       2032      13668        585        660      51396   STemWin540_CM4_OS_Keil_ot.lib
       798         46          0         12          0        600   mc_w.l

    ----------------------------------------------------------------------
     44584       2078      13668        604        664      51996   Library Totals

    ----------------------------------------------------------------------

==============================================================================


      Code (inc. data)   RO Data    RW Data    ZI Data      Debug   

     66196       4558      14468       6108    3166140     639190   Grand Totals
     66196       4558      14468        244    3166140     639190   ELF Image Totals (compressed)
     66196       4558      14468        244          0          0   ROM Totals

==============================================================================

    Total RO  Size (Code + RO Data)                80664 (  78.77kB)
    Total RW  Size (RW Data + ZI Data)           3172248 (3097.90kB)
    Total ROM Size (Code + RO Data + RW Data)      80908 (  79.01kB)

==============================================================================

