<html>
<body>
<pre>
<h1>µVision Build Log</h1>
<h2>Tool Versions:</h2>
IDE-Version: ¦ÌVision V5.25.2.0
Copyright (C) 2018 ARM Ltd and ARM Germany GmbH. All rights reserved.
License Information: h h, h, LIC=IK130-B93BI-WE9H7-EZDQL-FE8BV-I8H13
 
Tool Versions:
Toolchain:       MDK-ARM Plus  Version: 5.25.2.0
Toolchain Path:  D:\keil\ARM\ARMCC\Bin
C Compiler:      Armcc.exe V5.06 update 6 (build 750)
Assembler:       Armasm.exe V5.06 update 6 (build 750)
Linker/Locator:  ArmLink.exe V5.06 update 6 (build 750)
Library Manager: ArmAr.exe V5.06 update 6 (build 750)
Hex Converter:   FromElf.exe V5.06 update 6 (build 750)
CPU DLL:         SARMCM3.DLL V5.25.2.0
Dialog DLL:      DCM.DLL V1.17.1.0
Target DLL:      STLink\ST-LINKIII-KEIL_SWO.dll V3.0.1.0
Dialog DLL:      TCM.DLL V1.35.1.0
 
<h2>Project:</h2>
F:\shared\STM32F429_Dis1\Project\STM32F429.uvprojx
Project File Date:  04/16/2019

<h2>Output:</h2>
*** Using Compiler 'V5.06 update 6 (build 750)', folder: 'D:\keil\ARM\ARMCC\Bin'
*** Note: Rebuilding project, since 'Options->Output->Create Batch File' is selected.
Rebuild target 'Project'
assembling startup_stm32f429_439xx.s...
compiling system_stm32f4xx.c...
compiling misc.c...
compiling stm32f4xx_gpio.c...
compiling stm32f4xx_dma2d.c...
compiling stm32f4xx_exti.c...
compiling stm32f4xx_syscfg.c...
compiling stm32f4xx_rcc.c...
compiling stm32f4xx_i2c.c...
compiling stm32f4xx_dma.c...
compiling stm32f4xx_fmc.c...
compiling stm32f4xx_usart.c...
compiling stm32f4xx_ltdc.c...
compiling stm32f4xx_spi.c...
compiling stm32f4xx_rtc.c...
compiling stm32f4xx_pwr.c...
compiling stm32f429i_discovery.c...
compiling stm32f429i_discovery_i2c_ee.c...
compiling stm32f429i_discovery_ioe.c...
compiling stm32f429i_discovery_l3gd20.c...
compiling usart.c...
compiling delay.c...
..\Driver\Delay\delay.c(57): warning:  #1-D: last line of file ends without a newline
  }
..\Driver\Delay\delay.c: 1 warning, 0 errors
compiling lcd_rgb.c...
compiling sdram.c...
compiling CPUusage.c...
compiling getThreadInfo.c...
compiling kernellog.c...
compiling rtc.c...
compiling stm32f4xx_it.c...
compiling main.c...
..\User\main.c(29): warning:  #177-D: function "DH11"  was declared but never referenced
  static void DH11(void* parameter);
..\User\main.c: 1 warning, 0 errors
compiling board.c...
compiling GUI_X_OS.c...
compiling GUIConf.c...
compiling GUIDRV_stm32f429i_discovery.c...
compiling background.c...
compiling buttonuser.c...
compiling calender.c...
compiling iconbitmap.c...
compiling iconviewdemo.c...
compiling sys_startup.c...
compiling systemrec.c...
compiling systemset.c...
..\STemwin\APP\systemset.c(58): warning:  #177-D: variable "str"  was declared but never referenced
    char str[40];
..\STemwin\APP\systemset.c: 1 warning, 0 errors
compiling temperature.c...
..\STemwin\APP\temperature.c(245): warning:  #550-D: variable "hTimerTime"  was set but never used
        static WM_HTIMER hTimerTime; 
..\STemwin\APP\temperature.c: 1 warning, 0 errors
compiling hum.c...
..\STemwin\APP\hum.c(79): warning:  #550-D: variable "hTimerTime"  was set but never used
        static WM_HTIMER hTimerTime; 
..\STemwin\APP\hum.c: 1 warning, 0 errors
compiling clock.c...
compiling components.c...
compiling device.c...
compiling idle.c...
compiling ipc.c...
compiling irq.c...
compiling kservice.c...
compiling mem.c...
compiling memheap.c...
compiling mempool.c...
compiling object.c...
compiling scheduler.c...
compiling signal.c...
compiling thread.c...
compiling timer.c...
assembling context_rvds.S...
compiling cpuport.c...
compiling adler32.c...
..\STemwin\PNG\adler32.c(57): warning:  #1294-D: Old-style function adler32
  uLong ZEXPORT adler32(adler, buf, len)
..\STemwin\PNG\adler32.c(128): warning:  #1294-D: Old-style function adler32_combine
  uLong ZEXPORT adler32_combine(adler1, adler2, len2)
..\STemwin\PNG\adler32.c: 2 warnings, 0 errors
compiling compress.c...
..\STemwin\PNG\compress.c(22): warning:  #1294-D: Old-style function compress2
  int ZEXPORT compress2 (dest, destLen, source, sourceLen, level)
..\STemwin\PNG\compress.c(62): warning:  #1294-D: Old-style function compress
  int ZEXPORT compress (dest, destLen, source, sourceLen)
..\STemwin\PNG\compress.c(75): warning:  #1294-D: Old-style function compressBound
  uLong ZEXPORT compressBound (sourceLen)
..\STemwin\PNG\compress.c: 3 warnings, 0 errors
compiling crc32.c...
..\STemwin\PNG\crc32.c(219): warning:  #1294-D: Old-style function crc32
  unsigned long ZEXPORT crc32(crc, buf, len)
..\STemwin\PNG\crc32.c(242): warning:  #111-D: statement is unreachable
      crc = crc ^ 0xffffffffUL;
..\STemwin\PNG\crc32.c(262): warning:  #1294-D: Old-style function crc32_little
  local unsigned long crc32_little(crc, buf, len)
..\STemwin\PNG\crc32.c(302): warning:  #1294-D: Old-style function crc32_big
  local unsigned long crc32_big(crc, buf, len)
..\STemwin\PNG\crc32.c(342): warning:  #1294-D: Old-style function gf2_matrix_times
  local unsigned long gf2_matrix_times(mat, vec)
..\STemwin\PNG\crc32.c(359): warning:  #1294-D: Old-style function gf2_matrix_square
  local void gf2_matrix_square(square, mat)
..\STemwin\PNG\crc32.c(370): warning:  #1294-D: Old-style function crc32_combine
  uLong ZEXPORT crc32_combine(crc1, crc2, len2)
..\STemwin\PNG\crc32.c: 7 warnings, 0 errors
compiling deflate.c...
..\STemwin\PNG\deflate.c(204): warning:  #1294-D: Old-style function deflateInit_
  int ZEXPORT deflateInit_(strm, level, version, stream_size)
..\STemwin\PNG\deflate.c(216): warning:  #1294-D: Old-style function deflateInit2_
  int ZEXPORT deflateInit2_(strm, level, method, windowBits, memLevel, strategy,
..\STemwin\PNG\deflate.c(315): warning:  #1294-D: Old-style function deflateSetDictionary
  int ZEXPORT deflateSetDictionary (strm, dictionary, dictLength)
..\STemwin\PNG\deflate.c(357): warning:  #1294-D: Old-style function deflateReset
  int ZEXPORT deflateReset (strm)
..\STemwin\PNG\deflate.c(393): warning:  #1294-D: Old-style function deflateSetHeader
  int ZEXPORT deflateSetHeader (strm, head)
..\STemwin\PNG\deflate.c(404): warning:  #1294-D: Old-style function deflatePrime
  int ZEXPORT deflatePrime (strm, bits, value)
..\STemwin\PNG\deflate.c(416): warning:  #1294-D: Old-style function deflateParams
  int ZEXPORT deflateParams(strm, level, strategy)
..\STemwin\PNG\deflate.c(454): warning:  #1294-D: Old-style function deflateTune
  int ZEXPORT deflateTune(strm, good_length, max_lazy, nice_length, max_chain)
..\STemwin\PNG\deflate.c(489): warning:  #1294-D: Old-style function deflateBound
  uLong ZEXPORT deflateBound(strm, sourceLen)
..\STemwin\PNG\deflate.c(518): warning:  #1294-D: Old-style function putShortMSB
  local void putShortMSB (s, b)
..\STemwin\PNG\deflate.c(532): warning:  #1294-D: Old-style function flush_pending
  local void flush_pending(strm)
..\STemwin\PNG\deflate.c(552): warning:  #1294-D: Old-style function deflate
  int ZEXPORT deflate (strm, flush)
..\STemwin\PNG\deflate.c(859): warning:  #1294-D: Old-style function deflateEnd
  int ZEXPORT deflateEnd (strm)
..\STemwin\PNG\deflate.c(894): warning:  #1294-D: Old-style function deflateCopy
  int ZEXPORT deflateCopy (dest, source)
..\STemwin\PNG\deflate.c(956): warning:  #1294-D: Old-style function read_buf
  local int read_buf(strm, buf, size)
..\STemwin\PNG\deflate.c(986): warning:  #1294-D: Old-style function lm_init
  local void lm_init (s)
..\STemwin\PNG\deflate.c(1027): warning:  #1294-D: Old-style function longest_match
  local uInt longest_match(s, cur_match)
..\STemwin\PNG\deflate.c(1175): warning:  #1294-D: Old-style function longest_match_fast
  local uInt longest_match_fast(s, cur_match)
..\STemwin\PNG\deflate.c(1266): warning:  #1294-D: Old-style function fill_window
  local void fill_window(s)
..\STemwin\PNG\deflate.c(1390): warning:  #1294-D: Old-style function deflate_stored
  local block_state deflate_stored(s, flush)
..\STemwin\PNG\deflate.c(1448): warning:  #1294-D: Old-style function deflate_fast
  local block_state deflate_fast(s, flush)
..\STemwin\PNG\deflate.c(1554): warning:  #1294-D: Old-style function deflate_slow
  local block_state deflate_slow(s, flush)
..\STemwin\PNG\deflate.c: 22 warnings, 0 errors
compiling GUI_PNG.c...
compiling gzio.c...
..\STemwin\PNG\gzio.c(1035): warning:  #1-D: last line of file ends without a newline
  #endif
..\STemwin\PNG\gzio.c: 1 warning, 0 errors
compiling IMAGE_PNG.c...
compiling infback.c...
..\STemwin\PNG\infback.c(28): warning:  #1294-D: Old-style function inflateBackInit_
  int ZEXPORT inflateBackInit_(strm, windowBits, window, version, stream_size)
..\STemwin\PNG\infback.c(73): warning:  #1294-D: Old-style function fixedtables
  local void fixedtables(state)
..\STemwin\PNG\infback.c(241): warning:  #1294-D: Old-style function inflateBack
  int ZEXPORT inflateBack(strm, in, in_desc, out, out_desc)
..\STemwin\PNG\infback.c(614): warning:  #1294-D: Old-style function inflateBackEnd
  int ZEXPORT inflateBackEnd(strm)
..\STemwin\PNG\infback.c: 4 warnings, 0 errors
compiling inffast.c...
..\STemwin\PNG\inffast.c(67): warning:  #1294-D: Old-style function inflate_fast
  void inflate_fast(strm, start)
..\STemwin\PNG\inffast.c: 1 warning, 0 errors
compiling inflate.c...
..\STemwin\PNG\inflate.c(103): warning:  #1294-D: Old-style function inflateReset
  int ZEXPORT inflateReset(strm)
..\STemwin\PNG\inflate.c(128): warning:  #1294-D: Old-style function inflatePrime
  int ZEXPORT inflatePrime(strm, bits, value)
..\STemwin\PNG\inflate.c(144): warning:  #1294-D: Old-style function inflateInit2_
  int ZEXPORT inflateInit2_(strm, windowBits, version, stream_size)
..\STemwin\PNG\inflate.c(187): warning:  #1294-D: Old-style function inflateInit_
  int ZEXPORT inflateInit_(strm, version, stream_size)
..\STemwin\PNG\inflate.c(205): warning:  #1294-D: Old-style function fixedtables
  local void fixedtables(state)
..\STemwin\PNG\inflate.c(323): warning:  #1294-D: Old-style function updatewindow
  local int updatewindow(strm, out)
..\STemwin\PNG\inflate.c(554): warning:  #1294-D: Old-style function inflate
  int ZEXPORT inflate(strm, flush)
..\STemwin\PNG\inflate.c(1155): warning:  #1294-D: Old-style function inflateEnd
  int ZEXPORT inflateEnd(strm)
..\STemwin\PNG\inflate.c(1169): warning:  #1294-D: Old-style function inflateSetDictionary
  int ZEXPORT inflateSetDictionary(strm, dictionary, dictLength)
..\STemwin\PNG\inflate.c(1211): warning:  #1294-D: Old-style function inflateGetHeader
  int ZEXPORT inflateGetHeader(strm, head)
..\STemwin\PNG\inflate.c(1239): warning:  #1294-D: Old-style function syncsearch
  local unsigned syncsearch(have, buf, len)
..\STemwin\PNG\inflate.c(1262): warning:  #1294-D: Old-style function inflateSync
  int ZEXPORT inflateSync(strm)
..\STemwin\PNG\inflate.c(1313): warning:  #1294-D: Old-style function inflateSyncPoint
  int ZEXPORT inflateSyncPoint(strm)
..\STemwin\PNG\inflate.c(1323): warning:  #1294-D: Old-style function inflateCopy
  int ZEXPORT inflateCopy(dest, source)
..\STemwin\PNG\inflate.c: 14 warnings, 0 errors
compiling inftrees.c...
compiling png.c...
compiling pngerror.c...
compiling pnggccrd.c...
compiling pngget.c...
compiling pngmem.c...
compiling pngpread.c...
compiling pngread.c...
compiling pngrio.c...
compiling pngrtran.c...
..\STemwin\PNG\pngrtran.c(631): warning:  #1035-D: single-precision operand implicitly converted to double-precision
        int red_fixed = (int)((float)red*100000.0 + 0.5);
..\STemwin\PNG\pngrtran.c(632): warning:  #1035-D: single-precision operand implicitly converted to double-precision
        int green_fixed = (int)((float)green*100000.0 + 0.5);
..\STemwin\PNG\pngrtran.c(834): warning:  #1035-D: single-precision operand implicitly converted to double-precision
         && (fabs(png_ptr->screen_gamma * png_ptr->gamma - 1.0)
..\STemwin\PNG\pngrtran.c(849): warning:  #1035-D: single-precision operand implicitly converted to double-precision
          png_ptr->gamma != 0.0)
..\STemwin\PNG\pngrtran.c(884): warning:  #1035-D: single-precision operand implicitly converted to double-precision
                       g = 1.0 / (png_ptr->gamma);
..\STemwin\PNG\pngrtran.c(885): warning:  #1035-D: single-precision operand implicitly converted to double-precision
                       gs = 1.0 / (png_ptr->gamma * png_ptr->screen_gamma);
..\STemwin\PNG\pngrtran.c(888): warning:  #1035-D: single-precision operand implicitly converted to double-precision
                       g = 1.0 / (png_ptr->background_gamma);
..\STemwin\PNG\pngrtran.c(889): warning:  #1035-D: single-precision operand implicitly converted to double-precision
                       gs = 1.0 / (png_ptr->background_gamma *
..\STemwin\PNG\pngrtran.c(968): warning:  #1035-D: single-precision operand implicitly converted to double-precision
                    g = 1.0 / (png_ptr->gamma);
..\STemwin\PNG\pngrtran.c(969): warning:  #1035-D: single-precision operand implicitly converted to double-precision
                    gs = 1.0 / (png_ptr->gamma * png_ptr->screen_gamma);
..\STemwin\PNG\pngrtran.c(972): warning:  #1035-D: single-precision operand implicitly converted to double-precision
                    g = 1.0 / (png_ptr->background_gamma);
..\STemwin\PNG\pngrtran.c(973): warning:  #1035-D: single-precision operand implicitly converted to double-precision
                    gs = 1.0 / (png_ptr->background_gamma *
..\STemwin\PNG\pngrtran.c(3986): warning:  #1035-D: single-precision operand implicitly converted to double-precision
       if (png_ptr->screen_gamma > .000001)
..\STemwin\PNG\pngrtran.c(3987): warning:  #1035-D: single-precision operand implicitly converted to double-precision
          g = 1.0 / (png_ptr->gamma * png_ptr->screen_gamma);
..\STemwin\PNG\pngrtran.c(4005): warning:  #1035-D: single-precision operand implicitly converted to double-precision
          g = 1.0 / (png_ptr->gamma);
..\STemwin\PNG\pngrtran.c(4020): warning:  #1035-D: single-precision operand implicitly converted to double-precision
          if(png_ptr->screen_gamma > 0.000001)
..\STemwin\PNG\pngrtran.c(4021): warning:  #1035-D: single-precision operand implicitly converted to double-precision
             g = 1.0 / png_ptr->screen_gamma;
..\STemwin\PNG\pngrtran.c(4074): warning:  #1035-D: single-precision operand implicitly converted to double-precision
       if (png_ptr->screen_gamma > .000001)
..\STemwin\PNG\pngrtran.c(4075): warning:  #1035-D: single-precision operand implicitly converted to double-precision
          g = 1.0 / (png_ptr->gamma * png_ptr->screen_gamma);
..\STemwin\PNG\pngrtran.c(4137): warning:  #1035-D: single-precision operand implicitly converted to double-precision
          g = 1.0 / (png_ptr->gamma);
..\STemwin\PNG\pngrtran.c(4157): warning:  #1035-D: single-precision operand implicitly converted to double-precision
          if(png_ptr->screen_gamma > 0.000001)
..\STemwin\PNG\pngrtran.c(4158): warning:  #1035-D: single-precision operand implicitly converted to double-precision
             g = 1.0 / png_ptr->screen_gamma;
..\STemwin\PNG\pngrtran.c: 22 warnings, 0 errors
compiling pngrutil.c...
compiling pngset.c...
compiling pngtrans.c...
compiling pngvcrd.c...
compiling pngwio.c...
compiling pngwrite.c...
compiling pngwtran.c...
compiling pngwutil.c...
compiling trees.c...
..\STemwin\PNG\trees.c(382): warning:  #1294-D: Old-style function _tr_init
  void _tr_init(s)
..\STemwin\PNG\trees.c(411): warning:  #1294-D: Old-style function init_block
  local void init_block(s)
..\STemwin\PNG\trees.c(455): warning:  #1294-D: Old-style function pqdownheap
  local void pqdownheap(s, tree, k)
..\STemwin\PNG\trees.c(490): warning:  #1294-D: Old-style function gen_bitlen
  local void gen_bitlen(s, desc)
..\STemwin\PNG\trees.c(577): warning:  #1294-D: Old-style function gen_codes
  local void gen_codes (tree, max_code, bl_count)
..\STemwin\PNG\trees.c(619): warning:  #1294-D: Old-style function build_tree
  local void build_tree(s, desc)
..\STemwin\PNG\trees.c(707): warning:  #1294-D: Old-style function scan_tree
  local void scan_tree (s, tree, max_code)
..\STemwin\PNG\trees.c(752): warning:  #1294-D: Old-style function send_tree
  local void send_tree (s, tree, max_code)
..\STemwin\PNG\trees.c(803): warning:  #1294-D: Old-style function build_bl_tree
  local int build_bl_tree(s)
..\STemwin\PNG\trees.c(838): warning:  #1294-D: Old-style function send_all_trees
  local void send_all_trees(s, lcodes, dcodes, blcodes)
..\STemwin\PNG\trees.c(867): warning:  #1294-D: Old-style function _tr_stored_block
  void _tr_stored_block(s, buf, stored_len, eof)
..\STemwin\PNG\trees.c(892): warning:  #1294-D: Old-style function _tr_align
  void _tr_align(s)
..\STemwin\PNG\trees.c(921): warning:  #1294-D: Old-style function _tr_flush_block
  void _tr_flush_block(s, buf, stored_len, eof)
..\STemwin\PNG\trees.c(1022): warning:  #1294-D: Old-style function _tr_tally
  int _tr_tally (s, dist, lc)
..\STemwin\PNG\trees.c(1072): warning:  #1294-D: Old-style function compress_block
  local void compress_block(s, ltree, dtree)
..\STemwin\PNG\trees.c(1126): warning:  #1294-D: Old-style function set_data_type
  local void set_data_type(s)
..\STemwin\PNG\trees.c(1146): warning:  #1294-D: Old-style function bi_reverse
  local unsigned bi_reverse(code, len)
..\STemwin\PNG\trees.c(1161): warning:  #1294-D: Old-style function bi_flush
  local void bi_flush(s)
..\STemwin\PNG\trees.c(1178): warning:  #1294-D: Old-style function bi_windup
  local void bi_windup(s)
..\STemwin\PNG\trees.c(1197): warning:  #1294-D: Old-style function copy_block
  local void copy_block(s, buf, len, header)
..\STemwin\PNG\trees.c: 20 warnings, 0 errors
compiling uncompr.c...
..\STemwin\PNG\uncompr.c(26): warning:  #1294-D: Old-style function uncompress
  int ZEXPORT uncompress (dest, destLen, source, sourceLen)
..\STemwin\PNG\uncompr.c: 1 warning, 0 errors
compiling zutil.c...
..\STemwin\PNG\zutil.c(133): warning:  #1294-D: Old-style function zError
  const char * ZEXPORT zError(err)
..\STemwin\PNG\zutil.c(300): warning:  #1294-D: Old-style function zcalloc
  voidpf zcalloc (opaque, items, size)
..\STemwin\PNG\zutil.c(310): warning:  #1294-D: Old-style function zcfree
  void  zcfree (opaque, ptr)
..\STemwin\PNG\zutil.c: 3 warnings, 0 errors
linking...
Program Size: Code=261984 RO-data=828144 RW-data=4208712 ZI-data=1063144  
FromELF: creating hex file...
"..\Output\STM32F429.axf" - 0 Error(s), 105 Warning(s).

<h2>Software Packages used:</h2>

Package Vendor: Keil
                http://www.keil.com/pack/Keil.STM32F4xx_DFP.2.13.0.pack
                Keil.STM32F4xx_DFP.2.13.0
                STMicroelectronics STM32F4 Series Device Support, Drivers and Examples

<h2>Collection of Component include folders:</h2>
  .\RTE\_Project
  D:\keil\ARM\PACK\Keil\STM32F4xx_DFP\2.13.0\Drivers\CMSIS\Device\ST\STM32F4xx\Include

<h2>Collection of Component Files used:</h2>
Build Time Elapsed:  00:00:45
</pre>
</body>
</html>
