Component: ARM Compiler 5.06 update 6 (build 750) Tool: armlink [4d35ed]

==============================================================================

Section Cross References

    startup_stm32f429_439xx.o(RESET) refers to startup_stm32f429_439xx.o(STACK) for __initial_sp
    startup_stm32f429_439xx.o(RESET) refers to startup_stm32f429_439xx.o(.text) for Reset_Handler
    startup_stm32f429_439xx.o(RESET) refers to stm32f4xx_it.o(i.NMI_Handler) for NMI_Handler
    startup_stm32f429_439xx.o(RESET) refers to context_rvds.o(.text) for HardFault_Handler
    startup_stm32f429_439xx.o(RESET) refers to stm32f4xx_it.o(i.MemManage_Handler) for MemManage_Handler
    startup_stm32f429_439xx.o(RESET) refers to stm32f4xx_it.o(i.BusFault_Handler) for BusFault_Handler
    startup_stm32f429_439xx.o(RESET) refers to stm32f4xx_it.o(i.UsageFault_Handler) for UsageFault_Handler
    startup_stm32f429_439xx.o(RESET) refers to stm32f4xx_it.o(i.SVC_Handler) for SVC_Handler
    startup_stm32f429_439xx.o(RESET) refers to stm32f4xx_it.o(i.DebugMon_Handler) for DebugMon_Handler
    startup_stm32f429_439xx.o(RESET) refers to board.o(i.SysTick_Handler) for SysTick_Handler
    startup_stm32f429_439xx.o(RESET) refers to stm32f429i_discovery_i2c_ee.o(i.DMA1_Stream2_IRQHandler) for DMA1_Stream2_IRQHandler
    startup_stm32f429_439xx.o(RESET) refers to stm32f429i_discovery_i2c_ee.o(i.DMA1_Stream4_IRQHandler) for DMA1_Stream4_IRQHandler
    startup_stm32f429_439xx.o(RESET) refers to stm32f4xx_it.o(i.DMA2_Stream1_IRQHandler) for DMA2_Stream1_IRQHandler
    startup_stm32f429_439xx.o(RESET) refers to stm32f4xx_it.o(i.LTDC_IRQHandler) for LTDC_IRQHandler
    startup_stm32f429_439xx.o(RESET) refers to stm32f4xx_it.o(i.DMA2D_IRQHandler) for DMA2D_IRQHandler
    startup_stm32f429_439xx.o(.text) refers to system_stm32f4xx.o(i.SystemInit) for SystemInit
    startup_stm32f429_439xx.o(.text) refers to sdram.o(i.SDRAM_Init) for SDRAM_Init
    startup_stm32f429_439xx.o(.text) refers to entry.o(.ARM.Collect$$$$00000000) for __main
    system_stm32f4xx.o(i.SystemCoreClockUpdate) refers to system_stm32f4xx.o(.data) for SystemCoreClock
    system_stm32f4xx.o(i.SystemInit) refers to system_stm32f4xx.o(i.SetSysClock) for SetSysClock
    stm32f4xx_gpio.o(i.GPIO_DeInit) refers to stm32f4xx_rcc.o(i.RCC_AHB1PeriphResetCmd) for RCC_AHB1PeriphResetCmd
    stm32f4xx_dma2d.o(i.DMA2D_DeInit) refers to stm32f4xx_rcc.o(i.RCC_AHB1PeriphResetCmd) for RCC_AHB1PeriphResetCmd
    stm32f4xx_syscfg.o(i.SYSCFG_DeInit) refers to stm32f4xx_rcc.o(i.RCC_APB2PeriphResetCmd) for RCC_APB2PeriphResetCmd
    stm32f4xx_rcc.o(i.RCC_GetClocksFreq) refers to stm32f4xx_rcc.o(.data) for APBAHBPrescTable
    stm32f4xx_rcc.o(i.RCC_WaitForHSEStartUp) refers to stm32f4xx_rcc.o(i.RCC_GetFlagStatus) for RCC_GetFlagStatus
    stm32f4xx_i2c.o(i.I2C_DeInit) refers to stm32f4xx_rcc.o(i.RCC_APB1PeriphResetCmd) for RCC_APB1PeriphResetCmd
    stm32f4xx_i2c.o(i.I2C_Init) refers to stm32f4xx_rcc.o(i.RCC_GetClocksFreq) for RCC_GetClocksFreq
    stm32f4xx_fmc.o(i.FMC_NORSRAMStructInit) refers to stm32f4xx_fmc.o(.constdata) for FMC_DefaultTimingStruct
    stm32f4xx_usart.o(i.USART_DeInit) refers to stm32f4xx_rcc.o(i.RCC_APB2PeriphResetCmd) for RCC_APB2PeriphResetCmd
    stm32f4xx_usart.o(i.USART_DeInit) refers to stm32f4xx_rcc.o(i.RCC_APB1PeriphResetCmd) for RCC_APB1PeriphResetCmd
    stm32f4xx_usart.o(i.USART_Init) refers to stm32f4xx_rcc.o(i.RCC_GetClocksFreq) for RCC_GetClocksFreq
    stm32f4xx_ltdc.o(i.LTDC_DeInit) refers to stm32f4xx_rcc.o(i.RCC_APB2PeriphResetCmd) for RCC_APB2PeriphResetCmd
    stm32f4xx_spi.o(i.SPI_I2S_DeInit) refers to stm32f4xx_rcc.o(i.RCC_APB2PeriphResetCmd) for RCC_APB2PeriphResetCmd
    stm32f4xx_spi.o(i.SPI_I2S_DeInit) refers to stm32f4xx_rcc.o(i.RCC_APB1PeriphResetCmd) for RCC_APB1PeriphResetCmd
    stm32f429i_discovery.o(i.STM_EVAL_LEDInit) refers to stm32f4xx_rcc.o(i.RCC_AHB1PeriphClockCmd) for RCC_AHB1PeriphClockCmd
    stm32f429i_discovery.o(i.STM_EVAL_LEDInit) refers to stm32f4xx_gpio.o(i.GPIO_Init) for GPIO_Init
    stm32f429i_discovery.o(i.STM_EVAL_LEDInit) refers to stm32f429i_discovery.o(.constdata) for GPIO_CLK
    stm32f429i_discovery.o(i.STM_EVAL_LEDInit) refers to stm32f429i_discovery.o(.data) for GPIO_PORT
    stm32f429i_discovery.o(i.STM_EVAL_LEDOff) refers to stm32f429i_discovery.o(.constdata) for GPIO_PIN
    stm32f429i_discovery.o(i.STM_EVAL_LEDOff) refers to stm32f429i_discovery.o(.data) for GPIO_PORT
    stm32f429i_discovery.o(i.STM_EVAL_LEDOn) refers to stm32f429i_discovery.o(.constdata) for GPIO_PIN
    stm32f429i_discovery.o(i.STM_EVAL_LEDOn) refers to stm32f429i_discovery.o(.data) for GPIO_PORT
    stm32f429i_discovery.o(i.STM_EVAL_LEDToggle) refers to stm32f429i_discovery.o(.data) for GPIO_PORT
    stm32f429i_discovery.o(i.STM_EVAL_LEDToggle) refers to stm32f429i_discovery.o(.constdata) for GPIO_PIN
[...]
    0x0800b3e2   0x0800b3e2   0x00000002   PAD
    0x0800b3e4   0x0800b3e4   0x00000074   Code   RO         5590    i._CopyBuffer       STemWin540_CM4_OS_Keil_ot.lib(guidrv_lin_32.o)
    0x0800b458   0x0800b458   0x000000aa   Code   RO         7140    i._CreateBuffer     STemWin540_CM4_OS_Keil_ot.lib(gui_sprite.o)
    0x0800b502   0x0800b502   0x00000012   Code   RO         6094    i._DeleteAllChildren  STemWin540_CM4_OS_Keil_ot.lib(wm.o)
    0x0800b514   0x0800b514   0x000000d0   Code   RO         3474    i._DemoRedraw       redraw.o
    0x0800b5e4   0x0800b5e4   0x0000059a   Code   RO         5591    i._DrawBitmap       STemWin540_CM4_OS_Keil_ot.lib(guidrv_lin_32.o)
    0x0800bb7e   0x0800bb7e   0x00000002   PAD
    0x0800bb80   0x0800bb80   0x00000820   Code   RO         6735    i._DrawBitmap       STemWin540_CM4_OS_Keil_ot.lib(guidev_32.o)
    0x0800c3a0   0x0800c3a0   0x0000000a   Code   RO         5592    i._DrawHLine        STemWin540_CM4_OS_Keil_ot.lib(guidrv_lin_32.o)
    0x0800c3aa   0x0800c3aa   0x0000000a   Code   RO         6736    i._DrawHLine        STemWin540_CM4_OS_Keil_ot.lib(guidev_32.o)
    0x0800c3b4   0x0800c3b4   0x0000000c   Code   RO         5593    i._DrawVLine        STemWin540_CM4_OS_Keil_ot.lib(guidrv_lin_32.o)
    0x0800c3c0   0x0800c3c0   0x000000fc   Code   RO         6737    i._DrawVLine        STemWin540_CM4_OS_Keil_ot.lib(guidev_32.o)
    0x0800c4bc   0x0800c4bc   0x00000006   Code   RO         6543    i._Encode           STemWin540_CM4_OS_Keil_ot.lib(gui_uc_encodenone.o)
    0x0800c4c2   0x0800c4c2   0x00000002   PAD
    0x0800c4c4   0x0800c4c4   0x000000d0   Code   RO         4972    i._EnlargeBlocks    STemWin540_CM4_OS_Keil_ot.lib(gui_alloc.o)
    0x0800c594   0x0800c594   0x00000154   Code   RO         5594    i._FillRect         STemWin540_CM4_OS_Keil_ot.lib(guidrv_lin_32.o)
    0x0800c6e8   0x0800c6e8   0x00000124   Code   RO         6738    i._FillRect         STemWin540_CM4_OS_Keil_ot.lib(guidev_32.o)
    0x0800c80c   0x0800c80c   0x0000008a   Code   RO         6096    i._Findx0           STemWin540_CM4_OS_Keil_ot.lib(wm.o)
    0x0800c896   0x0800c896   0x00000080   Code   RO         6097    i._Findx1           STemWin540_CM4_OS_Keil_ot.lib(wm.o)
    0x0800c916   0x0800c916   0x000000b4   Code   RO         6098    i._Findy1           STemWin540_CM4_OS_Keil_ot.lib(wm.o)
    0x0800c9ca   0x0800c9ca   0x00000004   Code   RO         7018    i._GUI_USAGE_BM_Delete  STemWin540_CM4_OS_Keil_ot.lib(guidev_usagebm.o)
    0x0800c9ce   0x0800c9ce   0x00000088   Code   RO         7146    i._GetBkIndexAlpha  STemWin540_CM4_OS_Keil_ot.lib(gui_sprite.o)
    0x0800ca56   0x0800ca56   0x00000004   Code   RO         6544    i._GetCharCode      STemWin540_CM4_OS_Keil_ot.lib(gui_uc_encodenone.o)
    0x0800ca5a   0x0800ca5a   0x00000004   Code   RO         6545    i._GetCharSize      STemWin540_CM4_OS_Keil_ot.lib(gui_uc_encodenone.o)
    0x0800ca5e   0x0800ca5e   0x00000002   PAD
    0x0800ca60   0x0800ca60   0x00000010   Code   RO         5595    i._GetDevData       STemWin540_CM4_OS_Keil_ot.lib(guidrv_lin_32.o)
    0x0800ca70   0x0800ca70   0x00000010   Code   RO         6739    i._GetDevData       STemWin540_CM4_OS_Keil_ot.lib(guidev_32.o)
    0x0800ca80   0x0800ca80   0x000000dc   Code   RO         5596    i._GetDevFunc       STemWin540_CM4_OS_Keil_ot.lib(guidrv_lin_32.o)
    0x0800cb5c   0x0800cb5c   0x00000010   Code   RO         6740    i._GetDevFunc       STemWin540_CM4_OS_Keil_ot.lib(guidev_32.o)
    0x0800cb6c   0x0800cb6c   0x0000003c   Code   RO         5597    i._GetDevProp       STemWin540_CM4_OS_Keil_ot.lib(guidrv_lin_32.o)
    0x0800cba8   0x0800cba8   0x0000000a   Code   RO         6741    i._GetDevProp       STemWin540_CM4_OS_Keil_ot.lib(guidev_32.o)
    0x0800cbb2   0x0800cbb2   0x00000052   Code   RO         6566    i._GetIndexMask_0   STemWin540_CM4_OS_Keil_ot.lib(guicc_0.o)
    0x0800cc04   0x0800cc04   0x00000004   Code   RO         6350    i._GetIndexMask_16  STemWin540_CM4_OS_Keil_ot.lib(guicc_16.o)
    0x0800cc08   0x0800cc08   0x00000004   Code   RO         4841    i._GetIndexMask_1616I  STemWin540_CM4_OS_Keil_ot.lib(guicc_1616i.o)
    0x0800cc0c   0x0800cc0c   0x00000004   Code   RO         4852    i._GetIndexMask_8666  STemWin540_CM4_OS_Keil_ot.lib(guicc_8666.o)
    0x0800cc10   0x0800cc10   0x00000006   Code   RO         4859    i._GetIndexMask_88666I  STemWin540_CM4_OS_Keil_ot.lib(guicc_88666i.o)
    0x0800cc16   0x0800cc16   0x00000006   Code   RO         6978    i._GetIndexMask_8888  STemWin540_CM4_OS_Keil_ot.lib(guicc_8888.o)
    0x0800cc1c   0x0800cc1c   0x00000006   Code   RO         4871    i._GetIndexMask_M1555I  STemWin540_CM4_OS_Keil_ot.lib(guicc_m1555i.o)
    0x0800cc22   0x0800cc22   0x00000006   Code   RO         4885    i._GetIndexMask_M4444I  STemWin540_CM4_OS_Keil_ot.lib(guicc_m4444i.o)
    0x0800cc28   0x0800cc28   0x00000006   Code   RO         5368    i._GetIndexMask_M565  STemWin540_CM4_OS_Keil_ot.lib(guicc_m565.o)
    0x0800cc2e   0x0800cc2e   0x00000006   Code   RO         5381    i._GetIndexMask_M888  STemWin540_CM4_OS_Keil_ot.lib(guicc_m888.o)
    0x0800cc34   0x0800cc34   0x00000006   Code   RO         4899    i._GetIndexMask_M8888I  STemWin540_CM4_OS_Keil_ot.lib(guicc_m8888i.o)
    0x0800cc3a   0x0800cc3a   0x00000010   Code   RO         5598    i._GetPixelIndex    STemWin540_CM4_OS_Keil_ot.lib(guidrv_lin_32.o)
    0x0800cc4a   0x0800cc4a   0x00000002   PAD
    0x0800cc4c   0x0800cc4c   0x0000003c   Code   RO         6742    i._GetPixelIndex    STemWin540_CM4_OS_Keil_ot.lib(guidev_32.o)
    0x0800cc88   0x0800cc88   0x00000030   Code   RO         5599    i._GetPos           STemWin540_CM4_OS_Keil_ot.lib(guidrv_lin_32.o)
    0x0800ccb8   0x0800ccb8   0x00000016   Code   RO         5600    i._GetRect          STemWin540_CM4_OS_Keil_ot.lib(guidrv_lin_32.o)
    0x0800ccce   0x0800ccce   0x00000034   Code   RO         6743    i._GetRect          STemWin540_CM4_OS_Keil_ot.lib(guidev_32.o)
    0x0800cd02   0x0800cd02   0x00000002   PAD
    0x0800cd04   0x0800cd04   0x000000a8   Code   RO         5369    i._Index2ColorBulk  STemWin540_CM4_OS_Keil_ot.lib(guicc_m565.o)
    0x0800cdac   0x0800cdac   0x00000078   Code   RO         5382    i._Index2ColorBulk  STemWin540_CM4_OS_Keil_ot.lib(guicc_m888.o)
    0x0800ce24   0x0800ce24   0x0000005c   Code   RO         6979    i._Index2ColorBulk  STemWin540_CM4_OS_Keil_ot.lib(guicc_8888.o)
    0x0800ce80   0x0800ce80   0x0000004c   Code   RO         4842    i._Index2ColorBulk_1616I  STemWin540_CM4_OS_Keil_ot.lib(guicc_1616i.o)
    0x0800cecc   0x0800cecc   0x00000044   Code   RO         4860    i._Index2ColorBulk_88666I  STemWin540_CM4_OS_Keil_ot.lib(guicc_88666i.o)
    0x0800cf10   0x0800cf10   0x000000c0   Code   RO         4872    i._Index2ColorBulk_M1555I  STemWin540_CM4_OS_Keil_ot.lib(guicc_m1555i.o)
    0x0800cfd0   0x0800cfd0   0x0000001c   Code   RO         3142    i._Index2ColorBulk_M1555IDMA2D  guidrv_stm32f429i_discovery.o
    0x0800cfec   0x0800cfec   0x000000bc   Code   RO         4886    i._Index2ColorBulk_M4444I  STemWin540_CM4_OS_Keil_ot.lib(guicc_m4444i.o)
    0x0800d0a8   0x0800d0a8   0x0000001c   Code   RO         3143    i._Index2ColorBulk_M4444IDMA2D  guidrv_stm32f429i_discovery.o
    0x0800d0c4   0x0800d0c4   0x0000001c   Code   RO         3144    i._Index2ColorBulk_M565DMA2D  guidrv_stm32f429i_discovery.o
    0x0800d0e0   0x0800d0e0   0x00000098   Code   RO         4900    i._Index2ColorBulk_M8888I  STemWin540_CM4_OS_Keil_ot.lib(guicc_m8888i.o)
    0x0800d178   0x0800d178   0x0000001c   Code   RO         3145    i._Index2ColorBulk_M8888IDMA2D  guidrv_stm32f429i_discovery.o
    0x0800d194   0x0800d194   0x0000001c   Code   RO         3146    i._Index2ColorBulk_M888DMA2D  guidrv_stm32f429i_discovery.o
    0x0800d1b0   0x0800d1b0   0x00000020   Code   RO         6567    i._Index2Color_0    STemWin540_CM4_OS_Keil_ot.lib(guicc_0.o)
    0x0800d1d0   0x0800d1d0   0x00000036   Code   RO         6351    i._Index2Color_16   STemWin540_CM4_OS_Keil_ot.lib(guicc_16.o)
    0x0800d206   0x0800d206   0x00000002   PAD
    0x0800d208   0x0800d208   0x00000028   Code   RO         4843    i._Index2Color_1616I  STemWin540_CM4_OS_Keil_ot.lib(guicc_1616i.o)
    0x0800d230   0x0800d230   0x00000020   Code   RO         4861    i._Index2Color_88666I  STemWin540_CM4_OS_Keil_ot.lib(guicc_88666i.o)
    0x0800d250   0x0800d250   0x00000034   Code   RO         4873    i._Index2Color_M1555I  STemWin540_CM4_OS_Keil_ot.lib(guicc_m1555i.o)
    0x0800d284   0x0800d284   0x00000030   Code   RO         4887    i._Index2Color_M4444I  STemWin540_CM4_OS_Keil_ot.lib(guicc_m4444i.o)
    0x0800d2b4   0x0800d2b4   0x00000032   Code   RO         5601    i._Init             STemWin540_CM4_OS_Keil_ot.lib(guidrv_lin_32.o)
    0x0800d2e6   0x0800d2e6   0x00000002   PAD
    0x0800d2e8   0x0800d2e8   0x000000b8   Code   RO         4973    i._InitOnce         STemWin540_CM4_OS_Keil_ot.lib(gui_alloc.o)
    0x0800d3a0   0x0800d3a0   0x000000f4   Code   RO         6099    i._Invalidate1Abs   STemWin540_CM4_OS_Keil_ot.lib(wm.o)
    0x0800d494   0x0800d494   0x0000006c   Code   RO         3147    i._LCD_GetpPalConvTable  guidrv_stm32f429i_discovery.o
    0x0800d500   0x0800d500   0x00000002   Code   RO         6457    i._Log2VisBuffered  STemWin540_CM4_OS_Keil_ot.lib(gui_charline.o)
    0x0800d502   0x0800d502   0x00000002   PAD
    0x0800d504   0x0800d504   0x00000040   Code   RO         6342    i._MULTIBUF_Begin   STemWin540_CM4_OS_Keil_ot.lib(wm_multibuf.o)
    0x0800d544   0x0800d544   0x00000040   Code   RO         6343    i._MULTIBUF_End     STemWin540_CM4_OS_Keil_ot.lib(wm_multibuf.o)
    0x0800d584   0x0800d584   0x0000007a   Code   RO         6334    i._MoveDescendents  STemWin540_CM4_OS_Keil_ot.lib(wm_move.o)
    0x0800d5fe   0x0800d5fe   0x00000002   PAD
    0x0800d600   0x0800d600   0x00000070   Code   RO         3475    i._MoveWindow       redraw.o
    0x0800d670   0x0800d670   0x0000000a   Code   RO         5602    i._Off              STemWin540_CM4_OS_Keil_ot.lib(guidrv_lin_32.o)
    0x0800d67a   0x0800d67a   0x0000000a   Code   RO         5603    i._On               STemWin540_CM4_OS_Keil_ot.lib(guidrv_lin_32.o)
    0x0800d684   0x0800d684   0x00000028   Code   RO         4918    i._OnExit           STemWin540_CM4_OS_Keil_ot.lib(gui__alpha.o)
    0x0800d6ac   0x0800d6ac   0x00000038   Code   RO         5203    i._OnExit           STemWin540_CM4_OS_Keil_ot.lib(gui_core.o)
    0x0800d6e4   0x0800d6e4   0x0000004c   Code   RO         5298    i._OnExit           STemWin540_CM4_OS_Keil_ot.lib(gui_multibuf.o)
    0x0800d730   0x0800d730   0x00000018   Code   RO         5325    i._OnExit           STemWin540_CM4_OS_Keil_ot.lib(gui_pid.o)
    0x0800d748   0x0800d748   0x00000018   Code   RO         5438    i._OnExit           STemWin540_CM4_OS_Keil_ot.lib(lcd_color.o)
    0x0800d760   0x0800d760   0x00000078   Code   RO         6100    i._OnExit           STemWin540_CM4_OS_Keil_ot.lib(wm.o)
    0x0800d7d8   0x0800d7d8   0x00000014   Code   RO         6515    i._OnExit           STemWin540_CM4_OS_Keil_ot.lib(gui_task.o)
    0x0800d7ec   0x0800d7ec   0x00000140   Code   RO         6101    i._PaintTransChildren  STemWin540_CM4_OS_Keil_ot.lib(wm.o)
    0x0800d92c   0x0800d92c   0x0000006e   Code   RO         5604    i._ReadRect         STemWin540_CM4_OS_Keil_ot.lib(guidrv_lin_32.o)
    0x0800d99a   0x0800d99a   0x00000084   Code   RO         7154    i._ReleaseBuffer    STemWin540_CM4_OS_Keil_ot.lib(gui_sprite.o)
    0x0800da1e   0x0800da1e   0x00000002   PAD
    0x0800da20   0x0800da20   0x0000005c   Code   RO         4974    i._RemoveFreeBlock  STemWin540_CM4_OS_Keil_ot.lib(gui_alloc.o)
    0x0800da7c   0x0800da7c   0x000000d0   Code   RO         4975    i._RemoveHoles      STemWin540_CM4_OS_Keil_ot.lib(gui_alloc.o)
    0x0800db4c   0x0800db4c   0x00000080   Code   RO         7047    i._Screen2hWin      STemWin540_CM4_OS_Keil_ot.lib(wm_screen2win.o)
    0x0800dbcc   0x0800dbcc   0x00000036   Code   RO         5605    i._SetAlpha         STemWin540_CM4_OS_Keil_ot.lib(guidrv_lin_32.o)
    0x0800dc02   0x0800dc02   0x00000010   Code   RO         5606    i._SetAlphaMode     STemWin540_CM4_OS_Keil_ot.lib(guidrv_lin_32.o)
    0x0800dc12   0x0800dc12   0x00000002   PAD
    0x0800dc14   0x0800dc14   0x00000038   Code   RO         5405    i._SetBkColor       STemWin540_CM4_OS_Keil_ot.lib(lcd.o)
    0x0800dc4c   0x0800dc4c   0x000000b8   Code   RO         7156    i._SetBkIndexBuffered  STemWin540_CM4_OS_Keil_ot.lib(gui_sprite.o)
    0x0800dd04   0x0800dd04   0x00000016   Code   RO         5607    i._SetChroma        STemWin540_CM4_OS_Keil_ot.lib(guidrv_lin_32.o)
    0x0800dd1a   0x0800dd1a   0x00000010   Code   RO         5608    i._SetChromaMode    STemWin540_CM4_OS_Keil_ot.lib(guidrv_lin_32.o)
    0x0800dd2a   0x0800dd2a   0x00000002   PAD
    0x0800dd2c   0x0800dd2c   0x00000038   Code   RO         5406    i._SetColor         STemWin540_CM4_OS_Keil_ot.lib(lcd.o)
    0x0800dd64   0x0800dd64   0x00000060   Code   RO         5609    i._SetDevFunc       STemWin540_CM4_OS_Keil_ot.lib(guidrv_lin_32.o)
    0x0800ddc4   0x0800ddc4   0x00000038   Code   RO         5407    i._SetDrawMode      STemWin540_CM4_OS_Keil_ot.lib(lcd.o)
    0x0800ddfc   0x0800ddfc   0x000000b8   Code   RO         5610    i._SetOrg           STemWin540_CM4_OS_Keil_ot.lib(guidrv_lin_32.o)
    0x0800deb4   0x0800deb4   0x00000008   Code   RO         6744    i._SetOrg           STemWin540_CM4_OS_Keil_ot.lib(guidev_32.o)
    0x0800debc   0x0800debc   0x00000012   Code   RO         5611    i._SetPixelIndex    STemWin540_CM4_OS_Keil_ot.lib(guidrv_lin_32.o)
    0x0800dece   0x0800dece   0x00000002   PAD
    0x0800ded0   0x0800ded0   0x00000070   Code   RO         6745    i._SetPixelIndex    STemWin540_CM4_OS_Keil_ot.lib(guidev_32.o)
    0x0800df40   0x0800df40   0x0000016e   Code   RO         5612    i._SetPos           STemWin540_CM4_OS_Keil_ot.lib(guidrv_lin_32.o)
    0x0800e0ae   0x0800e0ae   0x0000005a   Code   RO         5613    i._SetSize          STemWin540_CM4_OS_Keil_ot.lib(guidrv_lin_32.o)
    0x0800e108   0x0800e108   0x00000038   Code   RO         5614    i._SetVRAMAddr      STemWin540_CM4_OS_Keil_ot.lib(guidrv_lin_32.o)
    0x0800e140   0x0800e140   0x00000040   Code   RO         5615    i._SetVSize         STemWin540_CM4_OS_Keil_ot.lib(guidrv_lin_32.o)
    0x0800e180   0x0800e180   0x00000036   Code   RO         5616    i._SetVis           STemWin540_CM4_OS_Keil_ot.lib(guidrv_lin_32.o)
    0x0800e1b6   0x0800e1b6   0x00000034   Code   RO         5617    i._ShowBuffer       STemWin540_CM4_OS_Keil_ot.lib(guidrv_lin_32.o)
    0x0800e1ea   0x0800e1ea   0x00000034   Code   RO         5618    i._XorPixel         STemWin540_CM4_OS_Keil_ot.lib(guidrv_lin_32.o)
    0x0800e21e   0x0800e21e   0x00000002   PAD
    0x0800e220   0x0800e220   0x0000007c   Code   RO         6746    i._XorPixel         STemWin540_CM4_OS_Keil_ot.lib(guidev_32.o)
    0x0800e29c   0x0800e29c   0x00000020   Code   RO         7308    i.__0printf$1       mc_w.l(printf1.o)
    0x0800e2bc   0x0800e2bc   0x0000004c   Code   RO         4099    i.__rt_ffs          kservice.o
    0x0800e308   0x0800e308   0x0000000e   Code   RO         7596    i.__scatterload_copy  mc_w.l(handlers.o)
    0x0800e316   0x0800e316   0x00000002   Code   RO         7597    i.__scatterload_null  mc_w.l(handlers.o)
    0x0800e318   0x0800e318   0x0000000e   Code   RO         7598    i.__scatterload_zeroinit  mc_w.l(handlers.o)
    0x0800e326   0x0800e326   0x00000002   PAD
    0x0800e328   0x0800e328   0x000000a0   Code   RO         6102    i._cbBackWin        STemWin540_CM4_OS_Keil_ot.lib(wm.o)
    0x0800e3c8   0x0800e3c8   0x00000026   Code   RO         3476    i._cbBkWindow       redraw.o
    0x0800e3ee   0x0800e3ee   0x00000002   PAD
    0x0800e3f0   0x0800e3f0   0x00000044   Code   RO         6103    i._cbPaintMemDev    STemWin540_CM4_OS_Keil_ot.lib(wm.o)
    0x0800e434   0x0800e434   0x00000068   Code   RO         3477    i._cbWindow         redraw.o
    0x0800e49c   0x0800e49c   0x00000014   Code   RO         3777    i._has_defunct_thread  idle.o
    0x0800e4b0   0x0800e4b0   0x00000154   Code   RO         7315    i._printf_core      mc_w.l(printf1.o)
    0x0800e604   0x0800e604   0x0000009c   Code   RO         4535    i._rt_thread_init   thread.o
    0x0800e6a0   0x0800e6a0   0x00000042   Code   RO         4676    i._rt_timer_init    timer.o
    0x0800e6e2   0x0800e6e2   0x0000002e   Code   RO         4677    i._rt_timer_remove  timer.o
    0x0800e710   0x0800e710   0x00000024   Code   RO         2200    i.delay             stm32f429i_discovery_ioe.o
    0x0800e734   0x0800e734   0x0000001c   Code   RO         2679    i.delay             lcd_rgb.o
    0x0800e750   0x0800e750   0x00000024   Code   RO         2757    i.delay             sdram.o
    0x0800e774   0x0800e774   0x000000c0   Code   RO         5408    i.emWin_LCD_Init    STemWin540_CM4_OS_Keil_ot.lib(lcd.o)
    0x0800e834   0x0800e834   0x00000024   Code   RO         2599    i.fputc             usart.o
    0x0800e858   0x0800e858   0x00000078   Code   RO         2897    i.main              main.o
    0x0800e8d0   0x0800e8d0   0x0000000e   Code   RO         3704    i.main_thread_entry  components.o
    0x0800e8de   0x0800e8de   0x00000002   PAD
    0x0800e8e0   0x0800e8e0   0x0000006c   Code   RO         7525    i.malloc            mc_w.l(malloc.o)
    0x0800e94c   0x0800e94c   0x00000078   Code   RO         4276    i.plug_holes        mem.o
    0x0800e9c4   0x0800e9c4   0x00000198   Code   RO         4101    i.print_number      kservice.o
    0x0800eb5c   0x0800eb5c   0x00000030   Code   RO         3705    i.rt_application_init  components.o
    0x0800eb8c   0x0800eb8c   0x0000001c   Code   RO         3706    i.rt_components_board_init  components.o
    0x0800eba8   0x0800eba8   0x0000001c   Code   RO         3707    i.rt_components_init  components.o
    0x0800ebc4   0x0800ebc4   0x00000020   Code   RO         4457    i.rt_enter_critical  scheduler.o
    0x0800ebe4   0x0800ebe4   0x0000003c   Code   RO         4458    i.rt_exit_critical  scheduler.o
    0x0800ec20   0x0800ec20   0x000000f8   Code   RO         4278    i.rt_free           mem.o
    0x0800ed18   0x0800ed18   0x00000008   Code   RO         3011    i.rt_heap_begin_get  board.o
    0x0800ed20   0x0800ed20   0x00000008   Code   RO         3012    i.rt_heap_end_get   board.o
    0x0800ed28   0x0800ed28   0x0000007c   Code   RO         3013    i.rt_hw_board_init  board.o
    0x0800eda4   0x0800eda4   0x00000050   Code   RO         3014    i.rt_hw_console_output  board.o
    0x0800edf4   0x0800edf4   0x00000224   Code   RO         4803    i.rt_hw_hard_fault_exception  cpuport.o
    0x0800f018   0x0800f018   0x00000050   Code   RO         4804    i.rt_hw_stack_init  cpuport.o
    0x0800f068   0x0800f068   0x00000034   Code   RO         4060    i.rt_interrupt_enter  irq.o
    0x0800f09c   0x0800f09c   0x00000034   Code   RO         4063    i.rt_interrupt_leave  irq.o
    0x0800f0d0   0x0800f0d0   0x00000014   Code   RO         3829    i.rt_ipc_list_resume  ipc.o
    0x0800f0e4   0x0800f0e4   0x0000006c   Code   RO         3831    i.rt_ipc_list_suspend  ipc.o
    0x0800f150   0x0800f150   0x00000010   Code   RO         3832    i.rt_ipc_object_init  ipc.o
    0x0800f160   0x0800f160   0x00000030   Code   RO         4105    i.rt_kprintf        kservice.o
    0x0800f190   0x0800f190   0x00000006   Code   RO         3833    i.rt_list_init      ipc.o
    0x0800f196   0x0800f196   0x00000006   Code   RO         4459    i.rt_list_init      scheduler.o
    0x0800f19c   0x0800f19c   0x00000006   Code   RO         4678    i.rt_list_init      timer.o
    0x0800f1a2   0x0800f1a2   0x0000000e   Code   RO         4350    i.rt_list_insert_after  object.o
    0x0800f1b0   0x0800f1b0   0x0000000e   Code   RO         4536    i.rt_list_insert_after  thread.o
    0x0800f1be   0x0800f1be   0x0000000e   Code   RO         4679    i.rt_list_insert_after  timer.o
    0x0800f1cc   0x0800f1cc   0x0000000e   Code   RO         3834    i.rt_list_insert_before  ipc.o
    0x0800f1da   0x0800f1da   0x00000010   Code   RO         3835    i.rt_list_isempty   ipc.o
    0x0800f1ea   0x0800f1ea   0x00000010   Code   RO         4680    i.rt_list_isempty   timer.o
    0x0800f1fa   0x0800f1fa   0x00000012   Code   RO         4351    i.rt_list_remove    object.o
    0x0800f20c   0x0800f20c   0x00000012   Code   RO         4537    i.rt_list_remove    thread.o
    0x0800f21e   0x0800f21e   0x00000002   PAD
    0x0800f220   0x0800f220   0x00000188   Code   RO         4280    i.rt_malloc         mem.o
    0x0800f3a8   0x0800f3a8   0x00000048   Code   RO         4111    i.rt_memset         kservice.o
    0x0800f3f0   0x0800f3f0   0x0000006c   Code   RO         4352    i.rt_object_allocate  object.o
    0x0800f45c   0x0800f45c   0x0000003c   Code   RO         4354    i.rt_object_delete  object.o
    0x0800f498   0x0800f498   0x00000034   Code   RO         4355    i.rt_object_detach  object.o
    0x0800f4cc   0x0800f4cc   0x00000028   Code   RO         4358    i.rt_object_get_information  object.o
    0x0800f4f4   0x0800f4f4   0x00000054   Code   RO         4360    i.rt_object_init    object.o
    0x0800f548   0x0800f548   0x00000012   Code   RO         4361    i.rt_object_is_systemobject  object.o
    0x0800f55a   0x0800f55a   0x00000002   PAD
    0x0800f55c   0x0800f55c   0x000000a8   Code   RO         4460    i.rt_schedule       scheduler.o
    0x0800f604   0x0800f604   0x00000050   Code   RO         4461    i.rt_schedule_insert_thread  scheduler.o
    0x0800f654   0x0800f654   0x00000054   Code   RO         4462    i.rt_schedule_remove_thread  scheduler.o
    0x0800f6a8   0x0800f6a8   0x0000002a   Code   RO         3860    i.rt_sem_create     ipc.o
    0x0800f6d2   0x0800f6d2   0x00000026   Code   RO         3863    i.rt_sem_init       ipc.o
    0x0800f6f8   0x0800f6f8   0x00000050   Code   RO         3864    i.rt_sem_release    ipc.o
    0x0800f748   0x0800f748   0x000000a0   Code   RO         3865    i.rt_sem_take       ipc.o
    0x0800f7e8   0x0800f7e8   0x000000b0   Code   RO         4113    i.rt_show_version   kservice.o
    0x0800f898   0x0800f898   0x00000012   Code   RO         4119    i.rt_strlen         kservice.o
    0x0800f8aa   0x0800f8aa   0x00000034   Code   RO         4121    i.rt_strncpy        kservice.o
    0x0800f8de   0x0800f8de   0x00000002   PAD
    0x0800f8e0   0x0800f8e0   0x000000f8   Code   RO         4284    i.rt_system_heap_init  mem.o
    0x0800f9d8   0x0800f9d8   0x0000004c   Code   RO         4464    i.rt_system_scheduler_init  scheduler.o
    0x0800fa24   0x0800fa24   0x00000030   Code   RO         4465    i.rt_system_scheduler_start  scheduler.o
    0x0800fa54   0x0800fa54   0x0000001c   Code   RO         4681    i.rt_system_timer_init  timer.o
    0x0800fa70   0x0800fa70   0x00000002   Code   RO         4682    i.rt_system_timer_thread_init  timer.o
    0x0800fa72   0x0800fa72   0x00000050   Code   RO         4539    i.rt_thread_create  thread.o
    0x0800fac2   0x0800fac2   0x0000000c   Code   RO         4540    i.rt_thread_delay   thread.o
    0x0800face   0x0800face   0x00000002   PAD
    0x0800fad0   0x0800fad0   0x00000054   Code   RO         4543    i.rt_thread_exit    thread.o
    0x0800fb24   0x0800fb24   0x00000028   Code   RO         3779    i.rt_thread_idle_entry  idle.o
    0x0800fb4c   0x0800fb4c   0x00000084   Code   RO         3780    i.rt_thread_idle_excute  idle.o
    0x0800fbd0   0x0800fbd0   0x0000003c   Code   RO         3782    i.rt_thread_idle_init  idle.o
    0x0800fc0c   0x0800fc0c   0x00000034   Code   RO         4545    i.rt_thread_init    thread.o
    0x0800fc40   0x0800fc40   0x00000054   Code   RO         4548    i.rt_thread_resume  thread.o
    0x0800fc94   0x0800fc94   0x0000000c   Code   RO         4550    i.rt_thread_self    thread.o
    0x0800fca0   0x0800fca0   0x00000044   Code   RO         4551    i.rt_thread_sleep   thread.o
    0x0800fce4   0x0800fce4   0x0000002c   Code   RO         4552    i.rt_thread_startup  thread.o
    0x0800fd10   0x0800fd10   0x0000005c   Code   RO         4553    i.rt_thread_suspend  thread.o
    0x0800fd6c   0x0800fd6c   0x00000020   Code   RO         4555    i.rt_thread_timeout  thread.o
    0x0800fd8c   0x0800fd8c   0x00000064   Code   RO         4556    i.rt_thread_yield   thread.o
    0x0800fdf0   0x0800fdf0   0x0000000c   Code   RO         3667    i.rt_tick_get       clock.o
    0x0800fdfc   0x0800fdfc   0x00000030   Code   RO         3668    i.rt_tick_increase  clock.o
    0x0800fe2c   0x0800fe2c   0x000000a8   Code   RO         4683    i.rt_timer_check    timer.o
    0x0800fed4   0x0800fed4   0x00000038   Code   RO         4684    i.rt_timer_control  timer.o
    0x0800ff0c   0x0800ff0c   0x00000020   Code   RO         4687    i.rt_timer_detach   timer.o
    0x0800ff2c   0x0800ff2c   0x0000002e   Code   RO         4690    i.rt_timer_init     timer.o
    0x0800ff5a   0x0800ff5a   0x00000002   PAD
    0x0800ff5c   0x0800ff5c   0x0000010c   Code   RO         4693    i.rt_timer_start    timer.o
    0x08010068   0x08010068   0x00000048   Code   RO         4694    i.rt_timer_stop     timer.o
    0x080100b0   0x080100b0   0x00000328   Code   RO         4124    i.rt_vsnprintf      kservice.o
    0x080103d8   0x080103d8   0x00000004   Code   RO         3708    i.rti_board_end     components.o
    0x080103dc   0x080103dc   0x00000004   Code   RO         3709    i.rti_board_start   components.o
    0x080103e0   0x080103e0   0x00000004   Code   RO         3710    i.rti_end           components.o
    0x080103e4   0x080103e4   0x00000004   Code   RO         3711    i.rti_start         components.o
    0x080103e8   0x080103e8   0x0000002a   Code   RO         3712    i.rtthread_startup  components.o
    0x08010412   0x08010412   0x00000004   Code   RO         2100    i.sEE_TIMEOUT_UserCallback  stm32f429i_discovery_i2c_ee.o
    0x08010416   0x08010416   0x00000026   Code   RO         4126    i.skip_atoi         kservice.o
    0x0801043c   0x0801043c   0x00000122   Data   RO         4128    .constdata          kservice.o
    0x0801055e   0x0801055e   0x00000002   PAD
    0x08010560   0x08010560   0x00000018   Data   RO         4844    .constdata          STemWin540_CM4_OS_Keil_ot.lib(guicc_1616i.o)
    0x08010578   0x08010578   0x00000018   Data   RO         4853    .constdata          STemWin540_CM4_OS_Keil_ot.lib(guicc_8666.o)
    0x08010590   0x08010590   0x00000018   Data   RO         4862    .constdata          STemWin540_CM4_OS_Keil_ot.lib(guicc_88666i.o)
    0x080105a8   0x080105a8   0x00000018   Data   RO         4874    .constdata          STemWin540_CM4_OS_Keil_ot.lib(guicc_m1555i.o)
    0x080105c0   0x080105c0   0x00000018   Data   RO         4888    .constdata          STemWin540_CM4_OS_Keil_ot.lib(guicc_m4444i.o)
    0x080105d8   0x080105d8   0x00000018   Data   RO         4901    .constdata          STemWin540_CM4_OS_Keil_ot.lib(guicc_m8888i.o)
    0x080105f0   0x080105f0   0x00000008   Data   RO         5205    .constdata          STemWin540_CM4_OS_Keil_ot.lib(gui_core.o)
    0x080105f8   0x080105f8   0x00000018   Data   RO         5370    .constdata          STemWin540_CM4_OS_Keil_ot.lib(guicc_m565.o)
    0x08010610   0x08010610   0x00000018   Data   RO         5383    .constdata          STemWin540_CM4_OS_Keil_ot.lib(guicc_m888.o)
    0x08010628   0x08010628   0x0000000c   Data   RO         5409    .constdata          STemWin540_CM4_OS_Keil_ot.lib(lcd.o)
    0x08010634   0x08010634   0x00000034   Data   RO         5619    .constdata          STemWin540_CM4_OS_Keil_ot.lib(guidrv_lin_32.o)
    0x08010668   0x08010668   0x00000010   Data   RO         5661    .constdata          STemWin540_CM4_OS_Keil_ot.lib(f16_ascii.o)
    0x08010678   0x08010678   0x00000010   Data   RO         5662    .constdata          STemWin540_CM4_OS_Keil_ot.lib(f16_ascii.o)
    0x08010688   0x08010688   0x00000010   Data   RO         5663    .constdata          STemWin540_CM4_OS_Keil_ot.lib(f16_ascii.o)
    0x08010698   0x08010698   0x00000010   Data   RO         5664    .constdata          STemWin540_CM4_OS_Keil_ot.lib(f16_ascii.o)
    0x080106a8   0x080106a8   0x00000010   Data   RO         5665    .constdata          STemWin540_CM4_OS_Keil_ot.lib(f16_ascii.o)
    0x080106b8   0x080106b8   0x00000020   Data   RO         5666    .constdata          STemWin540_CM4_OS_Keil_ot.lib(f16_ascii.o)
    0x080106d8   0x080106d8   0x00000020   Data   RO         5667    .constdata          STemWin540_CM4_OS_Keil_ot.lib(f16_ascii.o)
    0x080106f8   0x080106f8   0x00000010   Data   RO         5668    .constdata          STemWin540_CM4_OS_Keil_ot.lib(f16_ascii.o)
    0x08010708   0x08010708   0x00000010   Data   RO         5669    .constdata          STemWin540_CM4_OS_Keil_ot.lib(f16_ascii.o)
    0x08010718   0x08010718   0x00000010   Data   RO         5670    .constdata          STemWin540_CM4_OS_Keil_ot.lib(f16_ascii.o)
    0x08010728   0x08010728   0x00000010   Data   RO         5671    .constdata          STemWin540_CM4_OS_Keil_ot.lib(f16_ascii.o)
    0x08010738   0x08010738   0x00000010   Data   RO         5672    .constdata          STemWin540_CM4_OS_Keil_ot.lib(f16_ascii.o)
    0x08010748   0x08010748   0x00000010   Data   RO         5673    .constdata          STemWin540_CM4_OS_Keil_ot.lib(f16_ascii.o)
    0x08010758   0x08010758   0x00000010   Data   RO         5674    .constdata          STemWin540_CM4_OS_Keil_ot.lib(f16_ascii.o)
    0x08010768   0x08010768   0x00000010   Data   RO         5675    .constdata          STemWin540_CM4_OS_Keil_ot.lib(f16_ascii.o)
    0x08010778   0x08010778   0x00000010   Data   RO         5676    .constdata          STemWin540_CM4_OS_Keil_ot.lib(f16_ascii.o)
    0x08010788   0x08010788   0x00000010   Data   RO         5677    .constdata          STemWin540_CM4_OS_Keil_ot.lib(f16_ascii.o)
    0x08010798   0x08010798   0x00000010   Data   RO         5678    .constdata          STemWin540_CM4_OS_Keil_ot.lib(f16_ascii.o)
    0x080107a8   0x080107a8   0x00000010   Data   RO         5679    .constdata          STemWin540_CM4_OS_Keil_ot.lib(f16_ascii.o)
    0x080107b8   0x080107b8   0x00000010   Data   RO         5680    .constdata          STemWin540_CM4_OS_Keil_ot.lib(f16_ascii.o)
    0x080107c8   0x080107c8   0x00000010   Data   RO         5681    .constdata          STemWin540_CM4_OS_Keil_ot.lib(f16_ascii.o)
    0x080107d8   0x080107d8   0x00000010   Data   RO         5682    .constdata          STemWin540_CM4_OS_Keil_ot.lib(f16_ascii.o)
    0x080107e8   0x080107e8   0x00000010   Data   RO         5683    .constdata          STemWin540_CM4_OS_Keil_ot.lib(f16_ascii.o)
    0x080107f8   0x080107f8   0x00000010   Data   RO         5684    .constdata          STemWin540_CM4_OS_Keil_ot.lib(f16_ascii.o)
    0x08010808   0x08010808   0x00000010   Data   RO         5685    .constdata          STemWin540_CM4_OS_Keil_ot.lib(f16_ascii.o)
    0x08010818   0x08010818   0x00000010   Data   RO         5686    .constdata          STemWin540_CM4_OS_Keil_ot.lib(f16_ascii.o)
    0x08010828   0x08010828   0x00000010   Data   RO         5687    .constdata          STemWin540_CM4_OS_Keil_ot.lib(f16_ascii.o)
    0x08010838   0x08010838   0x00000010   Data   RO         5688    .constdata          STemWin540_CM4_OS_Keil_ot.lib(f16_ascii.o)
    0x08010848   0x08010848   0x00000010   Data   RO         5689    .constdata          STemWin540_CM4_OS_Keil_ot.lib(f16_ascii.o)
    0x08010858   0x08010858   0x00000010   Data   RO         5690    .constdata          STemWin540_CM4_OS_Keil_ot.lib(f16_ascii.o)
    0x08010868   0x08010868   0x00000010   Data   RO         5691    .constdata          STemWin540_CM4_OS_Keil_ot.lib(f16_ascii.o)
    0x08010878   0x08010878   0x00000010   Data   RO         5692    .constdata          STemWin540_CM4_OS_Keil_ot.lib(f16_ascii.o)
    0x08010888   0x08010888   0x00000020   Data   RO         5693    .constdata          STemWin540_CM4_OS_Keil_ot.lib(f16_ascii.o)
    0x080108a8   0x080108a8   0x00000020   Data   RO         5694    .constdata          STemWin540_CM4_OS_Keil_ot.lib(f16_ascii.o)
    0x080108c8   0x080108c8   0x00000020   Data   RO         5695    .constdata          STemWin540_CM4_OS_Keil_ot.lib(f16_ascii.o)
    0x080108e8   0x080108e8   0x00000020   Data   RO         5696    .constdata          STemWin540_CM4_OS_Keil_ot.lib(f16_ascii.o)
    0x08010908   0x08010908   0x00000020   Data   RO         5697    .constdata          STemWin540_CM4_OS_Keil_ot.lib(f16_ascii.o)
    0x08010928   0x08010928   0x00000020   Data   RO         5698    .constdata          STemWin540_CM4_OS_Keil_ot.lib(f16_ascii.o)
    0x08010948   0x08010948   0x00000010   Data   RO         5699    .constdata          STemWin540_CM4_OS_Keil_ot.lib(f16_ascii.o)
    0x08010958   0x08010958   0x00000020   Data   RO         5700    .constdata          STemWin540_CM4_OS_Keil_ot.lib(f16_ascii.o)
    0x08010978   0x08010978   0x00000020   Data   RO         5701    .constdata          STemWin540_CM4_OS_Keil_ot.lib(f16_ascii.o)
    0x08010998   0x08010998   0x00000010   Data   RO         5702    .constdata          STemWin540_CM4_OS_Keil_ot.lib(f16_ascii.o)
    0x080109a8   0x080109a8   0x00000010   Data   RO         5703    .constdata          STemWin540_CM4_OS_Keil_ot.lib(f16_ascii.o)
    0x080109b8   0x080109b8   0x00000020   Data   RO         5704    .constdata          STemWin540_CM4_OS_Keil_ot.lib(f16_ascii.o)
    0x080109d8   0x080109d8   0x00000010   Data   RO         5705    .constdata          STemWin540_CM4_OS_Keil_ot.lib(f16_ascii.o)
    0x080109e8   0x080109e8   0x00000020   Data   RO         5706    .constdata          STemWin540_CM4_OS_Keil_ot.lib(f16_ascii.o)
    0x08010a08   0x08010a08   0x00000020   Data   RO         5707    .constdata          STemWin540_CM4_OS_Keil_ot.lib(f16_ascii.o)
    0x08010a28   0x08010a28   0x00000020   Data   RO         5708    .constdata          STemWin540_CM4_OS_Keil_ot.lib(f16_ascii.o)
    0x08010a48   0x08010a48   0x00000020   Data   RO         5709    .constdata          STemWin540_CM4_OS_Keil_ot.lib(f16_ascii.o)
    0x08010a68   0x08010a68   0x00000020   Data   RO         5710    .constdata          STemWin540_CM4_OS_Keil_ot.lib(f16_ascii.o)
    0x08010a88   0x08010a88   0x00000020   Data   RO         5711    .constdata          STemWin540_CM4_OS_Keil_ot.lib(f16_ascii.o)
    0x08010aa8   0x08010aa8   0x00000020   Data   RO         5712    .constdata          STemWin540_CM4_OS_Keil_ot.lib(f16_ascii.o)
    0x08010ac8   0x08010ac8   0x00000010   Data   RO         5713    .constdata          STemWin540_CM4_OS_Keil_ot.lib(f16_ascii.o)
    0x08010ad8   0x08010ad8   0x00000020   Data   RO         5714    .constdata          STemWin540_CM4_OS_Keil_ot.lib(f16_ascii.o)
    0x08010af8   0x08010af8   0x00000020   Data   RO         5715    .constdata          STemWin540_CM4_OS_Keil_ot.lib(f16_ascii.o)
    0x08010b18   0x08010b18   0x00000020   Data   RO         5716    .constdata          STemWin540_CM4_OS_Keil_ot.lib(f16_ascii.o)
    0x08010b38   0x08010b38   0x00000010   Data   RO         5717    .constdata          STemWin540_CM4_OS_Keil_ot.lib(f16_ascii.o)
    0x08010b48   0x08010b48   0x00000020   Data   RO         5718    .constdata          STemWin540_CM4_OS_Keil_ot.lib(f16_ascii.o)
    0x08010b68   0x08010b68   0x00000010   Data   RO         5719    .constdata          STemWin540_CM4_OS_Keil_ot.lib(f16_ascii.o)
    0x08010b78   0x08010b78   0x00000010   Data   RO         5720    .constdata          STemWin540_CM4_OS_Keil_ot.lib(f16_ascii.o)
    0x08010b88   0x08010b88   0x00000010   Data   RO         5721    .constdata          STemWin540_CM4_OS_Keil_ot.lib(f16_ascii.o)
    0x08010b98   0x08010b98   0x00000010   Data   RO         5722    .constdata          STemWin540_CM4_OS_Keil_ot.lib(f16_ascii.o)
    0x08010ba8   0x08010ba8   0x00000010   Data   RO         5723    .constdata          STemWin540_CM4_OS_Keil_ot.lib(f16_ascii.o)
    0x08010bb8   0x08010bb8   0x00000010   Data   RO         5724    .constdata          STemWin540_CM4_OS_Keil_ot.lib(f16_ascii.o)
    0x08010bc8   0x08010bc8   0x00000010   Data   RO         5725    .constdata          STemWin540_CM4_OS_Keil_ot.lib(f16_ascii.o)
    0x08010bd8   0x08010bd8   0x00000010   Data   RO         5726    .constdata          STemWin540_CM4_OS_Keil_ot.lib(f16_ascii.o)
    0x08010be8   0x08010be8   0x00000010   Data   RO         5727    .constdata          STemWin540_CM4_OS_Keil_ot.lib(f16_ascii.o)
    0x08010bf8   0x08010bf8   0x00000010   Data   RO         5728    .constdata          STemWin540_CM4_OS_Keil_ot.lib(f16_ascii.o)
    0x08010c08   0x08010c08   0x00000010   Data   RO         5729    .constdata          STemWin540_CM4_OS_Keil_ot.lib(f16_ascii.o)
    0x08010c18   0x08010c18   0x00000010   Data   RO         5730    .constdata          STemWin540_CM4_OS_Keil_ot.lib(f16_ascii.o)
    0x08010c28   0x08010c28   0x00000010   Data   RO         5731    .constdata          STemWin540_CM4_OS_Keil_ot.lib(f16_ascii.o)
    0x08010c38   0x08010c38   0x00000010   Data   RO         5732    .constdata          STemWin540_CM4_OS_Keil_ot.lib(f16_ascii.o)
    0x08010c48   0x08010c48   0x00000010   Data   RO         5733    .constdata          STemWin540_CM4_OS_Keil_ot.lib(f16_ascii.o)
    0x08010c58   0x08010c58   0x00000010   Data   RO         5734    .constdata          STemWin540_CM4_OS_Keil_ot.lib(f16_ascii.o)
    0x08010c68   0x08010c68   0x00000010   Data   RO         5735    .constdata          STemWin540_CM4_OS_Keil_ot.lib(f16_ascii.o)
    0x08010c78   0x08010c78   0x00000010   Data   RO         5736    .constdata          STemWin540_CM4_OS_Keil_ot.lib(f16_ascii.o)
    0x08010c88   0x08010c88   0x00000010   Data   RO         5737    .constdata          STemWin540_CM4_OS_Keil_ot.lib(f16_ascii.o)
    0x08010c98   0x08010c98   0x00000020   Data   RO         5738    .constdata          STemWin540_CM4_OS_Keil_ot.lib(f16_ascii.o)
    0x08010cb8   0x08010cb8   0x00000010   Data   RO         5739    .constdata          STemWin540_CM4_OS_Keil_ot.lib(f16_ascii.o)
    0x08010cc8   0x08010cc8   0x00000010   Data   RO         5740    .constdata          STemWin540_CM4_OS_Keil_ot.lib(f16_ascii.o)
    0x08010cd8   0x08010cd8   0x00000010   Data   RO         5741    .constdata          STemWin540_CM4_OS_Keil_ot.lib(f16_ascii.o)
    0x08010ce8   0x08010ce8   0x00000010   Data   RO         5742    .constdata          STemWin540_CM4_OS_Keil_ot.lib(f16_ascii.o)
    0x08010cf8   0x08010cf8   0x00000010   Data   RO         5743    .constdata          STemWin540_CM4_OS_Keil_ot.lib(f16_ascii.o)
    0x08010d08   0x08010d08   0x00000010   Data   RO         5744    .constdata          STemWin540_CM4_OS_Keil_ot.lib(f16_ascii.o)
    0x08010d18   0x08010d18   0x00000010   Data   RO         5745    .constdata          STemWin540_CM4_OS_Keil_ot.lib(f16_ascii.o)
    0x08010d28   0x08010d28   0x00000010   Data   RO         5746    .constdata          STemWin540_CM4_OS_Keil_ot.lib(f16_ascii.o)
    0x08010d38   0x08010d38   0x00000010   Data   RO         5747    .constdata          STemWin540_CM4_OS_Keil_ot.lib(f16_ascii.o)
    0x08010d48   0x08010d48   0x00000020   Data   RO         5748    .constdata          STemWin540_CM4_OS_Keil_ot.lib(f16_ascii.o)
    0x08010d68   0x08010d68   0x00000010   Data   RO         5749    .constdata          STemWin540_CM4_OS_Keil_ot.lib(f16_ascii.o)
    0x08010d78   0x08010d78   0x00000010   Data   RO         5750    .constdata          STemWin540_CM4_OS_Keil_ot.lib(f16_ascii.o)
    0x08010d88   0x08010d88   0x00000010   Data   RO         5751    .constdata          STemWin540_CM4_OS_Keil_ot.lib(f16_ascii.o)
    0x08010d98   0x08010d98   0x00000010   Data   RO         5752    .constdata          STemWin540_CM4_OS_Keil_ot.lib(f16_ascii.o)
    0x08010da8   0x08010da8   0x00000010   Data   RO         5753    .constdata          STemWin540_CM4_OS_Keil_ot.lib(f16_ascii.o)
    0x08010db8   0x08010db8   0x00000010   Data   RO         5754    .constdata          STemWin540_CM4_OS_Keil_ot.lib(f16_ascii.o)
    0x08010dc8   0x08010dc8   0x00000010   Data   RO         5755    .constdata          STemWin540_CM4_OS_Keil_ot.lib(f16_ascii.o)
    0x08010dd8   0x08010dd8   0x00000300   Data   RO         5756    .constdata          STemWin540_CM4_OS_Keil_ot.lib(f16_ascii.o)
    0x080110d8   0x080110d8   0x0000000c   Data   RO         5757    .constdata          STemWin540_CM4_OS_Keil_ot.lib(f16_ascii.o)
    0x080110e4   0x080110e4   0x00000024   Data   RO         5758    .constdata          STemWin540_CM4_OS_Keil_ot.lib(f16_ascii.o)
    0x08011108   0x08011108   0x00000010   Data   RO         5759    .constdata          STemWin540_CM4_OS_Keil_ot.lib(f16b_ascii.o)
    0x08011118   0x08011118   0x00000010   Data   RO         5760    .constdata          STemWin540_CM4_OS_Keil_ot.lib(f16b_ascii.o)
    0x08011128   0x08011128   0x00000010   Data   RO         5761    .constdata          STemWin540_CM4_OS_Keil_ot.lib(f16b_ascii.o)
    0x08011138   0x08011138   0x00000010   Data   RO         5762    .constdata          STemWin540_CM4_OS_Keil_ot.lib(f16b_ascii.o)
    0x08011148   0x08011148   0x00000010   Data   RO         5763    .constdata          STemWin540_CM4_OS_Keil_ot.lib(f16b_ascii.o)
    0x08011158   0x08011158   0x00000020   Data   RO         5764    .constdata          STemWin540_CM4_OS_Keil_ot.lib(f16b_ascii.o)
    0x08011178   0x08011178   0x00000020   Data   RO         5765    .constdata          STemWin540_CM4_OS_Keil_ot.lib(f16b_ascii.o)
    0x08011198   0x08011198   0x00000010   Data   RO         5766    .constdata          STemWin540_CM4_OS_Keil_ot.lib(f16b_ascii.o)
    0x080111a8   0x080111a8   0x00000010   Data   RO         5767    .constdata          STemWin540_CM4_OS_Keil_ot.lib(f16b_ascii.o)
    0x080111b8   0x080111b8   0x00000010   Data   RO         5768    .constdata          STemWin540_CM4_OS_Keil_ot.lib(f16b_ascii.o)
    0x080111c8   0x080111c8   0x00000010   Data   RO         5769    .constdata          STemWin540_CM4_OS_Keil_ot.lib(f16b_ascii.o)
    0x080111d8   0x080111d8   0x00000010   Data   RO         5770    .constdata          STemWin540_CM4_OS_Keil_ot.lib(f16b_ascii.o)
    0x080111e8   0x080111e8   0x00000010   Data   RO         5771    .constdata          STemWin540_CM4_OS_Keil_ot.lib(f16b_ascii.o)
    0x080111f8   0x080111f8   0x00000010   Data   RO         5772    .constdata          STemWin540_CM4_OS_Keil_ot.lib(f16b_ascii.o)
    0x08011208   0x08011208   0x00000010   Data   RO         5773    .constdata          STemWin540_CM4_OS_Keil_ot.lib(f16b_ascii.o)
    0x08011218   0x08011218   0x00000010   Data   RO         5774    .constdata          STemWin540_CM4_OS_Keil_ot.lib(f16b_ascii.o)
    0x08011228   0x08011228   0x00000010   Data   RO         5775    .constdata          STemWin540_CM4_OS_Keil_ot.lib(f16b_ascii.o)
    0x08011238   0x08011238   0x00000010   Data   RO         5776    .constdata          STemWin540_CM4_OS_Keil_ot.lib(f16b_ascii.o)
    0x08011248   0x08011248   0x00000010   Data   RO         5777    .constdata          STemWin540_CM4_OS_Keil_ot.lib(f16b_ascii.o)
    0x08011258   0x08011258   0x00000010   Data   RO         5778    .constdata          STemWin540_CM4_OS_Keil_ot.lib(f16b_ascii.o)
    0x08011268   0x08011268   0x00000010   Data   RO         5779    .constdata          STemWin540_CM4_OS_Keil_ot.lib(f16b_ascii.o)
    0x08011278   0x08011278   0x00000010   Data   RO         5780    .constdata          STemWin540_CM4_OS_Keil_ot.lib(f16b_ascii.o)
    0x08011288   0x08011288   0x00000010   Data   RO         5781    .constdata          STemWin540_CM4_OS_Keil_ot.lib(f16b_ascii.o)
    0x08011298   0x08011298   0x00000010   Data   RO         5782    .constdata          STemWin540_CM4_OS_Keil_ot.lib(f16b_ascii.o)
    0x080112a8   0x080112a8   0x00000010   Data   RO         5783    .constdata          STemWin540_CM4_OS_Keil_ot.lib(f16b_ascii.o)
    0x080112b8   0x080112b8   0x00000010   Data   RO         5784    .constdata          STemWin540_CM4_OS_Keil_ot.lib(f16b_ascii.o)
    0x080112c8   0x080112c8   0x00000010   Data   RO         5785    .constdata          STemWin540_CM4_OS_Keil_ot.lib(f16b_ascii.o)
    0x080112d8   0x080112d8   0x00000010   Data   RO         5786    .constdata          STemWin540_CM4_OS_Keil_ot.lib(f16b_ascii.o)
    0x080112e8   0x080112e8   0x00000010   Data   RO         5787    .constdata          STemWin540_CM4_OS_Keil_ot.lib(f16b_ascii.o)
    0x080112f8   0x080112f8   0x00000010   Data   RO         5788    .constdata          STemWin540_CM4_OS_Keil_ot.lib(f16b_ascii.o)
    0x08011308   0x08011308   0x00000010   Data   RO         5789    .constdata          STemWin540_CM4_OS_Keil_ot.lib(f16b_ascii.o)
    0x08011318   0x08011318   0x00000010   Data   RO         5790    .constdata          STemWin540_CM4_OS_Keil_ot.lib(f16b_ascii.o)
    0x08011328   0x08011328   0x00000020   Data   RO         5791    .constdata          STemWin540_CM4_OS_Keil_ot.lib(f16b_ascii.o)
    0x08011348   0x08011348   0x00000020   Data   RO         5792    .constdata          STemWin540_CM4_OS_Keil_ot.lib(f16b_ascii.o)
    0x08011368   0x08011368   0x00000020   Data   RO         5793    .constdata          STemWin540_CM4_OS_Keil_ot.lib(f16b_ascii.o)
    0x08011388   0x08011388   0x00000020   Data   RO         5794    .constdata          STemWin540_CM4_OS_Keil_ot.lib(f16b_ascii.o)
    0x080113a8   0x080113a8   0x00000020   Data   RO         5795    .constdata          STemWin540_CM4_OS_Keil_ot.lib(f16b_ascii.o)
    0x080113c8   0x080113c8   0x00000010   Data   RO         5796    .constdata          STemWin540_CM4_OS_Keil_ot.lib(f16b_ascii.o)
    0x080113d8   0x080113d8   0x00000010   Data   RO         5797    .constdata          STemWin540_CM4_OS_Keil_ot.lib(f16b_ascii.o)
    0x080113e8   0x080113e8   0x00000020   Data   RO         5798    .constdata          STemWin540_CM4_OS_Keil_ot.lib(f16b_ascii.o)
    0x08011408   0x08011408   0x00000020   Data   RO         5799    .constdata          STemWin540_CM4_OS_Keil_ot.lib(f16b_ascii.o)
    0x08011428   0x08011428   0x00000010   Data   RO         5800    .constdata          STemWin540_CM4_OS_Keil_ot.lib(f16b_ascii.o)
    0x08011438   0x08011438   0x00000010   Data   RO         5801    .constdata          STemWin540_CM4_OS_Keil_ot.lib(f16b_ascii.o)
    0x08011448   0x08011448   0x00000020   Data   RO         5802    .constdata          STemWin540_CM4_OS_Keil_ot.lib(f16b_ascii.o)
    0x08011468   0x08011468   0x00000010   Data   RO         5803    .constdata          STemWin540_CM4_OS_Keil_ot.lib(f16b_ascii.o)
    0x08011478   0x08011478   0x00000020   Data   RO         5804    .constdata          STemWin540_CM4_OS_Keil_ot.lib(f16b_ascii.o)
    0x08011498   0x08011498   0x00000020   Data   RO         5805    .constdata          STemWin540_CM4_OS_Keil_ot.lib(f16b_ascii.o)
    0x080114b8   0x080114b8   0x00000020   Data   RO         5806    .constdata          STemWin540_CM4_OS_Keil_ot.lib(f16b_ascii.o)
    0x080114d8   0x080114d8   0x00000020   Data   RO         5807    .constdata          STemWin540_CM4_OS_Keil_ot.lib(f16b_ascii.o)
    0x080114f8   0x080114f8   0x00000020   Data   RO         5808    .constdata          STemWin540_CM4_OS_Keil_ot.lib(f16b_ascii.o)
    0x08011518   0x08011518   0x00000020   Data   RO         5809    .constdata          STemWin540_CM4_OS_Keil_ot.lib(f16b_ascii.o)
    0x08011538   0x08011538   0x00000020   Data   RO         5810    .constdata          STemWin540_CM4_OS_Keil_ot.lib(f16b_ascii.o)
    0x08011558   0x08011558   0x00000010   Data   RO         5811    .constdata          STemWin540_CM4_OS_Keil_ot.lib(f16b_ascii.o)
    0x08011568   0x08011568   0x00000020   Data   RO         5812    .constdata          STemWin540_CM4_OS_Keil_ot.lib(f16b_ascii.o)
    0x08011588   0x08011588   0x00000020   Data   RO         5813    .constdata          STemWin540_CM4_OS_Keil_ot.lib(f16b_ascii.o)
    0x080115a8   0x080115a8   0x00000020   Data   RO         5814    .constdata          STemWin540_CM4_OS_Keil_ot.lib(f16b_ascii.o)
    0x080115c8   0x080115c8   0x00000020   Data   RO         5815    .constdata          STemWin540_CM4_OS_Keil_ot.lib(f16b_ascii.o)
    0x080115e8   0x080115e8   0x00000010   Data   RO         5816    .constdata          STemWin540_CM4_OS_Keil_ot.lib(f16b_ascii.o)
    0x080115f8   0x080115f8   0x00000010   Data   RO         5817    .constdata          STemWin540_CM4_OS_Keil_ot.lib(f16b_ascii.o)
    0x08011608   0x08011608   0x00000010   Data   RO         5818    .constdata          STemWin540_CM4_OS_Keil_ot.lib(f16b_ascii.o)
    0x08011618   0x08011618   0x00000010   Data   RO         5819    .constdata          STemWin540_CM4_OS_Keil_ot.lib(f16b_ascii.o)
    0x08011628   0x08011628   0x00000010   Data   RO         5820    .constdata          STemWin540_CM4_OS_Keil_ot.lib(f16b_ascii.o)
    0x08011638   0x08011638   0x00000010   Data   RO         5821    .constdata          STemWin540_CM4_OS_Keil_ot.lib(f16b_ascii.o)
    0x08011648   0x08011648   0x00000010   Data   RO         5822    .constdata          STemWin540_CM4_OS_Keil_ot.lib(f16b_ascii.o)
    0x08011658   0x08011658   0x00000010   Data   RO         5823    .constdata          STemWin540_CM4_OS_Keil_ot.lib(f16b_ascii.o)
    0x08011668   0x08011668   0x00000010   Data   RO         5824    .constdata          STemWin540_CM4_OS_Keil_ot.lib(f16b_ascii.o)
    0x08011678   0x08011678   0x00000010   Data   RO         5825    .constdata          STemWin540_CM4_OS_Keil_ot.lib(f16b_ascii.o)
    0x08011688   0x08011688   0x00000010   Data   RO         5826    .constdata          STemWin540_CM4_OS_Keil_ot.lib(f16b_ascii.o)
    0x08011698   0x08011698   0x00000010   Data   RO         5827    .constdata          STemWin540_CM4_OS_Keil_ot.lib(f16b_ascii.o)
    0x080116a8   0x080116a8   0x00000010   Data   RO         5828    .constdata          STemWin540_CM4_OS_Keil_ot.lib(f16b_ascii.o)
    0x080116b8   0x080116b8   0x00000010   Data   RO         5829    .constdata          STemWin540_CM4_OS_Keil_ot.lib(f16b_ascii.o)
    0x080116c8   0x080116c8   0x00000010   Data   RO         5830    .constdata          STemWin540_CM4_OS_Keil_ot.lib(f16b_ascii.o)
    0x080116d8   0x080116d8   0x00000010   Data   RO         5831    .constdata          STemWin540_CM4_OS_Keil_ot.lib(f16b_ascii.o)
    0x080116e8   0x080116e8   0x00000010   Data   RO         5832    .constdata          STemWin540_CM4_OS_Keil_ot.lib(f16b_ascii.o)
    0x080116f8   0x080116f8   0x00000010   Data   RO         5833    .constdata          STemWin540_CM4_OS_Keil_ot.lib(f16b_ascii.o)
    0x08011708   0x08011708   0x00000010   Data   RO         5834    .constdata          STemWin540_CM4_OS_Keil_ot.lib(f16b_ascii.o)
    0x08011718   0x08011718   0x00000010   Data   RO         5835    .constdata          STemWin540_CM4_OS_Keil_ot.lib(f16b_ascii.o)
    0x08011728   0x08011728   0x00000020   Data   RO         5836    .constdata          STemWin540_CM4_OS_Keil_ot.lib(f16b_ascii.o)
    0x08011748   0x08011748   0x00000010   Data   RO         5837    .constdata          STemWin540_CM4_OS_Keil_ot.lib(f16b_ascii.o)
    0x08011758   0x08011758   0x00000010   Data   RO         5838    .constdata          STemWin540_CM4_OS_Keil_ot.lib(f16b_ascii.o)
    0x08011768   0x08011768   0x00000010   Data   RO         5839    .constdata          STemWin540_CM4_OS_Keil_ot.lib(f16b_ascii.o)
    0x08011778   0x08011778   0x00000010   Data   RO         5840    .constdata          STemWin540_CM4_OS_Keil_ot.lib(f16b_ascii.o)
    0x08011788   0x08011788   0x00000010   Data   RO         5841    .constdata          STemWin540_CM4_OS_Keil_ot.lib(f16b_ascii.o)
    0x08011798   0x08011798   0x00000010   Data   RO         5842    .constdata          STemWin540_CM4_OS_Keil_ot.lib(f16b_ascii.o)
    0x080117a8   0x080117a8   0x00000010   Data   RO         5843    .constdata          STemWin540_CM4_OS_Keil_ot.lib(f16b_ascii.o)
    0x080117b8   0x080117b8   0x00000010   Data   RO         5844    .constdata          STemWin540_CM4_OS_Keil_ot.lib(f16b_ascii.o)
    0x080117c8   0x080117c8   0x00000010   Data   RO         5845    .constdata          STemWin540_CM4_OS_Keil_ot.lib(f16b_ascii.o)
    0x080117d8   0x080117d8   0x00000020   Data   RO         5846    .constdata          STemWin540_CM4_OS_Keil_ot.lib(f16b_ascii.o)
    0x080117f8   0x080117f8   0x00000010   Data   RO         5847    .constdata          STemWin540_CM4_OS_Keil_ot.lib(f16b_ascii.o)
    0x08011808   0x08011808   0x00000010   Data   RO         5848    .constdata          STemWin540_CM4_OS_Keil_ot.lib(f16b_ascii.o)
    0x08011818   0x08011818   0x00000010   Data   RO         5849    .constdata          STemWin540_CM4_OS_Keil_ot.lib(f16b_ascii.o)
    0x08011828   0x08011828   0x00000010   Data   RO         5850    .constdata          STemWin540_CM4_OS_Keil_ot.lib(f16b_ascii.o)
    0x08011838   0x08011838   0x00000010   Data   RO         5851    .constdata          STemWin540_CM4_OS_Keil_ot.lib(f16b_ascii.o)
    0x08011848   0x08011848   0x00000010   Data   RO         5852    .constdata          STemWin540_CM4_OS_Keil_ot.lib(f16b_ascii.o)
    0x08011858   0x08011858   0x00000010   Data   RO         5853    .constdata          STemWin540_CM4_OS_Keil_ot.lib(f16b_ascii.o)
    0x08011868   0x08011868   0x000002f8   Data   RO         5854    .constdata          STemWin540_CM4_OS_Keil_ot.lib(f16b_ascii.o)
    0x08011b60   0x08011b60   0x0000000c   Data   RO         5855    .constdata          STemWin540_CM4_OS_Keil_ot.lib(f16b_ascii.o)
    0x08011b6c   0x08011b6c   0x00000024   Data   RO         5856    .constdata          STemWin540_CM4_OS_Keil_ot.lib(f16b_ascii.o)
    0x08011b90   0x08011b90   0x00000018   Data   RO         5857    .constdata          STemWin540_CM4_OS_Keil_ot.lib(f24_ascii.o)
    0x08011ba8   0x08011ba8   0x00000018   Data   RO         5858    .constdata          STemWin540_CM4_OS_Keil_ot.lib(f24_ascii.o)
    0x08011bc0   0x08011bc0   0x00000018   Data   RO         5859    .constdata          STemWin540_CM4_OS_Keil_ot.lib(f24_ascii.o)
    0x08011bd8   0x08011bd8   0x00000030   Data   RO         5860    .constdata          STemWin540_CM4_OS_Keil_ot.lib(f24_ascii.o)
    0x08011c08   0x08011c08   0x00000030   Data   RO         5861    .constdata          STemWin540_CM4_OS_Keil_ot.lib(f24_ascii.o)
    0x08011c38   0x08011c38   0x00000048   Data   RO         5862    .constdata          STemWin540_CM4_OS_Keil_ot.lib(f24_ascii.o)
    0x08011c80   0x08011c80   0x00000030   Data   RO         5863    .constdata          STemWin540_CM4_OS_Keil_ot.lib(f24_ascii.o)
    0x08011cb0   0x08011cb0   0x00000018   Data   RO         5864    .constdata          STemWin540_CM4_OS_Keil_ot.lib(f24_ascii.o)
    0x08011cc8   0x08011cc8   0x00000018   Data   RO         5865    .constdata          STemWin540_CM4_OS_Keil_ot.lib(f24_ascii.o)
    0x08011ce0   0x08011ce0   0x00000018   Data   RO         5866    .constdata          STemWin540_CM4_OS_Keil_ot.lib(f24_ascii.o)
    0x08011cf8   0x08011cf8   0x00000018   Data   RO         5867    .constdata          STemWin540_CM4_OS_Keil_ot.lib(f24_ascii.o)
    0x08011d10   0x08011d10   0x00000030   Data   RO         5868    .constdata          STemWin540_CM4_OS_Keil_ot.lib(f24_ascii.o)
    0x08011d40   0x08011d40   0x00000018   Data   RO         5869    .constdata          STemWin540_CM4_OS_Keil_ot.lib(f24_ascii.o)
    0x08011d58   0x08011d58   0x00000018   Data   RO         5870    .constdata          STemWin540_CM4_OS_Keil_ot.lib(f24_ascii.o)
    0x08011d70   0x08011d70   0x00000018   Data   RO         5871    .constdata          STemWin540_CM4_OS_Keil_ot.lib(f24_ascii.o)
    0x08011d88   0x08011d88   0x00000018   Data   RO         5872    .constdata          STemWin540_CM4_OS_Keil_ot.lib(f24_ascii.o)
    0x08011da0   0x08011da0   0x00000030   Data   RO         5873    .constdata          STemWin540_CM4_OS_Keil_ot.lib(f24_ascii.o)
    0x08011dd0   0x08011dd0   0x00000030   Data   RO         5874    .constdata          STemWin540_CM4_OS_Keil_ot.lib(f24_ascii.o)
    0x08011e00   0x08011e00   0x00000030   Data   RO         5875    .constdata          STemWin540_CM4_OS_Keil_ot.lib(f24_ascii.o)
    0x08011e30   0x08011e30   0x00000030   Data   RO         5876    .constdata          STemWin540_CM4_OS_Keil_ot.lib(f24_ascii.o)
    0x08011e60   0x08011e60   0x00000030   Data   RO         5877    .constdata          STemWin540_CM4_OS_Keil_ot.lib(f24_ascii.o)
    0x08011e90   0x08011e90   0x00000030   Data   RO         5878    .constdata          STemWin540_CM4_OS_Keil_ot.lib(f24_ascii.o)
    0x08011ec0   0x08011ec0   0x00000030   Data   RO         5879    .constdata          STemWin540_CM4_OS_Keil_ot.lib(f24_ascii.o)
    0x08011ef0   0x08011ef0   0x00000030   Data   RO         5880    .constdata          STemWin540_CM4_OS_Keil_ot.lib(f24_ascii.o)
    0x08011f20   0x08011f20   0x00000030   Data   RO         5881    .constdata          STemWin540_CM4_OS_Keil_ot.lib(f24_ascii.o)
    0x08011f50   0x08011f50   0x00000030   Data   RO         5882    .constdata          STemWin540_CM4_OS_Keil_ot.lib(f24_ascii.o)
    0x08011f80   0x08011f80   0x00000018   Data   RO         5883    .constdata          STemWin540_CM4_OS_Keil_ot.lib(f24_ascii.o)
    0x08011f98   0x08011f98   0x00000018   Data   RO         5884    .constdata          STemWin540_CM4_OS_Keil_ot.lib(f24_ascii.o)
    0x08011fb0   0x08011fb0   0x00000030   Data   RO         5885    .constdata          STemWin540_CM4_OS_Keil_ot.lib(f24_ascii.o)
    0x08011fe0   0x08011fe0   0x00000030   Data   RO         5886    .constdata          STemWin540_CM4_OS_Keil_ot.lib(f24_ascii.o)
    0x08012010   0x08012010   0x00000030   Data   RO         5887    .constdata          STemWin540_CM4_OS_Keil_ot.lib(f24_ascii.o)
    0x08012040   0x08012040   0x00000030   Data   RO         5888    .constdata          STemWin540_CM4_OS_Keil_ot.lib(f24_ascii.o)
    0x08012070   0x08012070   0x00000048   Data   RO         5889    .constdata          STemWin540_CM4_OS_Keil_ot.lib(f24_ascii.o)
    0x080120b8   0x080120b8   0x00000030   Data   RO         5890    .constdata          STemWin540_CM4_OS_Keil_ot.lib(f24_ascii.o)
    0x080120e8   0x080120e8   0x00000030   Data   RO         5891    .constdata          STemWin540_CM4_OS_Keil_ot.lib(f24_ascii.o)
    0x08012118   0x08012118   0x00000030   Data   RO         5892    .constdata          STemWin540_CM4_OS_Keil_ot.lib(f24_ascii.o)
    0x08012148   0x08012148   0x00000030   Data   RO         5893    .constdata          STemWin540_CM4_OS_Keil_ot.lib(f24_ascii.o)
    0x08012178   0x08012178   0x00000030   Data   RO         5894    .constdata          STemWin540_CM4_OS_Keil_ot.lib(f24_ascii.o)
    0x080121a8   0x080121a8   0x00000030   Data   RO         5895    .constdata          STemWin540_CM4_OS_Keil_ot.lib(f24_ascii.o)
    0x080121d8   0x080121d8   0x00000030   Data   RO         5896    .constdata          STemWin540_CM4_OS_Keil_ot.lib(f24_ascii.o)
    0x08012208   0x08012208   0x00000030   Data   RO         5897    .constdata          STemWin540_CM4_OS_Keil_ot.lib(f24_ascii.o)
    0x08012238   0x08012238   0x00000018   Data   RO         5898    .constdata          STemWin540_CM4_OS_Keil_ot.lib(f24_ascii.o)
    0x08012250   0x08012250   0x00000030   Data   RO         5899    .constdata          STemWin540_CM4_OS_Keil_ot.lib(f24_ascii.o)
    0x08012280   0x08012280   0x00000030   Data   RO         5900    .constdata          STemWin540_CM4_OS_Keil_ot.lib(f24_ascii.o)
    0x080122b0   0x080122b0   0x00000030   Data   RO         5901    .constdata          STemWin540_CM4_OS_Keil_ot.lib(f24_ascii.o)
    0x080122e0   0x080122e0   0x00000048   Data   RO         5902    .constdata          STemWin540_CM4_OS_Keil_ot.lib(f24_ascii.o)
    0x08012328   0x08012328   0x00000030   Data   RO         5903    .constdata          STemWin540_CM4_OS_Keil_ot.lib(f24_ascii.o)
    0x08012358   0x08012358   0x00000030   Data   RO         5904    .constdata          STemWin540_CM4_OS_Keil_ot.lib(f24_ascii.o)
    0x08012388   0x08012388   0x00000030   Data   RO         5905    .constdata          STemWin540_CM4_OS_Keil_ot.lib(f24_ascii.o)
    0x080123b8   0x080123b8   0x00000030   Data   RO         5906    .constdata          STemWin540_CM4_OS_Keil_ot.lib(f24_ascii.o)
    0x080123e8   0x080123e8   0x00000030   Data   RO         5907    .constdata          STemWin540_CM4_OS_Keil_ot.lib(f24_ascii.o)
    0x08012418   0x08012418   0x00000030   Data   RO         5908    .constdata          STemWin540_CM4_OS_Keil_ot.lib(f24_ascii.o)
    0x08012448   0x08012448   0x00000030   Data   RO         5909    .constdata          STemWin540_CM4_OS_Keil_ot.lib(f24_ascii.o)
    0x08012478   0x08012478   0x00000030   Data   RO         5910    .constdata          STemWin540_CM4_OS_Keil_ot.lib(f24_ascii.o)
    0x080124a8   0x080124a8   0x00000030   Data   RO         5911    .constdata          STemWin540_CM4_OS_Keil_ot.lib(f24_ascii.o)
    0x080124d8   0x080124d8   0x00000048   Data   RO         5912    .constdata          STemWin540_CM4_OS_Keil_ot.lib(f24_ascii.o)
    0x08012520   0x08012520   0x00000030   Data   RO         5913    .constdata          STemWin540_CM4_OS_Keil_ot.lib(f24_ascii.o)
    0x08012550   0x08012550   0x00000030   Data   RO         5914    .constdata          STemWin540_CM4_OS_Keil_ot.lib(f24_ascii.o)
    0x08012580   0x08012580   0x00000030   Data   RO         5915    .constdata          STemWin540_CM4_OS_Keil_ot.lib(f24_ascii.o)
    0x080125b0   0x080125b0   0x00000018   Data   RO         5916    .constdata          STemWin540_CM4_OS_Keil_ot.lib(f24_ascii.o)
    0x080125c8   0x080125c8   0x00000018   Data   RO         5917    .constdata          STemWin540_CM4_OS_Keil_ot.lib(f24_ascii.o)
    0x080125e0   0x080125e0   0x00000018   Data   RO         5918    .constdata          STemWin540_CM4_OS_Keil_ot.lib(f24_ascii.o)
    0x080125f8   0x080125f8   0x00000018   Data   RO         5919    .constdata          STemWin540_CM4_OS_Keil_ot.lib(f24_ascii.o)
    0x08012610   0x08012610   0x00000030   Data   RO         5920    .constdata          STemWin540_CM4_OS_Keil_ot.lib(f24_ascii.o)
    0x08012640   0x08012640   0x00000018   Data   RO         5921    .constdata          STemWin540_CM4_OS_Keil_ot.lib(f24_ascii.o)
    0x08012658   0x08012658   0x00000030   Data   RO         5922    .constdata          STemWin540_CM4_OS_Keil_ot.lib(f24_ascii.o)
    0x08012688   0x08012688   0x00000030   Data   RO         5923    .constdata          STemWin540_CM4_OS_Keil_ot.lib(f24_ascii.o)
    0x080126b8   0x080126b8   0x00000030   Data   RO         5924    .constdata          STemWin540_CM4_OS_Keil_ot.lib(f24_ascii.o)
    0x080126e8   0x080126e8   0x00000030   Data   RO         5925    .constdata          STemWin540_CM4_OS_Keil_ot.lib(f24_ascii.o)
    0x08012718   0x08012718   0x00000030   Data   RO         5926    .constdata          STemWin540_CM4_OS_Keil_ot.lib(f24_ascii.o)
    0x08012748   0x08012748   0x00000018   Data   RO         5927    .constdata          STemWin540_CM4_OS_Keil_ot.lib(f24_ascii.o)
    0x08012760   0x08012760   0x00000030   Data   RO         5928    .constdata          STemWin540_CM4_OS_Keil_ot.lib(f24_ascii.o)
    0x08012790   0x08012790   0x00000030   Data   RO         5929    .constdata          STemWin540_CM4_OS_Keil_ot.lib(f24_ascii.o)
    0x080127c0   0x080127c0   0x00000018   Data   RO         5930    .constdata          STemWin540_CM4_OS_Keil_ot.lib(f24_ascii.o)
    0x080127d8   0x080127d8   0x00000018   Data   RO         5931    .constdata          STemWin540_CM4_OS_Keil_ot.lib(f24_ascii.o)
    0x080127f0   0x080127f0   0x00000030   Data   RO         5932    .constdata          STemWin540_CM4_OS_Keil_ot.lib(f24_ascii.o)
    0x08012820   0x08012820   0x00000018   Data   RO         5933    .constdata          STemWin540_CM4_OS_Keil_ot.lib(f24_ascii.o)
    0x08012838   0x08012838   0x00000030   Data   RO         5934    .constdata          STemWin540_CM4_OS_Keil_ot.lib(f24_ascii.o)
    0x08012868   0x08012868   0x00000030   Data   RO         5935    .constdata          STemWin540_CM4_OS_Keil_ot.lib(f24_ascii.o)
    0x08012898   0x08012898   0x00000030   Data   RO         5936    .constdata          STemWin540_CM4_OS_Keil_ot.lib(f24_ascii.o)
    0x080128c8   0x080128c8   0x00000030   Data   RO         5937    .constdata          STemWin540_CM4_OS_Keil_ot.lib(f24_ascii.o)
    0x080128f8   0x080128f8   0x00000030   Data   RO         5938    .constdata          STemWin540_CM4_OS_Keil_ot.lib(f24_ascii.o)
    0x08012928   0x08012928   0x00000018   Data   RO         5939    .constdata          STemWin540_CM4_OS_Keil_ot.lib(f24_ascii.o)
    0x08012940   0x08012940   0x00000030   Data   RO         5940    .constdata          STemWin540_CM4_OS_Keil_ot.lib(f24_ascii.o)
    0x08012970   0x08012970   0x00000018   Data   RO         5941    .constdata          STemWin540_CM4_OS_Keil_ot.lib(f24_ascii.o)
    0x08012988   0x08012988   0x00000030   Data   RO         5942    .constdata          STemWin540_CM4_OS_Keil_ot.lib(f24_ascii.o)
    0x080129b8   0x080129b8   0x00000030   Data   RO         5943    .constdata          STemWin540_CM4_OS_Keil_ot.lib(f24_ascii.o)
    0x080129e8   0x080129e8   0x00000030   Data   RO         5944    .constdata          STemWin540_CM4_OS_Keil_ot.lib(f24_ascii.o)
    0x08012a18   0x08012a18   0x00000030   Data   RO         5945    .constdata          STemWin540_CM4_OS_Keil_ot.lib(f24_ascii.o)
    0x08012a48   0x08012a48   0x00000030   Data   RO         5946    .constdata          STemWin540_CM4_OS_Keil_ot.lib(f24_ascii.o)
    0x08012a78   0x08012a78   0x00000030   Data   RO         5947    .constdata          STemWin540_CM4_OS_Keil_ot.lib(f24_ascii.o)
    0x08012aa8   0x08012aa8   0x00000018   Data   RO         5948    .constdata          STemWin540_CM4_OS_Keil_ot.lib(f24_ascii.o)
    0x08012ac0   0x08012ac0   0x00000018   Data   RO         5949    .constdata          STemWin540_CM4_OS_Keil_ot.lib(f24_ascii.o)
    0x08012ad8   0x08012ad8   0x00000018   Data   RO         5950    .constdata          STemWin540_CM4_OS_Keil_ot.lib(f24_ascii.o)
    0x08012af0   0x08012af0   0x00000030   Data   RO         5951    .constdata          STemWin540_CM4_OS_Keil_ot.lib(f24_ascii.o)
    0x08012b20   0x08012b20   0x000002f8   Data   RO         5952    .constdata          STemWin540_CM4_OS_Keil_ot.lib(f24_ascii.o)
    0x08012e18   0x08012e18   0x0000000c   Data   RO         5953    .constdata          STemWin540_CM4_OS_Keil_ot.lib(f24_ascii.o)
    0x08012e24   0x08012e24   0x00000024   Data   RO         5954    .constdata          STemWin540_CM4_OS_Keil_ot.lib(f24_ascii.o)
    0x08012e48   0x08012e48   0x00000008   Data   RO         6344    .constdata          STemWin540_CM4_OS_Keil_ot.lib(wm_multibuf.o)
    0x08012e50   0x08012e50   0x00000018   Data   RO         6352    .constdata          STemWin540_CM4_OS_Keil_ot.lib(guicc_16.o)
    0x08012e68   0x08012e68   0x00000010   Data   RO         6356    .constdata          STemWin540_CM4_OS_Keil_ot.lib(gui__divtbl.o)
    0x08012e78   0x08012e78   0x00000020   Data   RO         6357    .constdata          STemWin540_CM4_OS_Keil_ot.lib(gui__divtbl.o)
    0x08012e98   0x08012e98   0x00000040   Data   RO         6358    .constdata          STemWin540_CM4_OS_Keil_ot.lib(gui__divtbl.o)
    0x08012ed8   0x08012ed8   0x00000100   Data   RO         6359    .constdata          STemWin540_CM4_OS_Keil_ot.lib(gui__divtbl.o)
    0x08012fd8   0x08012fd8   0x00000100   Data   RO         6360    .constdata          STemWin540_CM4_OS_Keil_ot.lib(gui__divtbl.o)
    0x080130d8   0x080130d8   0x00000100   Data   RO         6361    .constdata          STemWin540_CM4_OS_Keil_ot.lib(gui__divtbl.o)
    0x080131d8   0x080131d8   0x00000010   Data   RO         6546    .constdata          STemWin540_CM4_OS_Keil_ot.lib(gui_uc_encodenone.o)
    0x080131e8   0x080131e8   0x00000018   Data   RO         6568    .constdata          STemWin540_CM4_OS_Keil_ot.lib(guicc_0.o)
    0x08013200   0x08013200   0x00000100   Data   RO         6592    .constdata          STemWin540_CM4_OS_Keil_ot.lib(lcd_mirror.o)
    0x08013300   0x08013300   0x00000518   Data   RO         6609    .constdata          STemWin540_CM4_OS_Keil_ot.lib(f6x8.o)
    0x08013818   0x08013818   0x000001c0   Data   RO         6610    .constdata          STemWin540_CM4_OS_Keil_ot.lib(f6x8.o)
    0x080139d8   0x080139d8   0x00000008   Data   RO         6611    .constdata          STemWin540_CM4_OS_Keil_ot.lib(f6x8.o)
    0x080139e0   0x080139e0   0x00000014   Data   RO         6612    .constdata          STemWin540_CM4_OS_Keil_ot.lib(f6x8.o)
    0x080139f4   0x080139f4   0x00000024   Data   RO         6613    .constdata          STemWin540_CM4_OS_Keil_ot.lib(f6x8.o)
    0x08013a18   0x08013a18   0x00000074   Data   RO         6747    .constdata          STemWin540_CM4_OS_Keil_ot.lib(guidev_32.o)
    0x08013a8c   0x08013a8c   0x00000018   Data   RO         6980    .constdata          STemWin540_CM4_OS_Keil_ot.lib(guicc_8888.o)
    0x08013aa4   0x08013aa4   0x00000018   Data   RO         7019    .constdata          STemWin540_CM4_OS_Keil_ot.lib(guidev_usagebm.o)
    0x08013abc   0x08013abc   0x00000008   Data   RO         7037    .constdata          STemWin540_CM4_OS_Keil_ot.lib(guidev_writetoactiveopaque.o)
    0x08013ac4   0x08013ac4   0x00000004   Data   RO         3713    .rti_fn.0           components.o
    0x08013ac8   0x08013ac8   0x00000004   Data   RO         3714    .rti_fn.0.end       components.o
    0x08013acc   0x08013acc   0x00000004   Data   RO         3715    .rti_fn.1.end       components.o
    0x08013ad0   0x08013ad0   0x00000004   Data   RO         3716    .rti_fn.6.end       components.o
    0x08013ad4   0x08013ad4   0x00000040   Data   RO         7594    Region$$Table       anon$$obj.o


    Execution Region RW_IRAM1 (Exec base: 0x20000000, Load base: 0x08013b14, Size: 0x00005398, Max: 0x00030000, ABSOLUTE, COMPRESSED[0x000000c8])

    Exec Addr    Load Addr    Size         Type   Attr      Idx    E Section Name        Object

    0x20000000   COMPRESSED   0x00000014   Data   RW           16    .data               system_stm32f4xx.o
    0x20000014   COMPRESSED   0x00000010   Data   RW          629    .data               stm32f4xx_rcc.o
    0x20000024   COMPRESSED   0x00000011   Data   RW         2104    .data               stm32f429i_discovery_i2c_ee.o
    0x20000035   COMPRESSED   0x00000003   PAD
    0x20000038   COMPRESSED   0x00000015   Data   RW         2202    .data               stm32f429i_discovery_ioe.o
    0x2000004d   COMPRESSED   0x00000003   PAD
    0x20000050   COMPRESSED   0x00000004   Data   RW         2641    .data               delay.o
    0x20000054   COMPRESSED   0x00000028   Data   RW         3149    .data               guidrv_stm32f429i_discovery.o
    0x2000007c   COMPRESSED   0x00000011   Data   RW         3379    .data               gui_x_os.o
    0x2000008d   COMPRESSED   0x00000003   PAD
    0x20000090   COMPRESSED   0x00000004   Data   RW         3670    .data               clock.o
    0x20000094   COMPRESSED   0x00000009   Data   RW         4065    .data               irq.o
    0x2000009d   COMPRESSED   0x00000003   PAD
    0x200000a0   COMPRESSED   0x00000020   Data   RW         4286    .data               mem.o
    0x200000c0   COMPRESSED   0x00000074   Data   RW         4366    .data               object.o
    0x20000134   COMPRESSED   0x0000001c   Data   RW         4467    .data               scheduler.o
    0x20000150   COMPRESSED   0x0000000c   Data   RW         4557    .data               thread.o
    0x2000015c   COMPRESSED   0x00000014   Data   RW         4695    .data               timer.o
    0x20000170   COMPRESSED   0x00000010   Data   RW         4805    .data               cpuport.o
    0x20000180   COMPRESSED   0x00000008   Data   RW         4875    .data               STemWin540_CM4_OS_Keil_ot.lib(guicc_m1555i.o)
    0x20000188   COMPRESSED   0x00000008   Data   RW         4889    .data               STemWin540_CM4_OS_Keil_ot.lib(guicc_m4444i.o)
    0x20000190   COMPRESSED   0x00000008   Data   RW         4902    .data               STemWin540_CM4_OS_Keil_ot.lib(guicc_m8888i.o)
    0x20000198   COMPRESSED   0x00000030   Data   RW         4919    .data               STemWin540_CM4_OS_Keil_ot.lib(gui__alpha.o)
    0x200001c8   COMPRESSED   0x00000048   Data   RW         5206    .data               STemWin540_CM4_OS_Keil_ot.lib(gui_core.o)
    0x20000210   COMPRESSED   0x00000004   Data   RW         5207    .data               STemWin540_CM4_OS_Keil_ot.lib(gui_core.o)
    0x20000214   COMPRESSED   0x00000004   Data   RW         5208    .data               STemWin540_CM4_OS_Keil_ot.lib(gui_core.o)
    0x20000218   COMPRESSED   0x00000004   Data   RW         5210    .data               STemWin540_CM4_OS_Keil_ot.lib(gui_core.o)
    0x2000021c   COMPRESSED   0x00000004   Data   RW         5211    .data               STemWin540_CM4_OS_Keil_ot.lib(gui_core.o)
    0x20000220   COMPRESSED   0x00000004   Data   RW         5212    .data               STemWin540_CM4_OS_Keil_ot.lib(gui_core.o)
    0x20000224   COMPRESSED   0x00000004   Data   RW         5213    .data               STemWin540_CM4_OS_Keil_ot.lib(gui_core.o)
    0x20000228   COMPRESSED   0x00000004   Data   RW         5214    .data               STemWin540_CM4_OS_Keil_ot.lib(gui_core.o)
    0x2000022c   COMPRESSED   0x00000002   Data   RW         5215    .data               STemWin540_CM4_OS_Keil_ot.lib(gui_core.o)
    0x2000022e   COMPRESSED   0x00000001   Data   RW         5216    .data               STemWin540_CM4_OS_Keil_ot.lib(gui_core.o)
    0x2000022f   COMPRESSED   0x00000001   PAD
    0x20000230   COMPRESSED   0x00000004   Data   RW         5217    .data               STemWin540_CM4_OS_Keil_ot.lib(gui_core.o)
    0x20000234   COMPRESSED   0x00000004   Data   RW         5218    .data               STemWin540_CM4_OS_Keil_ot.lib(gui_core.o)
    0x20000238   COMPRESSED   0x00000002   Data   RW         5219    .data               STemWin540_CM4_OS_Keil_ot.lib(gui_core.o)
    0x2000023a   COMPRESSED   0x00000002   Data   RW         5220    .data               STemWin540_CM4_OS_Keil_ot.lib(gui_core.o)
    0x2000023c   COMPRESSED   0x0000002c   Data   RW         5302    .data               STemWin540_CM4_OS_Keil_ot.lib(gui_multibuf.o)
    0x20000268   COMPRESSED   0x00000018   Data   RW         5327    .data               STemWin540_CM4_OS_Keil_ot.lib(gui_pid.o)
    0x20000280   COMPRESSED   0x00000008   Data   RW         5345    .data               STemWin540_CM4_OS_Keil_ot.lib(gui_selectlayer.o)
    0x20000288   COMPRESSED   0x00000004   Data   RW         5359    .data               STemWin540_CM4_OS_Keil_ot.lib(gui_time.o)
    0x2000028c   COMPRESSED   0x00000008   Data   RW         5371    .data               STemWin540_CM4_OS_Keil_ot.lib(guicc_m565.o)
    0x20000294   COMPRESSED   0x00000008   Data   RW         5384    .data               STemWin540_CM4_OS_Keil_ot.lib(guicc_m888.o)
    0x2000029c   COMPRESSED   0x00000004   Data   RW         5410    .data               STemWin540_CM4_OS_Keil_ot.lib(lcd.o)
    0x200002a0   COMPRESSED   0x00000014   Data   RW         5439    .data               STemWin540_CM4_OS_Keil_ot.lib(lcd_color.o)
    0x200002b4   COMPRESSED   0x00000008   Data   RW         5489    .data               STemWin540_CM4_OS_Keil_ot.lib(lcd_getex.o)
    0x200002bc   COMPRESSED   0x00000068   Data   RW         6106    .data               STemWin540_CM4_OS_Keil_ot.lib(wm.o)
    0x20000324   COMPRESSED   0x00000001   Data   RW         6107    .data               STemWin540_CM4_OS_Keil_ot.lib(wm.o)
    0x20000325   COMPRESSED   0x00000003   PAD
    0x20000328   COMPRESSED   0x00000018   Data   RW         6371    .data               STemWin540_CM4_OS_Keil_ot.lib(gui__managecache.o)
    0x20000340   COMPRESSED   0x00000004   Data   RW         6396    .data               STemWin540_CM4_OS_Keil_ot.lib(gui__private.o)
    0x20000344   COMPRESSED   0x00000004   Data   RW         6397    .data               STemWin540_CM4_OS_Keil_ot.lib(gui__private.o)
    0x20000348   COMPRESSED   0x00000004   Data   RW         6458    .data               STemWin540_CM4_OS_Keil_ot.lib(gui_charline.o)
    0x2000034c   COMPRESSED   0x00000010   Data   RW         6499    .data               STemWin540_CM4_OS_Keil_ot.lib(gui_onkey.o)
    0x2000035c   COMPRESSED   0x0000001c   Data   RW         6516    .data               STemWin540_CM4_OS_Keil_ot.lib(gui_task.o)
    0x20000378   COMPRESSED   0x0000000c   Data   RW         6557    .data               STemWin540_CM4_OS_Keil_ot.lib(gui_waitevent.o)
    0x20000384   COMPRESSED   0x00000004   Data   RW         6762    .data               STemWin540_CM4_OS_Keil_ot.lib(guidev_banding.o)
    0x20000388   COMPRESSED   0x00000001   Data   RW         6774    .data               STemWin540_CM4_OS_Keil_ot.lib(guidev_staticdevices.o)
    0x20000389   COMPRESSED   0x00000003   PAD
    0x2000038c   COMPRESSED   0x00000004   Data   RW         6805    .data               STemWin540_CM4_OS_Keil_ot.lib(wm__private.o)
    0x20000390   COMPRESSED   0x00000014   Data   RW         6848    .data               STemWin540_CM4_OS_Keil_ot.lib(wm_touch.o)
    0x200003a4   COMPRESSED   0x00000014   Data   RW         6959    .data               STemWin540_CM4_OS_Keil_ot.lib(gui_timer.o)
    0x200003b8   COMPRESSED   0x00000018   Data   RW         7225    .data               STemWin540_CM4_OS_Keil_ot.lib(lcd_aa.o)
    0x200003d0   COMPRESSED   0x00000004   Data   RW         7566    .data               mc_w.l(stdout.o)
    0x200003d4   COMPRESSED   0x00000004   Data   RW         7571    .data               mc_w.l(mvars.o)
    0x200003d8   COMPRESSED   0x00000004   Data   RW         7572    .data               mc_w.l(mvars.o)
    0x200003dc        -       0x0000000c   Zero   RW         2201    .bss                stm32f429i_discovery_ioe.o
    0x200003e8        -       0x000000f0   Zero   RW         2898    .bss                main.o
    0x200004d8        -       0x00001800   Zero   RW         3015    .bss                board.o
    0x20001cd8        -       0x00002d00   Zero   RW         3148    .bss                guidrv_stm32f429i_discovery.o
    0x200049d8        -       0x00000188   Zero   RW         3784    .bss                idle.o
    0x20004b60        -       0x00000080   Zero   RW         4127    .bss                kservice.o
    0x20004be0        -       0x00000020   Zero   RW         4285    .bss                mem.o
    0x20004c00        -       0x00000100   Zero   RW         4466    .bss                scheduler.o
    0x20004d00        -       0x000000cc   Zero   RW         4976    .bss                STemWin540_CM4_OS_Keil_ot.lib(gui_alloc.o)
    0x20004dcc        -       0x00000070   Zero   RW         5204    .bss                STemWin540_CM4_OS_Keil_ot.lib(gui_core.o)
    0x20004e3c        -       0x00000048   Zero   RW         5326    .bss                STemWin540_CM4_OS_Keil_ot.lib(gui_pid.o)
    0x20004e84        -       0x00000018   Zero   RW         6104    .bss                STemWin540_CM4_OS_Keil_ot.lib(wm.o)
    0x20004e9c        -       0x00000058   Zero   RW         6498    .bss                STemWin540_CM4_OS_Keil_ot.lib(gui_onkey.o)
    0x20004ef4        -       0x00000048   Zero   RW         6847    .bss                STemWin540_CM4_OS_Keil_ot.lib(wm_touch.o)
    0x20004f3c        -       0x00000040   Zero   RW         6874    .bss                STemWin540_CM4_OS_Keil_ot.lib(gui_cursor.o)
    0x20004f7c        -       0x00000018   Zero   RW         7041    .bss                STemWin540_CM4_OS_Keil_ot.lib(wm_pid__getprevstate.o)
    0x20004f94   COMPRESSED   0x00000004   PAD
    0x20004f98        -       0x00000400   Zero   RW            1    STACK               startup_stm32f429_439xx.o


    Execution Region RW_IRAM2 (Exec base: 0xd0300000, Load base: 0x08013bdc, Size: 0x00001400, Max: 0x00200000, ABSOLUTE, COMPRESSED[0x0000002c])

    Exec Addr    Load Addr    Size         Type   Attr      Idx    E Section Name        Object

    0xd0300000   COMPRESSED   0x00001400   Data   RW         2899    EXRAM               main.o


    Execution Region RW_IRAM4 (Exec base: 0xd0500000, Load base: 0x08013c08, Size: 0x00300000, Max: 0x00300000, ABSOLUTE)

    Exec Addr    Load Addr    Size         Type   Attr      Idx    E Section Name        Object

    0xd0500000        -       0x00300000   Zero   RW            2    HEAP                startup_stm32f429_439xx.o


==============================================================================

Image component sizes


      Code (inc. data)   RO Data    RW Data    ZI Data      Debug   Object Name

       256         30          0          0       6144      30015   board.o
        60         12          0          4          0       1165   clock.o
       190         30         16          0          0       5864   components.o
       308         26          0          0          0        820   context_rvds.o
       628        342          0         16          0       4170   cpuport.o
         0          0          0          4          0        206   delay.o
       288        130          0         17          0       4261   gui_x_os.o
        60         26          0          0          0       1059   guiconf.o
      4050        506          0         40      11520      62223   guidrv_stm32f429i_discovery.o
       252         34          0          0        392       5666   idle.o
       500         12          0          0          0       9269   ipc.o
       104         20          0          9          0       1702   irq.o
      1696        164        290          0        128       8804   kservice.o
      1682         68          0          0          0       7288   lcd_rgb.o
       162         52          0       5120        240       8375   main.o
      1008        234          0         32         32       4020   mem.o
       394         26          0        116          0       8568   object.o
       462        118          0          0          0       2226   redraw.o
       554         90          0         28        256       8474   scheduler.o
       856         28          0          0          0       3325   sdram.o
        44         12        428          0    3146752        960   startup_stm32f429_439xx.o
       176         38          0         17          0       2865   stm32f429i_discovery_i2c_ee.o
      2196        116          0         21         12      69877   stm32f429i_discovery_ioe.o
       142         28          0          0          0       3418   stm32f4xx_dma.o
       452         20          0          0          0       3851   stm32f4xx_fmc.o
       232          0          0          0          0       3879   stm32f4xx_gpio.o
       560         28          0          0          0       8404   stm32f4xx_i2c.o
        36          0          0          0          0       4094   stm32f4xx_it.o
       874         42          0          0          0       7124   stm32f4xx_ltdc.o
       548         76          0         16          0       9456   stm32f4xx_rcc.o
       282         24          0          0          0       3973   stm32f4xx_spi.o
       270          8          0          0          0       3624   stm32f4xx_usart.o
       392         32          0         20          0     324465   system_stm32f4xx.o
       848         54          0         12          0      12702   thread.o
       820         36          0         20          0      11401   timer.o
       192         12          0          0          0       3273   usart.o

    ----------------------------------------------------------------------
     21608       2474        800       5504    3165476     650866   Object Totals
         0          0         64          0          0          0   (incl. Generated)
        34          0          2         12          0          0   (incl. Padding)

    ----------------------------------------------------------------------

      Code (inc. data)   RO Data    RW Data    ZI Data      Debug   Library Member Name

         0          0       2720          0          0          0   f16_ascii.o
         0          0       2696          0          0          0   f16b_ascii.o
         0          0       4792          0          0          0   f24_ascii.o
         0          0       1816          0          0          0   f6x8.o
       144          6          0          0          0        140   gui_2dlib.o
       966         64          0         48          0       1160   gui__alpha.o
       818          0          0          0          0        396   gui__compactpixelindices.o
         0          0        880          0          0          0   gui__divtbl.o
       356          0          0          0          0        172   gui__expandpixelindices.o
       252         14          0         24          0        252   gui__managecache.o
       360          0          0          8          0        412   gui__private.o
      2150        112          0          0        204       2416   gui_alloc.o
       168         20          0          0          0        500   gui_char.o
       670         34          0          4          0        548   gui_charline.o
       398         10          0          0          0        492   gui_charm.o
       378         10          0          0          0        532   gui_charp.o
      1086         84          0          0          0       2616   gui_common.o
       712         86          8        115        112       1028   gui_core.o
       116          6          0          0         64        136   gui_cursor.o
       636         38          0          0          0        992   gui_device.o
       372         16          0          0          0        424   gui_dispstring.o
       448         90          0         44          0        632   gui_multibuf.o
        84         20          0         16         88        240   gui_onkey.o
       344         54          0         24         72        500   gui_pid.o
       148         14          0          8          0        500   gui_selectlayer.o
        40          6          0          0          0        124   gui_setalpha.o
      2018         24          0          0          0        732   gui_sprite.o
       496         46          0         28          0        632   gui_task.o
       116          8          0          4          0        136   gui_time.o
       330          8          0         20          0        528   gui_timer.o
        88         12          0          0          0        264   gui_uc.o
        18          0         16          0          0        464   gui_uc_encodenone.o
        16          4          0         12          0        116   gui_waitevent.o
       224          0         24          0          0        388   guicc_0.o
       182          0         24          0          0        384   guicc_16.o
       228         34         24          0          0        636   guicc_1616i.o
       236         20         24          0          0        348   guicc_8666.o
       194         18         24          0          0        636   guicc_88666i.o
       158          0         24          0          0        504   guicc_8888.o
         2          0          0          0          0        116   guicc_8888_index2color.o
         2          0          0          0          0        116   guicc_888_index2color.o
       478         30         24          8          0        792   guicc_m1555i.o
       454         30         24          8          0        792   guicc_m4444i.o
       426         48         24          8          0        792   guicc_m565.o
       282         14         24          8          0        660   guicc_m888.o
       348         12         24          8          0        676   guicc_m8888i.o
        30          0          0          0          0        116   guicc_m8888i_index2color.o
        20          0          0          0          0        116   guicc_m888_index2color.o
       912         40          0          0          0       1092   guidev.o
      3032         60        116          0          0       1592   guidev_32.o
       352         12          0          4          0        152   guidev_banding.o
        76          4          0          0          0        136   guidev_clear.o
        38          0          0          0          0        128   guidev_getdataptr.o
        52          6          0          0          0        128   guidev_getysize.o
        60          4          0          0          0        128   guidev_reduceysize.o
       112          6          0          0          0        140   guidev_setorg.o
       384         26          0          1          0        168   guidev_staticdevices.o
        86          0          0          0          0        260   guidev_usage.o
       472          4         24          0          0        752   guidev_usagebm.o
       100          0          0          0          0        140   guidev_write.o
       432         14          0          0          0        168   guidev_writetoactivealpha.o
      2076         14          8          0          0        168   guidev_writetoactiveopaque.o
      3614        158         52          0          0       3840   guidrv_lin_32.o
      2096        148         12          4          0       2368   lcd.o
       100         14          0         24          0        240   lcd_aa.o
       448         44          0         20          0        652   lcd_color.o
        32         12          0          0          0        232   lcd_getcolorindex.o
       836         54          0          8          0       2988   lcd_getex.o
        28          0          0          0          0        128   lcd_getnumdisplays.o
         0          0        256          0          0          0   lcd_mirror.o
       672         20          0          0          0        332   lcd_readrect.o
        72         10          0          0          0        128   lcd_selectlcd.o
       304          0          0          0          0        920   lcd_set.o
        52         10          0          0          0        132   lcd_setcliprectex.o
        36          4          0          0          0        128   lcd_updatecolorindices.o
      6374        240          0        105         24       4964   wm.o
       636         22          0          4          0       1304   wm__private.o
       916         26          0          0          0       1952   wm_lib.o
       408          0          0          0          0        436   wm_move.o
       160         26          8          0          0        380   wm_multibuf.o
        28          4          0          0         24        116   wm_pid__getprevstate.o
       284          6          0          0          0        272   wm_screen2win.o
        56          8          0          0          0        140   wm_setcapture.o
       122          0          0          0          0        136   wm_timer.o
      1240         44          0         20         72        300   wm_touch.o
        86          0          0          0          0          0   __dczerorl2.o
         0          0          0          0          0          0   entry.o
         0          0          0          0          0          0   entry10a.o
         0          0          0          0          0          0   entry11a.o
         8          4          0          0          0          0   entry2.o
         4          0          0          0          0          0   entry5.o
         0          0          0          0          0          0   entry7b.o
         0          0          0          0          0          0   entry8b.o
         8          4          0          0          0          0   entry9a.o
        30          0          0          0          0          0   handlers.o
        36          8          0          0          0         68   init.o
       108         16          0          0          0         84   malloc.o
        66          0          0          0          0         76   memmove.o
        36          0          0          0          0        108   memseta.o
         0          0          0          8          0          0   mvars.o
       372         14          0          0          0        184   printf1.o
         0          0          0          4          0          0   stdout.o
        44          0          0          0          0         80   uidiv.o

    ----------------------------------------------------------------------
     44584       2078      13668        604        664      51996   Library Totals
        96          0          0          7          4          0   (incl. Padding)

    ----------------------------------------------------------------------

      Code (inc. data)   RO Data    RW Data    ZI Data      Debug   Library Name

     43690       2032      13668        585        660      51396   STemWin540_CM4_OS_Keil_ot.lib
       798         46          0         12          0        600   mc_w.l

    ----------------------------------------------------------------------
     44584       2078      13668        604        664      51996   Library Totals

    ----------------------------------------------------------------------

==============================================================================


      Code (inc. data)   RO Data    RW Data    ZI Data      Debug   

     66192       4552      14468       6108    3166140     639238   Grand Totals
     66192       4552      14468        244    3166140     639238   ELF Image Totals (compressed)
     66192       4552      14468        244          0          0   ROM Totals

==============================================================================

    Total RO  Size (Code + RO Data)                80660 (  78.77kB)
    Total RW  Size (RW Data + ZI Data)           3172248 (3097.90kB)
    Total ROM Size (Code + RO Data + RW Data)      80904 (  79.01kB)

==============================================================================

