<html>
<body>
<pre>
<h1>µVision Build Log</h1>
<h2>Tool Versions:</h2>
IDE-Version: ¶ÃVision V5.25.2.0
Copyright (C) 2018 ARM Ltd and ARM Germany GmbH. All rights reserved.
License Information: hou jun, YXCF, LIC=DSNMM-XE7ZI-VHD87-E7UL9-XLR2M-0JC9M
 
Tool Versions:
Toolchain:       MDK-ARM Professional  Version: 5.25.2.0
Toolchain Path:  D:\KEIL\ARM\ARMCC\Bin
C Compiler:      Armcc.exe V5.06 update 6 (build 750)
Assembler:       Armasm.exe V5.06 update 6 (build 750)
Linker/Locator:  ArmLink.exe V5.06 update 6 (build 750)
Library Manager: ArmAr.exe V5.06 update 6 (build 750)
Hex Converter:   FromElf.exe V5.06 update 6 (build 750)
CPU DLL:         SARMCM3.DLL V5.25.2.0
Dialog DLL:      DCM.DLL V1.17.1.0
Target DLL:      STLink\ST-LINKIII-KEIL_SWO.dll V3.0.1.0
Dialog DLL:      TCM.DLL V1.35.1.0
 
<h2>Project:</h2>
G:\GitHub\demo\STM32F429Discovery\Project\STM32F429.uvprojx
Project File Date:  06/01/2019

<h2>Output:</h2>
*** Using Compiler 'V5.06 update 6 (build 750)', folder: 'D:\KEIL\ARM\ARMCC\Bin'
*** Note: Rebuilding project, since 'Options->Output->Create Batch File' is selected.
Rebuild target 'Project'
assembling startup_stm32f429_439xx.s...
compiling system_stm32f4xx.c...
compiling misc.c...
compiling stm32f4xx_gpio.c...
compiling stm32f4xx_dma2d.c...
compiling stm32f4xx_exti.c...
compiling stm32f4xx_syscfg.c...
compiling stm32f4xx_rcc.c...
compiling stm32f4xx_i2c.c...
compiling stm32f4xx_dma.c...
compiling stm32f4xx_fmc.c...
compiling stm32f4xx_usart.c...
compiling stm32f4xx_ltdc.c...
compiling stm32f4xx_spi.c...
compiling stm32f4xx_rtc.c...
compiling stm32f4xx_pwr.c...
compiling stm32f4xx_tim.c...
compiling stm32f429i_discovery.c...
compiling stm32f429i_discovery_i2c_ee.c...
compiling stm32f429i_discovery_ioe.c...
compiling stm32f429i_discovery_l3gd20.c...
compiling usart.c...
compiling delay.c...
compiling lcd_rgb.c...
compiling sdram.c...
compiling CPUusage.c...
compiling getThreadInfo.c...
compiling kernellog.c...
compiling rtc.c...
compiling dht11.c...
compiling ds18b20.c...
compiling gpio.c...
compiling esp8266.c...
..\Driver\Esp8266\esp8266.c(246): warning:  #550-D: variable "temp2"  was set but never used
        char *temp2;
..\Driver\Esp8266\esp8266.c: 1 warning, 0 errors
compiling timer.c...
compiling stm32f4xx_it.c...
compiling main.c...
..\User\main.c(289): warning:  #550-D: variable "tempL"  was set but never used
                                char date[8],wea[3],TEMPH[3],TEMPL[3],tempL,tempH;
..\User\main.c(289): warning:  #550-D: variable "tempH"  was set but never used
                                char date[8],wea[3],TEMPH[3],TEMPL[3],tempL,tempH;
..\User\main.c: 2 warnings, 0 errors
compiling board.c...
compiling GUI_X_OS.c...
compiling GUIConf.c...
compiling GUIDRV_stm32f429i_discovery.c...
compiling background.c...
compiling buttonuser.c...
compiling calender.c...
compiling iconbitmap.c...
compiling iconviewdemo.c...
compiling sys_startup.c...
compiling systemrec.c...
compiling systemset.c...
..\STemwin\APP\systemset.c(57): warning:  #177-D: variable "str"  was declared but never referenced
    char str[40];
..\STemwin\APP\systemset.c: 1 warning, 0 errors
compiling temperature.c...
..\STemwin\APP\temperature.c(253): warning:  #550-D: variable "hTimerTime"  was set but never used
        static WM_HTIMER hTimerTime; 
..\STemwin\APP\temperature.c: 1 warning, 0 errors
compiling hum.c...
..\STemwin\APP\hum.c(81): warning:  #192-D: unrecognized character escape sequence
                        sprintf((char *)DHT11,"%d \%RH %d °„C",DHT11_humidity,DHT11_temperature);
..\STemwin\APP\hum.c(81): warning:  #181-D: argument is incompatible with corresponding format string conversion
                        sprintf((char *)DHT11,"%d \%RH %d °„C",DHT11_humidity,DHT11_temperature);
..\STemwin\APP\hum.c(81): warning:  #224-D: the format string requires additional arguments
                        sprintf((char *)DHT11,"%d \%RH %d °„C",DHT11_humidity,DHT11_temperature);
..\STemwin\APP\hum.c(101): warning:  #550-D: variable "hTimerTime"  was set but never used
        static WM_HTIMER hTimerTime; 
..\STemwin\APP\hum.c: 4 warnings, 0 errors
compiling switch.c...
compiling clock.c...
compiling components.c...
compiling device.c...
compiling idle.c...
compiling ipc.c...
compiling irq.c...
compiling kservice.c...
compiling mem.c...
compiling memheap.c...
compiling mempool.c...
compiling object.c...
compiling scheduler.c...
compiling signal.c...
compiling thread.c...
compiling timer.c...
assembling context_rvds.S...
compiling cpuport.c...
compiling adler32.c...
compiling compress.c...
compiling crc32.c...
compiling deflate.c...
compiling GUI_PNG.c...
compiling IMAGE_PNG.c...
compiling infback.c...
compiling inffast.c...
compiling inflate.c...
compiling inftrees.c...
compiling png.c...
compiling pngerror.c...
compiling pngget.c...
compiling pngmem.c...
compiling pngpread.c...
compiling pngread.c...
compiling pngrio.c...
compiling pngrtran.c...
compiling pngrutil.c...
compiling pngset.c...
compiling pngtrans.c...
compiling pngwio.c...
compiling pngwrite.c...
compiling pngwtran.c...
compiling pngwutil.c...
compiling trees.c...
compiling uncompr.c...
compiling zutil.c...
linking...
Program Size: Code=272552 RO-data=840640 RW-data=4210716 ZI-data=1063876  
FromELF: creating hex file...
"..\Output\STM32F429.axf" - 0 Error(s), 9 Warning(s).

<h2>Software Packages used:</h2>

Package Vendor: Keil
                http://www.keil.com/pack/Keil.STM32F4xx_DFP.2.5.0.pack
                Keil.STM32F4xx_DFP.2.5.0
                STMicroelectronics STM32F4 Series Device Support, Drivers and Examples

<h2>Collection of Component include folders:</h2>
  .\RTE\_Project
  D:\KEIL\ARM\PACK\Keil\STM32F4xx_DFP\2.5.0\Drivers\CMSIS\Device\ST\STM32F4xx\Include

<h2>Collection of Component Files used:</h2>
Build Time Elapsed:  00:01:16
</pre>
</body>
</html>
